armv8-a clang 23.1.0
-O3 -std=c++17 -mcpu=neoverse-v2


[0] Code Region - mrc4_sve_fcmla

Iterations:        100
Instructions:      2600
Total Cycles:      504
Total uOps:        2800

Dispatch Width:    6
uOps Per Cycle:    5.56
IPC:               5.16
Block RThroughput: 4.7


Instruction Info:
[1]: #uOps
[2]: Latency
[3]: RThroughput
[4]: MayLoad
[5]: MayStore
[6]: HasSideEffects (U)

[1]    [2]    [3]    [4]    [5]    [6]    Instructions:
 1      1     0.17                        lsl	x8, x8, #1
 1      1     0.50                        cbz	x8, .LBB0_3
 1      4     0.33    *                   ldr	x10, [sp]
 1      0     0.17                        mov	x9, xzr
 2      3     1.00                        whilelo	p0.s, x9, x8
 1      0     0.17                        movi	v2.2d, #0000000000000000
 1      6     0.33    *                   ld1w	{ z0.s }, p0/z, [x0, x9, lsl #2]
 1      6     0.33    *                   ld1w	{ z1.s }, p0/z, [x4, x9, lsl #2]
 1      5     0.25                        fcmla	z2.s, p0/m, z1.s, z0.s, #0
 1      5     0.25                        fcmla	z2.s, p0/m, z1.s, z0.s, #270
 1      6     0.33    *                   ld1w	{ z0.s }, p0/z, [x1, x9, lsl #2]
 1      6     0.33    *                   ld1w	{ z1.s }, p0/z, [x5, x9, lsl #2]
 1      5     0.25                        fcmla	z2.s, p0/m, z1.s, z0.s, #0
 1      5     0.25                        fcmla	z2.s, p0/m, z1.s, z0.s, #270
 1      6     0.33    *                   ld1w	{ z0.s }, p0/z, [x2, x9, lsl #2]
 1      6     0.33    *                   ld1w	{ z1.s }, p0/z, [x6, x9, lsl #2]
 1      5     0.25                        fcmla	z2.s, p0/m, z1.s, z0.s, #0
 1      5     0.25                        fcmla	z2.s, p0/m, z1.s, z0.s, #270
 1      6     0.33    *                   ld1w	{ z0.s }, p0/z, [x3, x9, lsl #2]
 1      6     0.33    *                   ld1w	{ z1.s }, p0/z, [x7, x9, lsl #2]
 1      5     0.25                        fcmla	z2.s, p0/m, z1.s, z0.s, #0
 1      5     0.25                        fcmla	z2.s, p0/m, z1.s, z0.s, #270
 2      2     0.50           *            st1w	{ z2.s }, p0, [x10, x9, lsl #2]
 1      1     0.25                        incw	x9
 1      1     0.33                        cmp	x9, x8
 1      1     0.50                        b.lo	.LBB0_2


Resources:
[0.0] - V2UnitB
[0.1] - V2UnitB
[1.0] - V2UnitD
[1.1] - V2UnitD
[2.0] - V2UnitFlg
[2.1] - V2UnitFlg
[2.2] - V2UnitFlg
[3]   - V2UnitL2
[4.0] - V2UnitL01
[4.1] - V2UnitL01
[5]   - V2UnitM0
[6]   - V2UnitM1
[7]   - V2UnitS0
[8]   - V2UnitS1
[9]   - V2UnitS2
[10]  - V2UnitS3
[11]  - V2UnitV0
[12]  - V2UnitV1
[13]  - V2UnitV2
[14]  - V2UnitV3


Resource pressure per iteration:
[0.0]  [0.1]  [1.0]  [1.1]  [2.0]  [2.1]  [2.2]  [3]    [4.0]  [4.1]  [5]    [6]    [7]    [8]    [9]    [10]   [11]   [12]   [13]   [14]   
1.00   1.00    -      -     0.33   0.33   0.34   3.00   3.50   3.50   1.00   1.50   0.75   0.75   0.50   0.50   2.25   2.25   2.25   2.25   

Resource pressure by instruction:
[0.0]  [0.1]  [1.0]  [1.1]  [2.0]  [2.1]  [2.2]  [3]    [4.0]  [4.1]  [5]    [6]    [7]    [8]    [9]    [10]   [11]   [12]   [13]   [14]   Instructions:
 -      -      -      -      -      -      -      -      -      -      -      -      -      -     0.50   0.50    -      -      -      -     lsl	x8, x8, #1
0.50   0.50    -      -      -      -      -      -      -      -      -      -      -      -      -      -      -      -      -      -     cbz	x8, .LBB0_3
 -      -      -      -      -      -      -     0.05   0.47   0.48    -      -      -      -      -      -      -      -      -      -     ldr	x10, [sp]
 -      -      -      -      -      -      -      -      -      -      -      -      -      -      -      -      -      -      -      -     mov	x9, xzr
 -      -      -      -      -      -      -      -      -      -     0.50   1.50    -      -      -      -      -      -      -      -     whilelo	p0.s, x9, x8
 -      -      -      -      -      -      -      -      -      -      -      -      -      -      -      -      -      -      -      -     movi	v2.2d, #0000000000000000
 -      -      -      -      -      -      -      -     0.53   0.47    -      -      -      -      -      -      -      -      -      -     ld1w	{ z0.s }, p0/z, [x0, x9, lsl #2]
 -      -      -      -      -      -      -      -     0.47   0.53    -      -      -      -      -      -      -      -      -      -     ld1w	{ z1.s }, p0/z, [x4, x9, lsl #2]
 -      -      -      -      -      -      -      -      -      -      -      -      -      -      -      -     0.25   0.24   0.49   0.02   fcmla	z2.s, p0/m, z1.s, z0.s, #0
 -      -      -      -      -      -      -      -      -      -      -      -      -      -      -      -     0.01   0.24   0.50   0.25   fcmla	z2.s, p0/m, z1.s, z0.s, #270
 -      -      -      -      -      -      -     1.00    -      -      -      -      -      -      -      -      -      -      -      -     ld1w	{ z0.s }, p0/z, [x1, x9, lsl #2]
 -      -      -      -      -      -      -      -     0.76   0.24    -      -      -      -      -      -      -      -      -      -     ld1w	{ z1.s }, p0/z, [x5, x9, lsl #2]
 -      -      -      -      -      -      -      -      -      -      -      -      -      -      -      -     0.26   0.02   0.48   0.24   fcmla	z2.s, p0/m, z1.s, z0.s, #0
 -      -      -      -      -      -      -      -      -      -      -      -      -      -      -      -     0.24   0.26   0.25   0.25   fcmla	z2.s, p0/m, z1.s, z0.s, #270
 -      -      -      -      -      -      -     0.71    -     0.29    -      -      -      -      -      -      -      -      -      -     ld1w	{ z0.s }, p0/z, [x2, x9, lsl #2]
 -      -      -      -      -      -      -     0.29   0.24   0.47    -      -      -      -      -      -      -      -      -      -     ld1w	{ z1.s }, p0/z, [x6, x9, lsl #2]
 -      -      -      -      -      -      -      -      -      -      -      -      -      -      -      -     0.24   0.25   0.26   0.25   fcmla	z2.s, p0/m, z1.s, z0.s, #0
 -      -      -      -      -      -      -      -      -      -      -      -      -      -      -      -     0.25    -     0.01   0.74   fcmla	z2.s, p0/m, z1.s, z0.s, #270
 -      -      -      -      -      -      -      -     0.52   0.48    -      -      -      -      -      -      -      -      -      -     ld1w	{ z0.s }, p0/z, [x3, x9, lsl #2]
 -      -      -      -      -      -      -     0.95    -     0.05    -      -      -      -      -      -      -      -      -      -     ld1w	{ z1.s }, p0/z, [x7, x9, lsl #2]
 -      -      -      -      -      -      -      -      -      -      -      -      -      -      -      -     0.50   0.24    -     0.26   fcmla	z2.s, p0/m, z1.s, z0.s, #0
 -      -      -      -      -      -      -      -      -      -      -      -      -      -      -      -     0.25   0.25   0.26   0.24   fcmla	z2.s, p0/m, z1.s, z0.s, #270
 -      -      -      -      -      -      -      -     0.51   0.49    -      -      -      -      -      -     0.25   0.75    -      -     st1w	{ z2.s }, p0, [x10, x9, lsl #2]
 -      -      -      -      -      -      -      -      -      -     0.25    -     0.25   0.50    -      -      -      -      -      -     incw	x9
 -      -      -      -     0.33   0.33   0.34    -      -      -     0.25    -     0.50   0.25    -      -      -      -      -      -     cmp	x9, x8
0.50   0.50    -      -      -      -      -      -      -      -      -      -      -      -      -      -      -      -      -      -     b.lo	.LBB0_2


Timeline view:
                    0123456789          0123456789          0123456789          012345
Index     0123456789          0123456789          0123456789          0123456789      

[0,0]     DeER .    .    .    .    .    .    .    .    .    .    .    .    .    .    .   lsl	x8, x8, #1
[0,1]     D=eER.    .    .    .    .    .    .    .    .    .    .    .    .    .    .   cbz	x8, .LBB0_3
[0,2]     DeeeeER   .    .    .    .    .    .    .    .    .    .    .    .    .    .   ldr	x10, [sp]
[0,3]     D-----R   .    .    .    .    .    .    .    .    .    .    .    .    .    .   mov	x9, xzr
[0,4]     D=eeeER   .    .    .    .    .    .    .    .    .    .    .    .    .    .   whilelo	p0.s, x9, x8
[0,5]     .D----R   .    .    .    .    .    .    .    .    .    .    .    .    .    .   movi	v2.2d, #0000000000000000
[0,6]     .D===eeeeeeER  .    .    .    .    .    .    .    .    .    .    .    .    .   ld1w	{ z0.s }, p0/z, [x0, x9, lsl #2]
[0,7]     .D===eeeeeeER  .    .    .    .    .    .    .    .    .    .    .    .    .   ld1w	{ z1.s }, p0/z, [x4, x9, lsl #2]
[0,8]     .D=========eeeeeER  .    .    .    .    .    .    .    .    .    .    .    .   fcmla	z2.s, p0/m, z1.s, z0.s, #0
[0,9]     .D===========eeeeeER.    .    .    .    .    .    .    .    .    .    .    .   fcmla	z2.s, p0/m, z1.s, z0.s, #270
[0,10]    .D===eeeeeeE-------R.    .    .    .    .    .    .    .    .    .    .    .   ld1w	{ z0.s }, p0/z, [x1, x9, lsl #2]
[0,11]    . D===eeeeeeE------R.    .    .    .    .    .    .    .    .    .    .    .   ld1w	{ z1.s }, p0/z, [x5, x9, lsl #2]
[0,12]    . D============eeeeeER   .    .    .    .    .    .    .    .    .    .    .   fcmla	z2.s, p0/m, z1.s, z0.s, #0
[0,13]    . D==============eeeeeER .    .    .    .    .    .    .    .    .    .    .   fcmla	z2.s, p0/m, z1.s, z0.s, #270
[0,14]    . D===eeeeeeE----------R .    .    .    .    .    .    .    .    .    .    .   ld1w	{ z0.s }, p0/z, [x2, x9, lsl #2]
[0,15]    . D===eeeeeeE----------R .    .    .    .    .    .    .    .    .    .    .   ld1w	{ z1.s }, p0/z, [x6, x9, lsl #2]
[0,16]    . D================eeeeeER    .    .    .    .    .    .    .    .    .    .   fcmla	z2.s, p0/m, z1.s, z0.s, #0
[0,17]    .  D=================eeeeeER  .    .    .    .    .    .    .    .    .    .   fcmla	z2.s, p0/m, z1.s, z0.s, #270
[0,18]    .  D===eeeeeeE-------------R  .    .    .    .    .    .    .    .    .    .   ld1w	{ z0.s }, p0/z, [x3, x9, lsl #2]
[0,19]    .  D===eeeeeeE-------------R  .    .    .    .    .    .    .    .    .    .   ld1w	{ z1.s }, p0/z, [x7, x9, lsl #2]
[0,20]    .  D===================eeeeeER.    .    .    .    .    .    .    .    .    .   fcmla	z2.s, p0/m, z1.s, z0.s, #0
[0,21]    .  D=====================eeeeeER   .    .    .    .    .    .    .    .    .   fcmla	z2.s, p0/m, z1.s, z0.s, #270
[0,22]    .   D=========================eeER .    .    .    .    .    .    .    .    .   st1w	{ z2.s }, p0, [x10, x9, lsl #2]
[0,23]    .   DeE--------------------------R .    .    .    .    .    .    .    .    .   incw	x9
[0,24]    .   D=eE-------------------------R .    .    .    .    .    .    .    .    .   cmp	x9, x8
[0,25]    .   D==eE------------------------R .    .    .    .    .    .    .    .    .   b.lo	.LBB0_2
[1,0]     .   DeE--------------------------R .    .    .    .    .    .    .    .    .   lsl	x8, x8, #1
[1,1]     .    DeE-------------------------R .    .    .    .    .    .    .    .    .   cbz	x8, .LBB0_3
[1,2]     .    D=eeeeE---------------------R .    .    .    .    .    .    .    .    .   ldr	x10, [sp]
[1,3]     .    D---------------------------R .    .    .    .    .    .    .    .    .   mov	x9, xzr
[1,4]     .    DeeeE-----------------------R .    .    .    .    .    .    .    .    .   whilelo	p0.s, x9, x8
[1,5]     .    D---------------------------R .    .    .    .    .    .    .    .    .   movi	v2.2d, #0000000000000000
[1,6]     .    .D==eeeeeeE-----------------R .    .    .    .    .    .    .    .    .   ld1w	{ z0.s }, p0/z, [x0, x9, lsl #2]
[1,7]     .    .D==eeeeeeE-----------------R .    .    .    .    .    .    .    .    .   ld1w	{ z1.s }, p0/z, [x4, x9, lsl #2]
[1,8]     .    .D========eeeeeE------------R .    .    .    .    .    .    .    .    .   fcmla	z2.s, p0/m, z1.s, z0.s, #0
[1,9]     .    .D==========eeeeeE----------R .    .    .    .    .    .    .    .    .   fcmla	z2.s, p0/m, z1.s, z0.s, #270
[1,10]    .    .D==eeeeeeE-----------------R .    .    .    .    .    .    .    .    .   ld1w	{ z0.s }, p0/z, [x1, x9, lsl #2]
[1,11]    .    .D===eeeeeeE----------------R .    .    .    .    .    .    .    .    .   ld1w	{ z1.s }, p0/z, [x5, x9, lsl #2]
[1,12]    .    . D===========eeeeeE--------R .    .    .    .    .    .    .    .    .   fcmla	z2.s, p0/m, z1.s, z0.s, #0
[1,13]    .    . D=============eeeeeE------R .    .    .    .    .    .    .    .    .   fcmla	z2.s, p0/m, z1.s, z0.s, #270
[1,14]    .    . D==eeeeeeE----------------R .    .    .    .    .    .    .    .    .   ld1w	{ z0.s }, p0/z, [x2, x9, lsl #2]
[1,15]    .    . D==eeeeeeE----------------R .    .    .    .    .    .    .    .    .   ld1w	{ z1.s }, p0/z, [x6, x9, lsl #2]
[1,16]    .    . D===============eeeeeE----R .    .    .    .    .    .    .    .    .   fcmla	z2.s, p0/m, z1.s, z0.s, #0
[1,17]    .    . D=================eeeeeE--R .    .    .    .    .    .    .    .    .   fcmla	z2.s, p0/m, z1.s, z0.s, #270
[1,18]    .    .  D==eeeeeeE---------------R .    .    .    .    .    .    .    .    .   ld1w	{ z0.s }, p0/z, [x3, x9, lsl #2]
[1,19]    .    .  D==eeeeeeE---------------R .    .    .    .    .    .    .    .    .   ld1w	{ z1.s }, p0/z, [x7, x9, lsl #2]
[1,20]    .    .  D==================eeeeeER .    .    .    .    .    .    .    .    .   fcmla	z2.s, p0/m, z1.s, z0.s, #0
[1,21]    .    .  D====================eeeeeER    .    .    .    .    .    .    .    .   fcmla	z2.s, p0/m, z1.s, z0.s, #270
[1,22]    .    .  D=========================eeER  .    .    .    .    .    .    .    .   st1w	{ z2.s }, p0, [x10, x9, lsl #2]
[1,23]    .    .   DeE-------------------------R  .    .    .    .    .    .    .    .   incw	x9
[1,24]    .    .   D=eE------------------------R  .    .    .    .    .    .    .    .   cmp	x9, x8
[1,25]    .    .   D==eE-----------------------R  .    .    .    .    .    .    .    .   b.lo	.LBB0_2
[2,0]     .    .   DeE-------------------------R  .    .    .    .    .    .    .    .   lsl	x8, x8, #1
[2,1]     .    .   D=eE------------------------R  .    .    .    .    .    .    .    .   cbz	x8, .LBB0_3
[2,2]     .    .   D=eeeeE---------------------R  .    .    .    .    .    .    .    .   ldr	x10, [sp]
[2,3]     .    .    D--------------------------R  .    .    .    .    .    .    .    .   mov	x9, xzr
[2,4]     .    .    DeeeE----------------------R  .    .    .    .    .    .    .    .   whilelo	p0.s, x9, x8
[2,5]     .    .    D--------------------------R  .    .    .    .    .    .    .    .   movi	v2.2d, #0000000000000000
[2,6]     .    .    D===eeeeeeE----------------R  .    .    .    .    .    .    .    .   ld1w	{ z0.s }, p0/z, [x0, x9, lsl #2]
[2,7]     .    .    D===eeeeeeE----------------R  .    .    .    .    .    .    .    .   ld1w	{ z1.s }, p0/z, [x4, x9, lsl #2]
[2,8]     .    .    .D========eeeeeE-----------R  .    .    .    .    .    .    .    .   fcmla	z2.s, p0/m, z1.s, z0.s, #0
[2,9]     .    .    .D==========eeeeeE---------R  .    .    .    .    .    .    .    .   fcmla	z2.s, p0/m, z1.s, z0.s, #270
[2,10]    .    .    .D==eeeeeeE----------------R  .    .    .    .    .    .    .    .   ld1w	{ z0.s }, p0/z, [x1, x9, lsl #2]
[2,11]    .    .    .D===eeeeeeE---------------R  .    .    .    .    .    .    .    .   ld1w	{ z1.s }, p0/z, [x5, x9, lsl #2]
[2,12]    .    .    .D============eeeeeE-------R  .    .    .    .    .    .    .    .   fcmla	z2.s, p0/m, z1.s, z0.s, #0
[2,13]    .    .    .D==============eeeeeE-----R  .    .    .    .    .    .    .    .   fcmla	z2.s, p0/m, z1.s, z0.s, #270
[2,14]    .    .    . D==eeeeeeE---------------R  .    .    .    .    .    .    .    .   ld1w	{ z0.s }, p0/z, [x2, x9, lsl #2]
[2,15]    .    .    . D==eeeeeeE---------------R  .    .    .    .    .    .    .    .   ld1w	{ z1.s }, p0/z, [x6, x9, lsl #2]
[2,16]    .    .    . D===============eeeeeE---R  .    .    .    .    .    .    .    .   fcmla	z2.s, p0/m, z1.s, z0.s, #0
[2,17]    .    .    . D=================eeeeeE-R  .    .    .    .    .    .    .    .   fcmla	z2.s, p0/m, z1.s, z0.s, #270
[2,18]    .    .    . D===eeeeeeE--------------R  .    .    .    .    .    .    .    .   ld1w	{ z0.s }, p0/z, [x3, x9, lsl #2]
[2,19]    .    .    . D===eeeeeeE--------------R  .    .    .    .    .    .    .    .   ld1w	{ z1.s }, p0/z, [x7, x9, lsl #2]
[2,20]    .    .    .  D==================eeeeeER .    .    .    .    .    .    .    .   fcmla	z2.s, p0/m, z1.s, z0.s, #0
[2,21]    .    .    .  D====================eeeeeER    .    .    .    .    .    .    .   fcmla	z2.s, p0/m, z1.s, z0.s, #270
[2,22]    .    .    .  D=========================eeER  .    .    .    .    .    .    .   st1w	{ z2.s }, p0, [x10, x9, lsl #2]
[2,23]    .    .    .  DeE--------------------------R  .    .    .    .    .    .    .   incw	x9
[2,24]    .    .    .  D=eE-------------------------R  .    .    .    .    .    .    .   cmp	x9, x8
[2,25]    .    .    .   D=eE------------------------R  .    .    .    .    .    .    .   b.lo	.LBB0_2
[3,0]     .    .    .   DeE-------------------------R  .    .    .    .    .    .    .   lsl	x8, x8, #1
[3,1]     .    .    .   D=eE------------------------R  .    .    .    .    .    .    .   cbz	x8, .LBB0_3
[3,2]     .    .    .   D=eeeeE---------------------R  .    .    .    .    .    .    .   ldr	x10, [sp]
[3,3]     .    .    .   D---------------------------R  .    .    .    .    .    .    .   mov	x9, xzr
[3,4]     .    .    .    DeeeE----------------------R  .    .    .    .    .    .    .   whilelo	p0.s, x9, x8
[3,5]     .    .    .    D--------------------------R  .    .    .    .    .    .    .   movi	v2.2d, #0000000000000000
[3,6]     .    .    .    D===eeeeeeE----------------R  .    .    .    .    .    .    .   ld1w	{ z0.s }, p0/z, [x0, x9, lsl #2]
[3,7]     .    .    .    D===eeeeeeE----------------R  .    .    .    .    .    .    .   ld1w	{ z1.s }, p0/z, [x4, x9, lsl #2]
[3,8]     .    .    .    D=========eeeeeE-----------R  .    .    .    .    .    .    .   fcmla	z2.s, p0/m, z1.s, z0.s, #0
[3,9]     .    .    .    .D==========eeeeeE---------R  .    .    .    .    .    .    .   fcmla	z2.s, p0/m, z1.s, z0.s, #270
[3,10]    .    .    .    .D==eeeeeeE----------------R  .    .    .    .    .    .    .   ld1w	{ z0.s }, p0/z, [x1, x9, lsl #2]
[3,11]    .    .    .    .D===eeeeeeE---------------R  .    .    .    .    .    .    .   ld1w	{ z1.s }, p0/z, [x5, x9, lsl #2]
[3,12]    .    .    .    .D============eeeeeE-------R  .    .    .    .    .    .    .   fcmla	z2.s, p0/m, z1.s, z0.s, #0
[3,13]    .    .    .    .D==============eeeeeE-----R  .    .    .    .    .    .    .   fcmla	z2.s, p0/m, z1.s, z0.s, #270
[3,14]    .    .    .    .D===eeeeeeE---------------R  .    .    .    .    .    .    .   ld1w	{ z0.s }, p0/z, [x2, x9, lsl #2]
[3,15]    .    .    .    . D==eeeeeeE---------------R  .    .    .    .    .    .    .   ld1w	{ z1.s }, p0/z, [x6, x9, lsl #2]
[3,16]    .    .    .    . D===============eeeeeE---R  .    .    .    .    .    .    .   fcmla	z2.s, p0/m, z1.s, z0.s, #0
[3,17]    .    .    .    . D=================eeeeeE-R  .    .    .    .    .    .    .   fcmla	z2.s, p0/m, z1.s, z0.s, #270
[3,18]    .    .    .    . D===eeeeeeE--------------R  .    .    .    .    .    .    .   ld1w	{ z0.s }, p0/z, [x3, x9, lsl #2]
[3,19]    .    .    .    . D===eeeeeeE--------------R  .    .    .    .    .    .    .   ld1w	{ z1.s }, p0/z, [x7, x9, lsl #2]
[3,20]    .    .    .    . D===================eeeeeER .    .    .    .    .    .    .   fcmla	z2.s, p0/m, z1.s, z0.s, #0
[3,21]    .    .    .    .  D====================eeeeeER    .    .    .    .    .    .   fcmla	z2.s, p0/m, z1.s, z0.s, #270
[3,22]    .    .    .    .  D=========================eeER  .    .    .    .    .    .   st1w	{ z2.s }, p0, [x10, x9, lsl #2]
[3,23]    .    .    .    .  DeE--------------------------R  .    .    .    .    .    .   incw	x9
[3,24]    .    .    .    .  D=eE-------------------------R  .    .    .    .    .    .   cmp	x9, x8
[3,25]    .    .    .    .  D==eE------------------------R  .    .    .    .    .    .   b.lo	.LBB0_2
[4,0]     .    .    .    .   DeE-------------------------R  .    .    .    .    .    .   lsl	x8, x8, #1
[4,1]     .    .    .    .   D=eE------------------------R  .    .    .    .    .    .   cbz	x8, .LBB0_3
[4,2]     .    .    .    .   D=eeeeE---------------------R  .    .    .    .    .    .   ldr	x10, [sp]
[4,3]     .    .    .    .   D---------------------------R  .    .    .    .    .    .   mov	x9, xzr
[4,4]     .    .    .    .   D=eeeE----------------------R  .    .    .    .    .    .   whilelo	p0.s, x9, x8
[4,5]     .    .    .    .    D--------------------------R  .    .    .    .    .    .   movi	v2.2d, #0000000000000000
[4,6]     .    .    .    .    D===eeeeeeE----------------R  .    .    .    .    .    .   ld1w	{ z0.s }, p0/z, [x0, x9, lsl #2]
[4,7]     .    .    .    .    D===eeeeeeE----------------R  .    .    .    .    .    .   ld1w	{ z1.s }, p0/z, [x4, x9, lsl #2]
[4,8]     .    .    .    .    D=========eeeeeE-----------R  .    .    .    .    .    .   fcmla	z2.s, p0/m, z1.s, z0.s, #0
[4,9]     .    .    .    .    D===========eeeeeE---------R  .    .    .    .    .    .   fcmla	z2.s, p0/m, z1.s, z0.s, #270
[4,10]    .    .    .    .    D===eeeeeeE----------------R  .    .    .    .    .    .   ld1w	{ z0.s }, p0/z, [x1, x9, lsl #2]
[4,11]    .    .    .    .    .D===eeeeeeE---------------R  .    .    .    .    .    .   ld1w	{ z1.s }, p0/z, [x5, x9, lsl #2]
[4,12]    .    .    .    .    .D============eeeeeE-------R  .    .    .    .    .    .   fcmla	z2.s, p0/m, z1.s, z0.s, #0
[4,13]    .    .    .    .    .D==============eeeeeE-----R  .    .    .    .    .    .   fcmla	z2.s, p0/m, z1.s, z0.s, #270
[4,14]    .    .    .    .    .D===eeeeeeE---------------R  .    .    .    .    .    .   ld1w	{ z0.s }, p0/z, [x2, x9, lsl #2]
[4,15]    .    .    .    .    .D===eeeeeeE---------------R  .    .    .    .    .    .   ld1w	{ z1.s }, p0/z, [x6, x9, lsl #2]
[4,16]    .    .    .    .    .D================eeeeeE---R  .    .    .    .    .    .   fcmla	z2.s, p0/m, z1.s, z0.s, #0
[4,17]    .    .    .    .    . D=================eeeeeE-R  .    .    .    .    .    .   fcmla	z2.s, p0/m, z1.s, z0.s, #270
[4,18]    .    .    .    .    . D===eeeeeeE--------------R  .    .    .    .    .    .   ld1w	{ z0.s }, p0/z, [x3, x9, lsl #2]
[4,19]    .    .    .    .    . D===eeeeeeE--------------R  .    .    .    .    .    .   ld1w	{ z1.s }, p0/z, [x7, x9, lsl #2]
[4,20]    .    .    .    .    . D===================eeeeeER .    .    .    .    .    .   fcmla	z2.s, p0/m, z1.s, z0.s, #0
[4,21]    .    .    .    .    . D=====================eeeeeER    .    .    .    .    .   fcmla	z2.s, p0/m, z1.s, z0.s, #270
[4,22]    .    .    .    .    .  D=========================eeER  .    .    .    .    .   st1w	{ z2.s }, p0, [x10, x9, lsl #2]
[4,23]    .    .    .    .    .  DeE--------------------------R  .    .    .    .    .   incw	x9
[4,24]    .    .    .    .    .  D=eE-------------------------R  .    .    .    .    .   cmp	x9, x8
[4,25]    .    .    .    .    .  D==eE------------------------R  .    .    .    .    .   b.lo	.LBB0_2
[5,0]     .    .    .    .    .  DeE--------------------------R  .    .    .    .    .   lsl	x8, x8, #1
[5,1]     .    .    .    .    .   DeE-------------------------R  .    .    .    .    .   cbz	x8, .LBB0_3
[5,2]     .    .    .    .    .   D=eeeeE---------------------R  .    .    .    .    .   ldr	x10, [sp]
[5,3]     .    .    .    .    .   D---------------------------R  .    .    .    .    .   mov	x9, xzr
[5,4]     .    .    .    .    .   DeeeE-----------------------R  .    .    .    .    .   whilelo	p0.s, x9, x8
[5,5]     .    .    .    .    .   D---------------------------R  .    .    .    .    .   movi	v2.2d, #0000000000000000
[5,6]     .    .    .    .    .    D==eeeeeeE-----------------R  .    .    .    .    .   ld1w	{ z0.s }, p0/z, [x0, x9, lsl #2]
[5,7]     .    .    .    .    .    D==eeeeeeE-----------------R  .    .    .    .    .   ld1w	{ z1.s }, p0/z, [x4, x9, lsl #2]
[5,8]     .    .    .    .    .    D========eeeeeE------------R  .    .    .    .    .   fcmla	z2.s, p0/m, z1.s, z0.s, #0
[5,9]     .    .    .    .    .    D==========eeeeeE----------R  .    .    .    .    .   fcmla	z2.s, p0/m, z1.s, z0.s, #270
[5,10]    .    .    .    .    .    D==eeeeeeE-----------------R  .    .    .    .    .   ld1w	{ z0.s }, p0/z, [x1, x9, lsl #2]
[5,11]    .    .    .    .    .    D===eeeeeeE----------------R  .    .    .    .    .   ld1w	{ z1.s }, p0/z, [x5, x9, lsl #2]
[5,12]    .    .    .    .    .    .D===========eeeeeE--------R  .    .    .    .    .   fcmla	z2.s, p0/m, z1.s, z0.s, #0
[5,13]    .    .    .    .    .    .D=============eeeeeE------R  .    .    .    .    .   fcmla	z2.s, p0/m, z1.s, z0.s, #270
[5,14]    .    .    .    .    .    .D==eeeeeeE----------------R  .    .    .    .    .   ld1w	{ z0.s }, p0/z, [x2, x9, lsl #2]
[5,15]    .    .    .    .    .    .D==eeeeeeE----------------R  .    .    .    .    .   ld1w	{ z1.s }, p0/z, [x6, x9, lsl #2]
[5,16]    .    .    .    .    .    .D===============eeeeeE----R  .    .    .    .    .   fcmla	z2.s, p0/m, z1.s, z0.s, #0
[5,17]    .    .    .    .    .    .D=================eeeeeE--R  .    .    .    .    .   fcmla	z2.s, p0/m, z1.s, z0.s, #270
[5,18]    .    .    .    .    .    . D==eeeeeeE---------------R  .    .    .    .    .   ld1w	{ z0.s }, p0/z, [x3, x9, lsl #2]
[5,19]    .    .    .    .    .    . D==eeeeeeE---------------R  .    .    .    .    .   ld1w	{ z1.s }, p0/z, [x7, x9, lsl #2]
[5,20]    .    .    .    .    .    . D==================eeeeeER  .    .    .    .    .   fcmla	z2.s, p0/m, z1.s, z0.s, #0
[5,21]    .    .    .    .    .    . D====================eeeeeER.    .    .    .    .   fcmla	z2.s, p0/m, z1.s, z0.s, #270
[5,22]    .    .    .    .    .    . D=========================eeER   .    .    .    .   st1w	{ z2.s }, p0, [x10, x9, lsl #2]
[5,23]    .    .    .    .    .    .  DeE-------------------------R   .    .    .    .   incw	x9
[5,24]    .    .    .    .    .    .  D=eE------------------------R   .    .    .    .   cmp	x9, x8
[5,25]    .    .    .    .    .    .  D==eE-----------------------R   .    .    .    .   b.lo	.LBB0_2
[6,0]     .    .    .    .    .    .  DeE-------------------------R   .    .    .    .   lsl	x8, x8, #1
[6,1]     .    .    .    .    .    .  D=eE------------------------R   .    .    .    .   cbz	x8, .LBB0_3
[6,2]     .    .    .    .    .    .  D==eeeeE--------------------R   .    .    .    .   ldr	x10, [sp]
[6,3]     .    .    .    .    .    .   D--------------------------R   .    .    .    .   mov	x9, xzr
[6,4]     .    .    .    .    .    .   DeeeE----------------------R   .    .    .    .   whilelo	p0.s, x9, x8
[6,5]     .    .    .    .    .    .   D--------------------------R   .    .    .    .   movi	v2.2d, #0000000000000000
[6,6]     .    .    .    .    .    .   D===eeeeeeE----------------R   .    .    .    .   ld1w	{ z0.s }, p0/z, [x0, x9, lsl #2]
[6,7]     .    .    .    .    .    .   D===eeeeeeE----------------R   .    .    .    .   ld1w	{ z1.s }, p0/z, [x4, x9, lsl #2]
[6,8]     .    .    .    .    .    .    D========eeeeeE-----------R   .    .    .    .   fcmla	z2.s, p0/m, z1.s, z0.s, #0
[6,9]     .    .    .    .    .    .    D==========eeeeeE---------R   .    .    .    .   fcmla	z2.s, p0/m, z1.s, z0.s, #270
[6,10]    .    .    .    .    .    .    D==eeeeeeE----------------R   .    .    .    .   ld1w	{ z0.s }, p0/z, [x1, x9, lsl #2]
[6,11]    .    .    .    .    .    .    D===eeeeeeE---------------R   .    .    .    .   ld1w	{ z1.s }, p0/z, [x5, x9, lsl #2]
[6,12]    .    .    .    .    .    .    D============eeeeeE-------R   .    .    .    .   fcmla	z2.s, p0/m, z1.s, z0.s, #0
[6,13]    .    .    .    .    .    .    D==============eeeeeE-----R   .    .    .    .   fcmla	z2.s, p0/m, z1.s, z0.s, #270
[6,14]    .    .    .    .    .    .    .D==eeeeeeE---------------R   .    .    .    .   ld1w	{ z0.s }, p0/z, [x2, x9, lsl #2]
[6,15]    .    .    .    .    .    .    .D===eeeeeeE--------------R   .    .    .    .   ld1w	{ z1.s }, p0/z, [x6, x9, lsl #2]
[6,16]    .    .    .    .    .    .    .D===============eeeeeE---R   .    .    .    .   fcmla	z2.s, p0/m, z1.s, z0.s, #0
[6,17]    .    .    .    .    .    .    .D=================eeeeeE-R   .    .    .    .   fcmla	z2.s, p0/m, z1.s, z0.s, #270
[6,18]    .    .    .    .    .    .    .D===eeeeeeE--------------R   .    .    .    .   ld1w	{ z0.s }, p0/z, [x3, x9, lsl #2]
[6,19]    .    .    .    .    .    .    .D===eeeeeeE--------------R   .    .    .    .   ld1w	{ z1.s }, p0/z, [x7, x9, lsl #2]
[6,20]    .    .    .    .    .    .    . D==================eeeeeER  .    .    .    .   fcmla	z2.s, p0/m, z1.s, z0.s, #0
[6,21]    .    .    .    .    .    .    . D====================eeeeeER.    .    .    .   fcmla	z2.s, p0/m, z1.s, z0.s, #270
[6,22]    .    .    .    .    .    .    . D=========================eeER   .    .    .   st1w	{ z2.s }, p0, [x10, x9, lsl #2]
[6,23]    .    .    .    .    .    .    . DeE--------------------------R   .    .    .   incw	x9
[6,24]    .    .    .    .    .    .    . D=eE-------------------------R   .    .    .   cmp	x9, x8
[6,25]    .    .    .    .    .    .    .  D=eE------------------------R   .    .    .   b.lo	.LBB0_2
[7,0]     .    .    .    .    .    .    .  DeE-------------------------R   .    .    .   lsl	x8, x8, #1
[7,1]     .    .    .    .    .    .    .  D=eE------------------------R   .    .    .   cbz	x8, .LBB0_3
[7,2]     .    .    .    .    .    .    .  D==eeeeE--------------------R   .    .    .   ldr	x10, [sp]
[7,3]     .    .    .    .    .    .    .  D---------------------------R   .    .    .   mov	x9, xzr
[7,4]     .    .    .    .    .    .    .   DeeeE----------------------R   .    .    .   whilelo	p0.s, x9, x8
[7,5]     .    .    .    .    .    .    .   D--------------------------R   .    .    .   movi	v2.2d, #0000000000000000
[7,6]     .    .    .    .    .    .    .   D===eeeeeeE----------------R   .    .    .   ld1w	{ z0.s }, p0/z, [x0, x9, lsl #2]
[7,7]     .    .    .    .    .    .    .   D===eeeeeeE----------------R   .    .    .   ld1w	{ z1.s }, p0/z, [x4, x9, lsl #2]
[7,8]     .    .    .    .    .    .    .   D=========eeeeeE-----------R   .    .    .   fcmla	z2.s, p0/m, z1.s, z0.s, #0
[7,9]     .    .    .    .    .    .    .    D==========eeeeeE---------R   .    .    .   fcmla	z2.s, p0/m, z1.s, z0.s, #270
[7,10]    .    .    .    .    .    .    .    D==eeeeeeE----------------R   .    .    .   ld1w	{ z0.s }, p0/z, [x1, x9, lsl #2]
[7,11]    .    .    .    .    .    .    .    D===eeeeeeE---------------R   .    .    .   ld1w	{ z1.s }, p0/z, [x5, x9, lsl #2]
[7,12]    .    .    .    .    .    .    .    D============eeeeeE-------R   .    .    .   fcmla	z2.s, p0/m, z1.s, z0.s, #0
[7,13]    .    .    .    .    .    .    .    D==============eeeeeE-----R   .    .    .   fcmla	z2.s, p0/m, z1.s, z0.s, #270
[7,14]    .    .    .    .    .    .    .    D===eeeeeeE---------------R   .    .    .   ld1w	{ z0.s }, p0/z, [x2, x9, lsl #2]
[7,15]    .    .    .    .    .    .    .    .D===eeeeeeE--------------R   .    .    .   ld1w	{ z1.s }, p0/z, [x6, x9, lsl #2]
[7,16]    .    .    .    .    .    .    .    .D===============eeeeeE---R   .    .    .   fcmla	z2.s, p0/m, z1.s, z0.s, #0
[7,17]    .    .    .    .    .    .    .    .D=================eeeeeE-R   .    .    .   fcmla	z2.s, p0/m, z1.s, z0.s, #270
[7,18]    .    .    .    .    .    .    .    .D===eeeeeeE--------------R   .    .    .   ld1w	{ z0.s }, p0/z, [x3, x9, lsl #2]
[7,19]    .    .    .    .    .    .    .    .D===eeeeeeE--------------R   .    .    .   ld1w	{ z1.s }, p0/z, [x7, x9, lsl #2]
[7,20]    .    .    .    .    .    .    .    .D===================eeeeeER  .    .    .   fcmla	z2.s, p0/m, z1.s, z0.s, #0
[7,21]    .    .    .    .    .    .    .    . D====================eeeeeER.    .    .   fcmla	z2.s, p0/m, z1.s, z0.s, #270
[7,22]    .    .    .    .    .    .    .    . D=========================eeER   .    .   st1w	{ z2.s }, p0, [x10, x9, lsl #2]
[7,23]    .    .    .    .    .    .    .    . DeE--------------------------R   .    .   incw	x9
[7,24]    .    .    .    .    .    .    .    . D=eE-------------------------R   .    .   cmp	x9, x8
[7,25]    .    .    .    .    .    .    .    . D==eE------------------------R   .    .   b.lo	.LBB0_2
[8,0]     .    .    .    .    .    .    .    .  DeE-------------------------R   .    .   lsl	x8, x8, #1
[8,1]     .    .    .    .    .    .    .    .  D=eE------------------------R   .    .   cbz	x8, .LBB0_3
[8,2]     .    .    .    .    .    .    .    .  D==eeeeE--------------------R   .    .   ldr	x10, [sp]
[8,3]     .    .    .    .    .    .    .    .  D---------------------------R   .    .   mov	x9, xzr
[8,4]     .    .    .    .    .    .    .    .  D=eeeE----------------------R   .    .   whilelo	p0.s, x9, x8
[8,5]     .    .    .    .    .    .    .    .   D--------------------------R   .    .   movi	v2.2d, #0000000000000000
[8,6]     .    .    .    .    .    .    .    .   D===eeeeeeE----------------R   .    .   ld1w	{ z0.s }, p0/z, [x0, x9, lsl #2]
[8,7]     .    .    .    .    .    .    .    .   D===eeeeeeE----------------R   .    .   ld1w	{ z1.s }, p0/z, [x4, x9, lsl #2]
[8,8]     .    .    .    .    .    .    .    .   D=========eeeeeE-----------R   .    .   fcmla	z2.s, p0/m, z1.s, z0.s, #0
[8,9]     .    .    .    .    .    .    .    .   D===========eeeeeE---------R   .    .   fcmla	z2.s, p0/m, z1.s, z0.s, #270
[8,10]    .    .    .    .    .    .    .    .   D===eeeeeeE----------------R   .    .   ld1w	{ z0.s }, p0/z, [x1, x9, lsl #2]
[8,11]    .    .    .    .    .    .    .    .    D===eeeeeeE---------------R   .    .   ld1w	{ z1.s }, p0/z, [x5, x9, lsl #2]
[8,12]    .    .    .    .    .    .    .    .    D============eeeeeE-------R   .    .   fcmla	z2.s, p0/m, z1.s, z0.s, #0
[8,13]    .    .    .    .    .    .    .    .    D==============eeeeeE-----R   .    .   fcmla	z2.s, p0/m, z1.s, z0.s, #270
[8,14]    .    .    .    .    .    .    .    .    D===eeeeeeE---------------R   .    .   ld1w	{ z0.s }, p0/z, [x2, x9, lsl #2]
[8,15]    .    .    .    .    .    .    .    .    D====eeeeeeE--------------R   .    .   ld1w	{ z1.s }, p0/z, [x6, x9, lsl #2]
[8,16]    .    .    .    .    .    .    .    .    D================eeeeeE---R   .    .   fcmla	z2.s, p0/m, z1.s, z0.s, #0
[8,17]    .    .    .    .    .    .    .    .    .D=================eeeeeE-R   .    .   fcmla	z2.s, p0/m, z1.s, z0.s, #270
[8,18]    .    .    .    .    .    .    .    .    .D===eeeeeeE--------------R   .    .   ld1w	{ z0.s }, p0/z, [x3, x9, lsl #2]
[8,19]    .    .    .    .    .    .    .    .    .D===eeeeeeE--------------R   .    .   ld1w	{ z1.s }, p0/z, [x7, x9, lsl #2]
[8,20]    .    .    .    .    .    .    .    .    .D===================eeeeeER  .    .   fcmla	z2.s, p0/m, z1.s, z0.s, #0
[8,21]    .    .    .    .    .    .    .    .    .D=====================eeeeeER.    .   fcmla	z2.s, p0/m, z1.s, z0.s, #270
[8,22]    .    .    .    .    .    .    .    .    . D=========================eeER   .   st1w	{ z2.s }, p0, [x10, x9, lsl #2]
[8,23]    .    .    .    .    .    .    .    .    . DeE--------------------------R   .   incw	x9
[8,24]    .    .    .    .    .    .    .    .    . D=eE-------------------------R   .   cmp	x9, x8
[8,25]    .    .    .    .    .    .    .    .    . D==eE------------------------R   .   b.lo	.LBB0_2
[9,0]     .    .    .    .    .    .    .    .    . DeE--------------------------R   .   lsl	x8, x8, #1
[9,1]     .    .    .    .    .    .    .    .    .  DeE-------------------------R   .   cbz	x8, .LBB0_3
[9,2]     .    .    .    .    .    .    .    .    .  D==eeeeE--------------------R   .   ldr	x10, [sp]
[9,3]     .    .    .    .    .    .    .    .    .  D---------------------------R   .   mov	x9, xzr
[9,4]     .    .    .    .    .    .    .    .    .  DeeeE-----------------------R   .   whilelo	p0.s, x9, x8
[9,5]     .    .    .    .    .    .    .    .    .  D---------------------------R   .   movi	v2.2d, #0000000000000000
[9,6]     .    .    .    .    .    .    .    .    .   D==eeeeeeE-----------------R   .   ld1w	{ z0.s }, p0/z, [x0, x9, lsl #2]
[9,7]     .    .    .    .    .    .    .    .    .   D==eeeeeeE-----------------R   .   ld1w	{ z1.s }, p0/z, [x4, x9, lsl #2]
[9,8]     .    .    .    .    .    .    .    .    .   D========eeeeeE------------R   .   fcmla	z2.s, p0/m, z1.s, z0.s, #0
[9,9]     .    .    .    .    .    .    .    .    .   D==========eeeeeE----------R   .   fcmla	z2.s, p0/m, z1.s, z0.s, #270
[9,10]    .    .    .    .    .    .    .    .    .   D==eeeeeeE-----------------R   .   ld1w	{ z0.s }, p0/z, [x1, x9, lsl #2]
[9,11]    .    .    .    .    .    .    .    .    .   D===eeeeeeE----------------R   .   ld1w	{ z1.s }, p0/z, [x5, x9, lsl #2]
[9,12]    .    .    .    .    .    .    .    .    .    D===========eeeeeE--------R   .   fcmla	z2.s, p0/m, z1.s, z0.s, #0
[9,13]    .    .    .    .    .    .    .    .    .    D=============eeeeeE------R   .   fcmla	z2.s, p0/m, z1.s, z0.s, #270
[9,14]    .    .    .    .    .    .    .    .    .    D==eeeeeeE----------------R   .   ld1w	{ z0.s }, p0/z, [x2, x9, lsl #2]
[9,15]    .    .    .    .    .    .    .    .    .    D==eeeeeeE----------------R   .   ld1w	{ z1.s }, p0/z, [x6, x9, lsl #2]
[9,16]    .    .    .    .    .    .    .    .    .    D===============eeeeeE----R   .   fcmla	z2.s, p0/m, z1.s, z0.s, #0
[9,17]    .    .    .    .    .    .    .    .    .    D=================eeeeeE--R   .   fcmla	z2.s, p0/m, z1.s, z0.s, #270
[9,18]    .    .    .    .    .    .    .    .    .    .D==eeeeeeE---------------R   .   ld1w	{ z0.s }, p0/z, [x3, x9, lsl #2]
[9,19]    .    .    .    .    .    .    .    .    .    .D==eeeeeeE---------------R   .   ld1w	{ z1.s }, p0/z, [x7, x9, lsl #2]
[9,20]    .    .    .    .    .    .    .    .    .    .D==================eeeeeER   .   fcmla	z2.s, p0/m, z1.s, z0.s, #0
[9,21]    .    .    .    .    .    .    .    .    .    .D====================eeeeeER .   fcmla	z2.s, p0/m, z1.s, z0.s, #270
[9,22]    .    .    .    .    .    .    .    .    .    .D=========================eeER   st1w	{ z2.s }, p0, [x10, x9, lsl #2]
[9,23]    .    .    .    .    .    .    .    .    .    . DeE-------------------------R   incw	x9
[9,24]    .    .    .    .    .    .    .    .    .    . D=eE------------------------R   cmp	x9, x8
[9,25]    .    .    .    .    .    .    .    .    .    . D==eE-----------------------R   b.lo	.LBB0_2


Average Wait times (based on the timeline view):
[0]: Executions
[1]: Average time spent waiting in a scheduler's queue
[2]: Average time spent waiting in a scheduler's queue while ready
[3]: Average time elapsed from WB until retire stage

      [0]    [1]    [2]    [3]
0.     10    1.0    1.0    22.8      lsl	x8, x8, #1
1.     10    1.7    0.0    21.9      cbz	x8, .LBB0_3
2.     10    2.3    2.3    18.5      ldr	x10, [sp]
3.     10    0.0    0.0    24.6      mov	x9, xzr
4.     10    1.3    0.0    20.1      whilelo	p0.s, x9, x8
5.     10    0.0    0.0    24.1      movi	v2.2d, #0000000000000000
6.     10    3.7    0.0    14.7      ld1w	{ z0.s }, p0/z, [x0, x9, lsl #2]
7.     10    3.7    0.0    14.7      ld1w	{ z1.s }, p0/z, [x4, x9, lsl #2]
8.     10    9.5    0.0    10.2      fcmla	z2.s, p0/m, z1.s, z0.s, #0
9.     10    11.3   0.0    8.4       fcmla	z2.s, p0/m, z1.s, z0.s, #270
10.    10    3.3    0.0    15.4      ld1w	{ z0.s }, p0/z, [x1, x9, lsl #2]
11.    10    4.0    1.0    14.4      ld1w	{ z1.s }, p0/z, [x5, x9, lsl #2]
12.    10    12.7   0.0    6.6       fcmla	z2.s, p0/m, z1.s, z0.s, #0
13.    10    14.7   0.0    4.8       fcmla	z2.s, p0/m, z1.s, z0.s, #270
14.    10    3.5    1.0    14.8      ld1w	{ z0.s }, p0/z, [x2, x9, lsl #2]
15.    10    3.6    1.3    14.5      ld1w	{ z1.s }, p0/z, [x6, x9, lsl #2]
16.    10    16.3   0.0    3.0       fcmla	z2.s, p0/m, z1.s, z0.s, #0
17.    10    18.0   0.0    1.2       fcmla	z2.s, p0/m, z1.s, z0.s, #270
18.    10    3.7    2.0    14.2      ld1w	{ z0.s }, p0/z, [x3, x9, lsl #2]
19.    10    3.7    2.0    14.2      ld1w	{ z1.s }, p0/z, [x7, x9, lsl #2]
20.    10    19.5   0.0    0.0       fcmla	z2.s, p0/m, z1.s, z0.s, #0
21.    10    21.3   0.0    0.0       fcmla	z2.s, p0/m, z1.s, z0.s, #270
22.    10    26.0   0.0    0.0       st1w	{ z2.s }, p0, [x10, x9, lsl #2]
23.    10    1.0    1.0    25.7      incw	x9
24.    10    2.0    0.0    24.7      cmp	x9, x8
25.    10    2.8    0.0    23.7      b.lo	.LBB0_2
       260   7.3    0.4    13.7      <total>