armv8-a clang 23.1.0
-O3 -std=c++17 -mcpu=neoverse-v2


[0] Code Region - mrc4_sve

Iterations:        100
Instructions:      6400
Total Cycles:      2618
Total uOps:        14300

Dispatch Width:    6
uOps Per Cycle:    5.46
IPC:               2.44
Block RThroughput: 23.8


Instruction Info:
[1]: #uOps
[2]: Latency
[3]: RThroughput
[4]: MayLoad
[5]: MayStore
[6]: HasSideEffects (U)

[1]    [2]    [3]    [4]    [5]    [6]    Instructions:
 1      1     0.50                        cbz	x8, .LBB0_3
 1      4     0.33    *                   ldr	x11, [sp]
 1      4     0.50                        index	z0.s, #0, #8
 1      0     0.17                        mov	x9, xzr
 1      0     0.17                        mov	x10, xzr
 2      3     1.00                        whilelo	p0.s, x10, x8
 1      1     0.17                        add	x12, x0, x9
 1      0     0.17                        movi	v1.2d, #0000000000000000
 1      0     0.17                        movi	v2.2d, #0000000000000000
 1      1     0.25                        incw	x10
 5      9     1.00    *                   ld1w	{ z3.s }, p0/z, [x12, z0.s, uxtw]
 1      1     0.17                        add	x12, x12, #4
 5      9     1.00    *                   ld1w	{ z4.s }, p0/z, [x12, z0.s, uxtw]
 1      1     0.17                        add	x12, x4, x9
 5      9     1.00    *                   ld1w	{ z5.s }, p0/z, [x12, z0.s, uxtw]
 1      1     0.17                        add	x12, x12, #4
 5      9     1.00    *                   ld1w	{ z6.s }, p0/z, [x12, z0.s, uxtw]
 1      1     0.17                        add	x12, x1, x9
 1      4     0.25                        fmla	z1.s, p0/m, z5.s, z4.s
 1      4     0.25                        fmla	z2.s, p0/m, z5.s, z3.s
 1      4     0.25                        fmls	z1.s, p0/m, z6.s, z3.s
 1      4     0.25                        fmla	z2.s, p0/m, z6.s, z4.s
 5      9     1.00    *                   ld1w	{ z3.s }, p0/z, [x12, z0.s, uxtw]
 1      1     0.17                        add	x12, x12, #4
 5      9     1.00    *                   ld1w	{ z4.s }, p0/z, [x12, z0.s, uxtw]
 1      1     0.17                        add	x12, x5, x9
 5      9     1.00    *                   ld1w	{ z5.s }, p0/z, [x12, z0.s, uxtw]
 1      1     0.17                        add	x12, x12, #4
 5      9     1.00    *                   ld1w	{ z6.s }, p0/z, [x12, z0.s, uxtw]
 1      1     0.17                        add	x12, x2, x9
 5      9     1.00    *                   ld1w	{ z7.s }, p0/z, [x12, z0.s, uxtw]
 1      1     0.17                        add	x12, x12, #4
 5      9     1.00    *                   ld1w	{ z16.s }, p0/z, [x12, z0.s, uxtw]
 1      1     0.17                        add	x12, x6, x9
 5      9     1.00    *                   ld1w	{ z17.s }, p0/z, [x12, z0.s, uxtw]
 1      1     0.17                        add	x12, x12, #4
 5      9     1.00    *                   ld1w	{ z18.s }, p0/z, [x12, z0.s, uxtw]
 1      1     0.17                        add	x12, x3, x9
 1      4     0.25                        fmla	z1.s, p0/m, z5.s, z4.s
 1      4     0.25                        fmla	z2.s, p0/m, z5.s, z3.s
 1      4     0.25                        fmls	z1.s, p0/m, z6.s, z3.s
 1      4     0.25                        fmla	z2.s, p0/m, z6.s, z4.s
 1      4     0.25                        fmla	z2.s, p0/m, z17.s, z7.s
 1      4     0.25                        fmla	z1.s, p0/m, z17.s, z16.s
 5      9     1.00    *                   ld1w	{ z3.s }, p0/z, [x12, z0.s, uxtw]
 1      1     0.17                        add	x12, x12, #4
 5      9     1.00    *                   ld1w	{ z4.s }, p0/z, [x12, z0.s, uxtw]
 1      1     0.17                        add	x12, x7, x9
 5      9     1.00    *                   ld1w	{ z5.s }, p0/z, [x12, z0.s, uxtw]
 1      1     0.17                        add	x12, x12, #4
 5      9     1.00    *                   ld1w	{ z6.s }, p0/z, [x12, z0.s, uxtw]
 1      1     0.17                        add	x12, x11, x9
 1      1     0.25                        incb	x9, all, mul #2
 1      4     0.25                        fmla	z2.s, p0/m, z18.s, z16.s
 1      4     0.25                        fmls	z1.s, p0/m, z18.s, z7.s
 1      4     0.25                        fmla	z2.s, p0/m, z5.s, z3.s
 1      4     0.25                        fmla	z1.s, p0/m, z5.s, z4.s
 1      4     0.25                        fmla	z2.s, p0/m, z6.s, z4.s
 1      4     0.25                        fmls	z1.s, p0/m, z6.s, z3.s
 8      4     2.00           *            st1w	{ z2.s }, p0, [x12, z0.s, uxtw]
 1      1     0.17                        add	x12, x12, #4
 8      4     2.00           *            st1w	{ z1.s }, p0, [x12, z0.s, uxtw]
 1      1     0.33                        cmp	x10, x8
 1      1     0.50                        b.lo	.LBB0_2


Resources:
[0.0] - V2UnitB
[0.1] - V2UnitB
[1.0] - V2UnitD
[1.1] - V2UnitD
[2.0] - V2UnitFlg
[2.1] - V2UnitFlg
[2.2] - V2UnitFlg
[3]   - V2UnitL2
[4.0] - V2UnitL01
[4.1] - V2UnitL01
[5]   - V2UnitM0
[6]   - V2UnitM1
[7]   - V2UnitS0
[8]   - V2UnitS1
[9]   - V2UnitS2
[10]  - V2UnitS3
[11]  - V2UnitV0
[12]  - V2UnitV1
[13]  - V2UnitV2
[14]  - V2UnitV3


Resource pressure per iteration:
[0.0]  [0.1]  [1.0]  [1.1]  [2.0]  [2.1]  [2.2]  [3]    [4.0]  [4.1]  [5]    [6]    [7]    [8]    [9]    [10]   [11]   [12]   [13]   [14]   
1.00   1.00    -      -     0.33   0.33   0.34   5.66   9.68   9.66   3.66   4.66   3.67   3.67   3.67   3.67   23.03  21.37  21.33  23.27  

Resource pressure by instruction:
[0.0]  [0.1]  [1.0]  [1.1]  [2.0]  [2.1]  [2.2]  [3]    [4.0]  [4.1]  [5]    [6]    [7]    [8]    [9]    [10]   [11]   [12]   [13]   [14]   Instructions:
0.99   0.01    -      -      -      -      -      -      -      -      -      -      -      -      -      -      -      -      -      -     cbz	x8, .LBB0_3
 -      -      -      -      -      -      -     0.33   0.32   0.35    -      -      -      -      -      -      -      -      -      -     ldr	x11, [sp]
 -      -      -      -      -      -      -      -      -      -      -      -      -      -      -      -     0.97    -     0.03    -     index	z0.s, #0, #8
 -      -      -      -      -      -      -      -      -      -      -      -      -      -      -      -      -      -      -      -     mov	x9, xzr
 -      -      -      -      -      -      -      -      -      -      -      -      -      -      -      -      -      -      -      -     mov	x10, xzr
 -      -      -      -      -      -      -      -      -      -      -     2.00    -      -      -      -      -      -      -      -     whilelo	p0.s, x10, x8
 -      -      -      -      -      -      -      -      -      -     0.33    -      -      -     0.33   0.34    -      -      -      -     add	x12, x0, x9
 -      -      -      -      -      -      -      -      -      -      -      -      -      -      -      -      -      -      -      -     movi	v1.2d, #0000000000000000
 -      -      -      -      -      -      -      -      -      -      -      -      -      -      -      -      -      -      -      -     movi	v2.2d, #0000000000000000
 -      -      -      -      -      -      -      -      -      -      -      -     0.33   0.67    -      -      -      -      -      -     incw	x10
 -      -      -      -      -      -      -      -     0.52   0.48    -      -      -      -      -      -     0.08   2.60   1.28   0.04   ld1w	{ z3.s }, p0/z, [x12, z0.s, uxtw]
 -      -      -      -      -      -      -      -      -      -     0.33    -      -      -     0.34   0.33    -      -      -      -     add	x12, x12, #4
 -      -      -      -      -      -      -      -     0.48   0.52    -      -      -      -      -      -     2.56   1.32    -     0.12   ld1w	{ z4.s }, p0/z, [x12, z0.s, uxtw]
 -      -      -      -      -      -      -      -      -      -      -      -     0.34    -     0.33   0.33    -      -      -      -     add	x12, x4, x9
 -      -      -      -      -      -      -     1.00    -      -      -      -      -      -      -      -     1.32    -     0.12   2.56   ld1w	{ z5.s }, p0/z, [x12, z0.s, uxtw]
 -      -      -      -      -      -      -      -      -      -     0.34    -     0.33    -     0.33    -      -      -      -      -     add	x12, x12, #4
 -      -      -      -      -      -      -      -     0.52   0.48    -      -      -      -      -      -     1.36   1.28   0.04   1.32   ld1w	{ z6.s }, p0/z, [x12, z0.s, uxtw]
 -      -      -      -      -      -      -      -      -      -      -     0.33    -     0.33    -     0.34    -      -      -      -     add	x12, x1, x9
 -      -      -      -      -      -      -      -      -      -      -      -      -      -      -      -     0.33    -     0.33   0.34   fmla	z1.s, p0/m, z5.s, z4.s
 -      -      -      -      -      -      -      -      -      -      -      -      -      -      -      -      -     0.01   0.66   0.33   fmla	z2.s, p0/m, z5.s, z3.s
 -      -      -      -      -      -      -      -      -      -      -      -      -      -      -      -      -     0.01   0.98   0.01   fmls	z1.s, p0/m, z6.s, z3.s
 -      -      -      -      -      -      -      -      -      -      -      -      -      -      -      -     0.33   0.66    -     0.01   fmla	z2.s, p0/m, z6.s, z4.s
 -      -      -      -      -      -      -      -     0.48   0.52    -      -      -      -      -      -     2.56   0.04   0.04   1.36   ld1w	{ z3.s }, p0/z, [x12, z0.s, uxtw]
 -      -      -      -      -      -      -      -      -      -     0.33    -     0.33    -     0.34    -      -      -      -      -     add	x12, x12, #4
 -      -      -      -      -      -      -     0.66   0.18   0.16    -      -      -      -      -      -     0.04   0.04   1.36   2.56   ld1w	{ z4.s }, p0/z, [x12, z0.s, uxtw]
 -      -      -      -      -      -      -      -      -      -      -     0.33    -     0.34    -     0.33    -      -      -      -     add	x12, x5, x9
 -      -      -      -      -      -      -     0.02   0.50   0.48    -      -      -      -      -      -     0.04   1.32   2.56   0.08   ld1w	{ z5.s }, p0/z, [x12, z0.s, uxtw]
 -      -      -      -      -      -      -      -      -      -     0.33    -     0.34    -     0.33    -      -      -      -      -     add	x12, x12, #4
 -      -      -      -      -      -      -     0.65   0.18   0.17    -      -      -      -      -      -      -     1.28   0.08   2.64   ld1w	{ z6.s }, p0/z, [x12, z0.s, uxtw]
 -      -      -      -      -      -      -      -      -      -      -     0.34    -     0.33    -     0.33    -      -      -      -     add	x12, x2, x9
 -      -      -      -      -      -      -     0.98   0.01   0.01    -      -      -      -      -      -      -     0.08   2.64   1.28   ld1w	{ z7.s }, p0/z, [x12, z0.s, uxtw]
 -      -      -      -      -      -      -      -      -      -     0.34    -     0.33    -     0.33    -      -      -      -      -     add	x12, x12, #4
 -      -      -      -      -      -      -     0.35   0.32   0.33    -      -      -      -      -      -     0.08   1.32   2.60    -     ld1w	{ z16.s }, p0/z, [x12, z0.s, uxtw]
 -      -      -      -      -      -      -      -      -      -      -     0.33    -     0.33    -     0.34    -      -      -      -     add	x12, x6, x9
 -      -      -      -      -      -      -     0.33   0.33   0.34    -      -      -      -      -      -     2.60   1.32   0.04   0.04   ld1w	{ z17.s }, p0/z, [x12, z0.s, uxtw]
 -      -      -      -      -      -      -      -      -      -     0.33    -     0.33    -     0.34    -      -      -      -      -     add	x12, x12, #4
 -      -      -      -      -      -      -     0.32   0.35   0.33    -      -      -      -      -      -     1.36   0.04    -     2.60   ld1w	{ z18.s }, p0/z, [x12, z0.s, uxtw]
 -      -      -      -      -      -      -      -      -      -      -     0.33    -     0.34    -     0.33    -      -      -      -     add	x12, x3, x9
 -      -      -      -      -      -      -      -      -      -      -      -      -      -      -      -     0.01   0.97    -     0.02   fmla	z1.s, p0/m, z5.s, z4.s
 -      -      -      -      -      -      -      -      -      -      -      -      -      -      -      -     0.01   0.97   0.01   0.01   fmla	z2.s, p0/m, z5.s, z3.s
 -      -      -      -      -      -      -      -      -      -      -      -      -      -      -      -     0.01   0.65   0.33   0.01   fmls	z1.s, p0/m, z6.s, z3.s
 -      -      -      -      -      -      -      -      -      -      -      -      -      -      -      -     0.97    -     0.02   0.01   fmla	z2.s, p0/m, z6.s, z4.s
 -      -      -      -      -      -      -      -      -      -      -      -      -      -      -      -      -     0.36   0.64    -     fmla	z2.s, p0/m, z17.s, z7.s
 -      -      -      -      -      -      -      -      -      -      -      -      -      -      -      -     0.01   0.32   0.34   0.33   fmla	z1.s, p0/m, z17.s, z16.s
 -      -      -      -      -      -      -     0.35   0.32   0.33    -      -      -      -      -      -     1.28   1.28   0.08   1.36   ld1w	{ z3.s }, p0/z, [x12, z0.s, uxtw]
 -      -      -      -      -      -      -      -      -      -     0.33    -     0.34    -     0.33    -      -      -      -      -     add	x12, x12, #4
 -      -      -      -      -      -      -     0.01   0.49   0.50    -      -      -      -      -      -     1.36   0.04   1.28   1.32   ld1w	{ z4.s }, p0/z, [x12, z0.s, uxtw]
 -      -      -      -      -      -      -      -      -      -      -     0.34    -     0.33    -     0.33    -      -      -      -     add	x12, x7, x9
 -      -      -      -      -      -      -     0.32   0.35   0.33    -      -      -      -      -      -     1.32   0.04   1.32   1.32   ld1w	{ z5.s }, p0/z, [x12, z0.s, uxtw]
 -      -      -      -      -      -      -      -      -      -     0.34    -     0.33    -     0.33    -      -      -      -      -     add	x12, x12, #4
 -      -      -      -      -      -      -     0.34   0.33   0.33    -      -      -      -      -      -     0.04   0.04   1.32   2.60   ld1w	{ z6.s }, p0/z, [x12, z0.s, uxtw]
 -      -      -      -      -      -      -      -      -      -      -     0.33    -     0.33    -     0.34    -      -      -      -     add	x12, x11, x9
 -      -      -      -      -      -      -      -      -      -     0.33    -     0.33   0.34    -      -      -      -      -      -     incb	x9, all, mul #2
 -      -      -      -      -      -      -      -      -      -      -      -      -      -      -      -     0.01   0.33   0.01   0.65   fmla	z2.s, p0/m, z18.s, z16.s
 -      -      -      -      -      -      -      -      -      -      -      -      -      -      -      -     0.02   0.33   0.64   0.01   fmls	z1.s, p0/m, z18.s, z7.s
 -      -      -      -      -      -      -      -      -      -      -      -      -      -      -      -      -     0.02   0.65   0.33   fmla	z2.s, p0/m, z5.s, z3.s
 -      -      -      -      -      -      -      -      -      -      -      -      -      -      -      -     0.32   0.02   0.65   0.01   fmla	z1.s, p0/m, z5.s, z4.s
 -      -      -      -      -      -      -      -      -      -      -      -      -      -      -      -     0.02   0.02   0.96    -     fmla	z2.s, p0/m, z6.s, z4.s
 -      -      -      -      -      -      -      -      -      -      -      -      -      -      -      -     0.02   0.66   0.32    -     fmls	z1.s, p0/m, z6.s, z3.s
 -      -      -      -      -      -      -      -     1.92   2.08    -      -      -      -      -      -     3.92   0.08    -      -     st1w	{ z2.s }, p0, [x12, z0.s, uxtw]
 -      -      -      -      -      -      -      -      -      -      -     0.33    -      -     0.34   0.33    -      -      -      -     add	x12, x12, #4
 -      -      -      -      -      -      -      -     2.08   1.92    -      -      -      -      -      -     0.08   3.92    -      -     st1w	{ z1.s }, p0, [x12, z0.s, uxtw]
 -      -      -      -     0.33   0.33   0.34    -      -      -     0.33    -     0.34   0.33    -      -      -      -      -      -     cmp	x10, x8
0.01   0.99    -      -      -      -      -      -      -      -      -      -      -      -      -      -      -      -      -      -     b.lo	.LBB0_2


Timeline view:
                    0123456789          0123456789          0123456789          0123456789
Index     0123456789          0123456789          0123456789          0123456789          

[0,0]     DeER .    .    .    .    .    .    .    .    .    .    .    .    .    .    .   .   cbz	x8, .LBB0_3
[0,1]     DeeeeER   .    .    .    .    .    .    .    .    .    .    .    .    .    .   .   ldr	x11, [sp]
[0,2]     DeeeeER   .    .    .    .    .    .    .    .    .    .    .    .    .    .   .   index	z0.s, #0, #8
[0,3]     D-----R   .    .    .    .    .    .    .    .    .    .    .    .    .    .   .   mov	x9, xzr
[0,4]     D-----R   .    .    .    .    .    .    .    .    .    .    .    .    .    .   .   mov	x10, xzr
[0,5]     .DeeeER   .    .    .    .    .    .    .    .    .    .    .    .    .    .   .   whilelo	p0.s, x10, x8
[0,6]     .DeE--R   .    .    .    .    .    .    .    .    .    .    .    .    .    .   .   add	x12, x0, x9
[0,7]     .D----R   .    .    .    .    .    .    .    .    .    .    .    .    .    .   .   movi	v1.2d, #0000000000000000
[0,8]     .D----R   .    .    .    .    .    .    .    .    .    .    .    .    .    .   .   movi	v2.2d, #0000000000000000
[0,9]     .DeE--R   .    .    .    .    .    .    .    .    .    .    .    .    .    .   .   incw	x10
[0,10]    . D==eeeeeeeeeER    .    .    .    .    .    .    .    .    .    .    .    .   .   ld1w	{ z3.s }, p0/z, [x12, z0.s, uxtw]
[0,11]    . DeE----------R    .    .    .    .    .    .    .    .    .    .    .    .   .   add	x12, x12, #4
[0,12]    .  D=eeeeeeeeeER    .    .    .    .    .    .    .    .    .    .    .    .   .   ld1w	{ z4.s }, p0/z, [x12, z0.s, uxtw]
[0,13]    .  DeE---------R    .    .    .    .    .    .    .    .    .    .    .    .   .   add	x12, x4, x9
[0,14]    .   DeeeeeeeeeER    .    .    .    .    .    .    .    .    .    .    .    .   .   ld1w	{ z5.s }, p0/z, [x12, z0.s, uxtw]
[0,15]    .   DeE--------R    .    .    .    .    .    .    .    .    .    .    .    .   .   add	x12, x12, #4
[0,16]    .    DeeeeeeeeeER   .    .    .    .    .    .    .    .    .    .    .    .   .   ld1w	{ z6.s }, p0/z, [x12, z0.s, uxtw]
[0,17]    .    DeE--------R   .    .    .    .    .    .    .    .    .    .    .    .   .   add	x12, x1, x9
[0,18]    .    .D=======eeeeER.    .    .    .    .    .    .    .    .    .    .    .   .   fmla	z1.s, p0/m, z5.s, z4.s
[0,19]    .    .D========eeeeER    .    .    .    .    .    .    .    .    .    .    .   .   fmla	z2.s, p0/m, z5.s, z3.s
[0,20]    .    .D=========eeeeER   .    .    .    .    .    .    .    .    .    .    .   .   fmls	z1.s, p0/m, z6.s, z3.s
[0,21]    .    .D==========eeeeER  .    .    .    .    .    .    .    .    .    .    .   .   fmla	z2.s, p0/m, z6.s, z4.s
[0,22]    .    . D=eeeeeeeeeE---R  .    .    .    .    .    .    .    .    .    .    .   .   ld1w	{ z3.s }, p0/z, [x12, z0.s, uxtw]
[0,23]    .    . DeE------------R  .    .    .    .    .    .    .    .    .    .    .   .   add	x12, x12, #4
[0,24]    .    .  DeeeeeeeeeE---R  .    .    .    .    .    .    .    .    .    .    .   .   ld1w	{ z4.s }, p0/z, [x12, z0.s, uxtw]
[0,25]    .    .  DeE-----------R  .    .    .    .    .    .    .    .    .    .    .   .   add	x12, x5, x9
[0,26]    .    .   DeeeeeeeeeE--R  .    .    .    .    .    .    .    .    .    .    .   .   ld1w	{ z5.s }, p0/z, [x12, z0.s, uxtw]
[0,27]    .    .   DeE----------R  .    .    .    .    .    .    .    .    .    .    .   .   add	x12, x12, #4
[0,28]    .    .    DeeeeeeeeeE-R  .    .    .    .    .    .    .    .    .    .    .   .   ld1w	{ z6.s }, p0/z, [x12, z0.s, uxtw]
[0,29]    .    .    DeE---------R  .    .    .    .    .    .    .    .    .    .    .   .   add	x12, x2, x9
[0,30]    .    .    .D=eeeeeeeeeER .    .    .    .    .    .    .    .    .    .    .   .   ld1w	{ z7.s }, p0/z, [x12, z0.s, uxtw]
[0,31]    .    .    .DeE---------R .    .    .    .    .    .    .    .    .    .    .   .   add	x12, x12, #4
[0,32]    .    .    . DeeeeeeeeeER .    .    .    .    .    .    .    .    .    .    .   .   ld1w	{ z16.s }, p0/z, [x12, z0.s, uxtw]
[0,33]    .    .    . DeE--------R .    .    .    .    .    .    .    .    .    .    .   .   add	x12, x6, x9
[0,34]    .    .    .  D=eeeeeeeeeER    .    .    .    .    .    .    .    .    .    .   .   ld1w	{ z17.s }, p0/z, [x12, z0.s, uxtw]
[0,35]    .    .    .  DeE---------R    .    .    .    .    .    .    .    .    .    .   .   add	x12, x12, #4
[0,36]    .    .    .   D==eeeeeeeeeER  .    .    .    .    .    .    .    .    .    .   .   ld1w	{ z18.s }, p0/z, [x12, z0.s, uxtw]
[0,37]    .    .    .   DeE----------R  .    .    .    .    .    .    .    .    .    .   .   add	x12, x3, x9
[0,38]    .    .    .    D===eeeeE---R  .    .    .    .    .    .    .    .    .    .   .   fmla	z1.s, p0/m, z5.s, z4.s
[0,39]    .    .    .    D====eeeeE--R  .    .    .    .    .    .    .    .    .    .   .   fmla	z2.s, p0/m, z5.s, z3.s
[0,40]    .    .    .    D=====eeeeE-R  .    .    .    .    .    .    .    .    .    .   .   fmls	z1.s, p0/m, z6.s, z3.s
[0,41]    .    .    .    D======eeeeER  .    .    .    .    .    .    .    .    .    .   .   fmla	z2.s, p0/m, z6.s, z4.s
[0,42]    .    .    .    D========eeeeER.    .    .    .    .    .    .    .    .    .   .   fmla	z2.s, p0/m, z17.s, z7.s
[0,43]    .    .    .    D========eeeeER.    .    .    .    .    .    .    .    .    .   .   fmla	z1.s, p0/m, z17.s, z16.s
[0,44]    .    .    .    .DeeeeeeeeeE--R.    .    .    .    .    .    .    .    .    .   .   ld1w	{ z3.s }, p0/z, [x12, z0.s, uxtw]
[0,45]    .    .    .    .DeE----------R.    .    .    .    .    .    .    .    .    .   .   add	x12, x12, #4
[0,46]    .    .    .    . DeeeeeeeeeE-R.    .    .    .    .    .    .    .    .    .   .   ld1w	{ z4.s }, p0/z, [x12, z0.s, uxtw]
[0,47]    .    .    .    . DeE---------R.    .    .    .    .    .    .    .    .    .   .   add	x12, x7, x9
[0,48]    .    .    .    .  D==eeeeeeeeeER   .    .    .    .    .    .    .    .    .   .   ld1w	{ z5.s }, p0/z, [x12, z0.s, uxtw]
[0,49]    .    .    .    .  DeE----------R   .    .    .    .    .    .    .    .    .   .   add	x12, x12, #4
[0,50]    .    .    .    .   D=eeeeeeeeeER   .    .    .    .    .    .    .    .    .   .   ld1w	{ z6.s }, p0/z, [x12, z0.s, uxtw]
[0,51]    .    .    .    .   DeE---------R   .    .    .    .    .    .    .    .    .   .   add	x12, x11, x9
[0,52]    .    .    .    .    DeE--------R   .    .    .    .    .    .    .    .    .   .   incb	x9, all, mul #2
[0,53]    .    .    .    .    D=====eeeeER   .    .    .    .    .    .    .    .    .   .   fmla	z2.s, p0/m, z18.s, z16.s
[0,54]    .    .    .    .    D=====eeeeER   .    .    .    .    .    .    .    .    .   .   fmls	z1.s, p0/m, z18.s, z7.s
[0,55]    .    .    .    .    D=========eeeeER    .    .    .    .    .    .    .    .   .   fmla	z2.s, p0/m, z5.s, z3.s
[0,56]    .    .    .    .    D=========eeeeER    .    .    .    .    .    .    .    .   .   fmla	z1.s, p0/m, z5.s, z4.s
[0,57]    .    .    .    .    D===========eeeeER  .    .    .    .    .    .    .    .   .   fmla	z2.s, p0/m, z6.s, z4.s
[0,58]    .    .    .    .    .D===========eeeeER .    .    .    .    .    .    .    .   .   fmls	z1.s, p0/m, z6.s, z3.s
[0,59]    .    .    .    .    . D=============eeeeER   .    .    .    .    .    .    .   .   st1w	{ z2.s }, p0, [x12, z0.s, uxtw]
[0,60]    .    .    .    .    .  DeE---------------R   .    .    .    .    .    .    .   .   add	x12, x12, #4
[0,61]    .    .    .    .    .   D=============eeeeER .    .    .    .    .    .    .   .   st1w	{ z1.s }, p0, [x12, z0.s, uxtw]
[0,62]    .    .    .    .    .    DeE---------------R .    .    .    .    .    .    .   .   cmp	x10, x8
[0,63]    .    .    .    .    .    D=eE--------------R .    .    .    .    .    .    .   .   b.lo	.LBB0_2
[1,0]     .    .    .    .    .    DeE---------------R .    .    .    .    .    .    .   .   cbz	x8, .LBB0_3
[1,1]     .    .    .    .    .    DeeeeE------------R .    .    .    .    .    .    .   .   ldr	x11, [sp]
[1,2]     .    .    .    .    .    .DeeeeE-----------R .    .    .    .    .    .    .   .   index	z0.s, #0, #8
[1,3]     .    .    .    .    .    .D----------------R .    .    .    .    .    .    .   .   mov	x9, xzr
[1,4]     .    .    .    .    .    .D----------------R .    .    .    .    .    .    .   .   mov	x10, xzr
[1,5]     .    .    .    .    .    .DeeeE------------R .    .    .    .    .    .    .   .   whilelo	p0.s, x10, x8
[1,6]     .    .    .    .    .    .DeE--------------R .    .    .    .    .    .    .   .   add	x12, x0, x9
[1,7]     .    .    .    .    .    . D---------------R .    .    .    .    .    .    .   .   movi	v1.2d, #0000000000000000
[1,8]     .    .    .    .    .    . D---------------R .    .    .    .    .    .    .   .   movi	v2.2d, #0000000000000000
[1,9]     .    .    .    .    .    . DeE-------------R .    .    .    .    .    .    .   .   incw	x10
[1,10]    .    .    .    .    .    .  D==eeeeeeeeeE--R .    .    .    .    .    .    .   .   ld1w	{ z3.s }, p0/z, [x12, z0.s, uxtw]
[1,11]    .    .    .    .    .    .  DeE------------R .    .    .    .    .    .    .   .   add	x12, x12, #4
[1,12]    .    .    .    .    .    .   D=eeeeeeeeeE--R .    .    .    .    .    .    .   .   ld1w	{ z4.s }, p0/z, [x12, z0.s, uxtw]
[1,13]    .    .    .    .    .    .   DeE-----------R .    .    .    .    .    .    .   .   add	x12, x4, x9
[1,14]    .    .    .    .    .    .    DeeeeeeeeeE--R .    .    .    .    .    .    .   .   ld1w	{ z5.s }, p0/z, [x12, z0.s, uxtw]
[1,15]    .    .    .    .    .    .    DeE----------R .    .    .    .    .    .    .   .   add	x12, x12, #4
[1,16]    .    .    .    .    .    .    .D==eeeeeeeeeER.    .    .    .    .    .    .   .   ld1w	{ z6.s }, p0/z, [x12, z0.s, uxtw]
[1,17]    .    .    .    .    .    .    .DeE----------R.    .    .    .    .    .    .   .   add	x12, x1, x9
[1,18]    .    .    .    .    .    .    . D=======eeeeER    .    .    .    .    .    .   .   fmla	z1.s, p0/m, z5.s, z4.s
[1,19]    .    .    .    .    .    .    . D=======eeeeER    .    .    .    .    .    .   .   fmla	z2.s, p0/m, z5.s, z3.s
[1,20]    .    .    .    .    .    .    . D==========eeeeER .    .    .    .    .    .   .   fmls	z1.s, p0/m, z6.s, z3.s
[1,21]    .    .    .    .    .    .    . D===========eeeeER.    .    .    .    .    .   .   fmla	z2.s, p0/m, z6.s, z4.s
[1,22]    .    .    .    .    .    .    .  D=eeeeeeeeeE----R.    .    .    .    .    .   .   ld1w	{ z3.s }, p0/z, [x12, z0.s, uxtw]
[1,23]    .    .    .    .    .    .    .  DeE-------------R.    .    .    .    .    .   .   add	x12, x12, #4
[1,24]    .    .    .    .    .    .    .   DeeeeeeeeeE----R.    .    .    .    .    .   .   ld1w	{ z4.s }, p0/z, [x12, z0.s, uxtw]
[1,25]    .    .    .    .    .    .    .   DeE------------R.    .    .    .    .    .   .   add	x12, x5, x9
[1,26]    .    .    .    .    .    .    .    D===eeeeeeeeeER.    .    .    .    .    .   .   ld1w	{ z5.s }, p0/z, [x12, z0.s, uxtw]
[1,27]    .    .    .    .    .    .    .    DeE-----------R.    .    .    .    .    .   .   add	x12, x12, #4
[1,28]    .    .    .    .    .    .    .    .D====eeeeeeeeeER   .    .    .    .    .   .   ld1w	{ z6.s }, p0/z, [x12, z0.s, uxtw]
[1,29]    .    .    .    .    .    .    .    .DeE------------R   .    .    .    .    .   .   add	x12, x2, x9
[1,30]    .    .    .    .    .    .    .    . D===eeeeeeeeeER   .    .    .    .    .   .   ld1w	{ z7.s }, p0/z, [x12, z0.s, uxtw]
[1,31]    .    .    .    .    .    .    .    . DeE-----------R   .    .    .    .    .   .   add	x12, x12, #4
[1,32]    .    .    .    .    .    .    .    .  D===eeeeeeeeeER  .    .    .    .    .   .   ld1w	{ z16.s }, p0/z, [x12, z0.s, uxtw]
[1,33]    .    .    .    .    .    .    .    .  DeE-----------R  .    .    .    .    .   .   add	x12, x6, x9
[1,34]    .    .    .    .    .    .    .    .   D=====eeeeeeeeeER    .    .    .    .   .   ld1w	{ z17.s }, p0/z, [x12, z0.s, uxtw]
[1,35]    .    .    .    .    .    .    .    .   DeE-------------R    .    .    .    .   .   add	x12, x12, #4
[1,36]    .    .    .    .    .    .    .    .    D====eeeeeeeeeER    .    .    .    .   .   ld1w	{ z18.s }, p0/z, [x12, z0.s, uxtw]
[1,37]    .    .    .    .    .    .    .    .    DeE------------R    .    .    .    .   .   add	x12, x3, x9
[1,38]    .    .    .    .    .    .    .    .    .D=======eeeeE-R    .    .    .    .   .   fmla	z1.s, p0/m, z5.s, z4.s
[1,39]    .    .    .    .    .    .    .    .    .D=======eeeeE-R    .    .    .    .   .   fmla	z2.s, p0/m, z5.s, z3.s
[1,40]    .    .    .    .    .    .    .    .    .D=========eeeeER   .    .    .    .   .   fmls	z1.s, p0/m, z6.s, z3.s
[1,41]    .    .    .    .    .    .    .    .    .D=========eeeeER   .    .    .    .   .   fmla	z2.s, p0/m, z6.s, z4.s
[1,42]    .    .    .    .    .    .    .    .    .D============eeeeER.    .    .    .   .   fmla	z2.s, p0/m, z17.s, z7.s
[1,43]    .    .    .    .    .    .    .    .    .D============eeeeER.    .    .    .   .   fmla	z1.s, p0/m, z17.s, z16.s
[1,44]    .    .    .    .    .    .    .    .    . D==eeeeeeeeeE----R.    .    .    .   .   ld1w	{ z3.s }, p0/z, [x12, z0.s, uxtw]
[1,45]    .    .    .    .    .    .    .    .    . DeE--------------R.    .    .    .   .   add	x12, x12, #4
[1,46]    .    .    .    .    .    .    .    .    .  D==eeeeeeeeeE---R.    .    .    .   .   ld1w	{ z4.s }, p0/z, [x12, z0.s, uxtw]
[1,47]    .    .    .    .    .    .    .    .    .  DeE-------------R.    .    .    .   .   add	x12, x7, x9
[1,48]    .    .    .    .    .    .    .    .    .   D====eeeeeeeeeER.    .    .    .   .   ld1w	{ z5.s }, p0/z, [x12, z0.s, uxtw]
[1,49]    .    .    .    .    .    .    .    .    .   DeE------------R.    .    .    .   .   add	x12, x12, #4
[1,50]    .    .    .    .    .    .    .    .    .    D====eeeeeeeeeER    .    .    .   .   ld1w	{ z6.s }, p0/z, [x12, z0.s, uxtw]
[1,51]    .    .    .    .    .    .    .    .    .    DeE------------R    .    .    .   .   add	x12, x11, x9
[1,52]    .    .    .    .    .    .    .    .    .    .DeE-----------R    .    .    .   .   incb	x9, all, mul #2
[1,53]    .    .    .    .    .    .    .    .    .    .D=========eeeeER   .    .    .   .   fmla	z2.s, p0/m, z18.s, z16.s
[1,54]    .    .    .    .    .    .    .    .    .    .D=========eeeeER   .    .    .   .   fmls	z1.s, p0/m, z18.s, z7.s
[1,55]    .    .    .    .    .    .    .    .    .    .D===========eeeeER .    .    .   .   fmla	z2.s, p0/m, z5.s, z3.s
[1,56]    .    .    .    .    .    .    .    .    .    .D============eeeeER.    .    .   .   fmla	z1.s, p0/m, z5.s, z4.s
[1,57]    .    .    .    .    .    .    .    .    .    .D=============eeeeER    .    .   .   fmla	z2.s, p0/m, z6.s, z4.s
[1,58]    .    .    .    .    .    .    .    .    .    . D=============eeeeER   .    .   .   fmls	z1.s, p0/m, z6.s, z3.s
[1,59]    .    .    .    .    .    .    .    .    .    .  D================eeeeER    .   .   st1w	{ z2.s }, p0, [x12, z0.s, uxtw]
[1,60]    .    .    .    .    .    .    .    .    .    .   DeE------------------R    .   .   add	x12, x12, #4
[1,61]    .    .    .    .    .    .    .    .    .    .    D===============eeeeER   .   .   st1w	{ z1.s }, p0, [x12, z0.s, uxtw]
[1,62]    .    .    .    .    .    .    .    .    .    .    .DeE-----------------R   .   .   cmp	x10, x8
[1,63]    .    .    .    .    .    .    .    .    .    .    .D=eE----------------R   .   .   b.lo	.LBB0_2
[2,0]     .    .    .    .    .    .    .    .    .    .    .DeE-----------------R   .   .   cbz	x8, .LBB0_3
[2,1]     .    .    .    .    .    .    .    .    .    .    .DeeeeE--------------R   .   .   ldr	x11, [sp]
[2,2]     .    .    .    .    .    .    .    .    .    .    . DeeeeE-------------R   .   .   index	z0.s, #0, #8
[2,3]     .    .    .    .    .    .    .    .    .    .    . D------------------R   .   .   mov	x9, xzr
[2,4]     .    .    .    .    .    .    .    .    .    .    . D------------------R   .   .   mov	x10, xzr
[2,5]     .    .    .    .    .    .    .    .    .    .    . DeeeE--------------R   .   .   whilelo	p0.s, x10, x8
[2,6]     .    .    .    .    .    .    .    .    .    .    . DeE----------------R   .   .   add	x12, x0, x9
[2,7]     .    .    .    .    .    .    .    .    .    .    .  D-----------------R   .   .   movi	v1.2d, #0000000000000000
[2,8]     .    .    .    .    .    .    .    .    .    .    .  D-----------------R   .   .   movi	v2.2d, #0000000000000000
[2,9]     .    .    .    .    .    .    .    .    .    .    .  DeE---------------R   .   .   incw	x10
[2,10]    .    .    .    .    .    .    .    .    .    .    .   D==eeeeeeeeeE----R   .   .   ld1w	{ z3.s }, p0/z, [x12, z0.s, uxtw]
[2,11]    .    .    .    .    .    .    .    .    .    .    .   DeE--------------R   .   .   add	x12, x12, #4
[2,12]    .    .    .    .    .    .    .    .    .    .    .    D=eeeeeeeeeE----R   .   .   ld1w	{ z4.s }, p0/z, [x12, z0.s, uxtw]
[2,13]    .    .    .    .    .    .    .    .    .    .    .    DeE-------------R   .   .   add	x12, x4, x9
[2,14]    .    .    .    .    .    .    .    .    .    .    .    .DeeeeeeeeeE----R   .   .   ld1w	{ z5.s }, p0/z, [x12, z0.s, uxtw]
[2,15]    .    .    .    .    .    .    .    .    .    .    .    .DeE------------R   .   .   add	x12, x12, #4
[2,16]    .    .    .    .    .    .    .    .    .    .    .    . D===eeeeeeeeeER   .   .   ld1w	{ z6.s }, p0/z, [x12, z0.s, uxtw]
[2,17]    .    .    .    .    .    .    .    .    .    .    .    . DeE-----------R   .   .   add	x12, x1, x9
[2,18]    .    .    .    .    .    .    .    .    .    .    .    .  D==========eeeeER.   .   fmla	z1.s, p0/m, z5.s, z4.s
[2,19]    .    .    .    .    .    .    .    .    .    .    .    .  D==========eeeeER.   .   fmla	z2.s, p0/m, z5.s, z3.s
[2,20]    .    .    .    .    .    .    .    .    .    .    .    .  D==============eeeeER.   fmls	z1.s, p0/m, z6.s, z3.s
[2,21]    .    .    .    .    .    .    .    .    .    .    .    .  D===============eeeeER   fmla	z2.s, p0/m, z6.s, z4.s
[2,22]    .    .    .    .    .    .    .    .    .    .    .    .   D=eeeeeeeeeE--------R   ld1w	{ z3.s }, p0/z, [x12, z0.s, uxtw]
[2,23]    .    .    .    .    .    .    .    .    .    .    .    .   DeE-----------------R   add	x12, x12, #4
[2,24]    .    .    .    .    .    .    .    .    .    .    .    .    DeeeeeeeeeE--------R   ld1w	{ z4.s }, p0/z, [x12, z0.s, uxtw]
[2,25]    .    .    .    .    .    .    .    .    .    .    .    .    DeE----------------R   add	x12, x5, x9
[2,26]    .    .    .    .    .    .    .    .    .    .    .    .    .DeeeeeeeeeE-------R   ld1w	{ z5.s }, p0/z, [x12, z0.s, uxtw]
[2,27]    .    .    .    .    .    .    .    .    .    .    .    .    .DeE---------------R   add	x12, x12, #4
[2,28]    .    .    .    .    .    .    .    .    .    .    .    .    . D==eeeeeeeeeE----R   ld1w	{ z6.s }, p0/z, [x12, z0.s, uxtw]
[2,29]    .    .    .    .    .    .    .    .    .    .    .    .    . DeE--------------R   add	x12, x2, x9
[2,30]    .    .    .    .    .    .    .    .    .    .    .    .    .  D=eeeeeeeeeE----R   ld1w	{ z7.s }, p0/z, [x12, z0.s, uxtw]
[2,31]    .    .    .    .    .    .    .    .    .    .    .    .    .  DeE-------------R   add	x12, x12, #4
[2,32]    .    .    .    .    .    .    .    .    .    .    .    .    .   D====eeeeeeeeeER   ld1w	{ z16.s }, p0/z, [x12, z0.s, uxtw]
[2,33]    .    .    .    .    .    .    .    .    .    .    .    .    .   DeE------------R   add	x12, x6, x9
Truncated display due to cycle limit


Average Wait times (based on the timeline view):
[0]: Executions
[1]: Average time spent waiting in a scheduler's queue
[2]: Average time spent waiting in a scheduler's queue while ready
[3]: Average time elapsed from WB until retire stage

      [0]    [1]    [2]    [3]
0.     10    1.0    1.0    15.1      cbz	x8, .LBB0_3
1.     10    1.0    1.0    12.4      ldr	x11, [sp]
2.     10    1.0    1.0    11.5      index	z0.s, #0, #8
3.     10    0.0    0.0    16.5      mov	x9, xzr
4.     10    0.0    0.0    16.5      mov	x10, xzr
5.     10    1.0    1.0    12.4      whilelo	p0.s, x10, x8
6.     10    1.0    1.0    14.4      add	x12, x0, x9
7.     10    0.0    0.0    15.5      movi	v1.2d, #0000000000000000
8.     10    0.0    0.0    15.5      movi	v2.2d, #0000000000000000
9.     10    1.0    1.0    13.5      incw	x10
10.    10    3.0    0.0    3.4       ld1w	{ z3.s }, p0/z, [x12, z0.s, uxtw]
11.    10    1.0    0.9    13.4      add	x12, x12, #4
12.    10    2.0    0.0    3.4       ld1w	{ z4.s }, p0/z, [x12, z0.s, uxtw]
13.    10    1.0    1.0    12.4      add	x12, x4, x9
14.    10    1.0    0.0    3.4       ld1w	{ z5.s }, p0/z, [x12, z0.s, uxtw]
15.    10    1.0    0.0    11.4      add	x12, x12, #4
16.    10    3.0    2.0    0.8       ld1w	{ z6.s }, p0/z, [x12, z0.s, uxtw]
17.    10    1.0    1.0    10.8      add	x12, x1, x9
18.    10    9.2    1.2    0.2       fmla	z1.s, p0/m, z5.s, z4.s
19.    10    9.5    1.5    0.2       fmla	z2.s, p0/m, z5.s, z3.s
20.    10    12.9   1.2    0.0       fmls	z1.s, p0/m, z6.s, z3.s
21.    10    13.9   2.1    0.0       fmla	z2.s, p0/m, z6.s, z4.s
22.    10    2.0    2.0    5.9       ld1w	{ z3.s }, p0/z, [x12, z0.s, uxtw]
23.    10    1.0    1.0    14.9      add	x12, x12, #4
24.    10    1.2    0.2    5.7       ld1w	{ z4.s }, p0/z, [x12, z0.s, uxtw]
25.    10    1.0    1.0    13.9      add	x12, x5, x9
26.    10    1.3    0.3    4.6       ld1w	{ z5.s }, p0/z, [x12, z0.s, uxtw]
27.    10    1.0    0.0    12.9      add	x12, x12, #4
28.    10    2.6    1.6    2.5       ld1w	{ z6.s }, p0/z, [x12, z0.s, uxtw]
29.    10    1.0    1.0    12.1      add	x12, x2, x9
30.    10    3.2    2.2    1.6       ld1w	{ z7.s }, p0/z, [x12, z0.s, uxtw]
31.    10    1.0    0.0    11.8      add	x12, x12, #4
32.    10    4.5    3.5    0.0       ld1w	{ z16.s }, p0/z, [x12, z0.s, uxtw]
33.    10    1.0    1.0    11.5      add	x12, x6, x9
34.    10    4.6    3.6    0.0       ld1w	{ z17.s }, p0/z, [x12, z0.s, uxtw]
35.    10    1.0    0.0    11.6      add	x12, x12, #4
36.    10    4.0    3.0    0.0       ld1w	{ z18.s }, p0/z, [x12, z0.s, uxtw]
37.    10    1.0    1.0    11.0      add	x12, x3, x9
38.    10    6.6    0.1    1.4       fmla	z1.s, p0/m, z5.s, z4.s
39.    10    7.5    0.4    1.1       fmla	z2.s, p0/m, z5.s, z3.s
40.    10    8.6    0.0    0.7       fmls	z1.s, p0/m, z6.s, z3.s
41.    10    9.5    0.0    0.4       fmla	z2.s, p0/m, z6.s, z4.s
42.    10    12.2   0.0    0.0       fmla	z2.s, p0/m, z17.s, z7.s
43.    10    11.6   0.0    0.6       fmla	z1.s, p0/m, z17.s, z16.s
44.    10    3.2    3.2    3.0       ld1w	{ z3.s }, p0/z, [x12, z0.s, uxtw]
45.    10    1.0    1.0    13.2      add	x12, x12, #4
46.    10    4.2    3.2    1.0       ld1w	{ z4.s }, p0/z, [x12, z0.s, uxtw]
47.    10    1.0    1.0    12.2      add	x12, x7, x9
48.    10    4.0    3.0    0.6       ld1w	{ z5.s }, p0/z, [x12, z0.s, uxtw]
49.    10    1.0    0.0    11.6      add	x12, x12, #4
50.    10    3.9    2.9    0.4       ld1w	{ z6.s }, p0/z, [x12, z0.s, uxtw]
51.    10    1.0    1.0    11.3      add	x12, x11, x9
52.    10    1.0    1.0    10.3      incb	x9, all, mul #2
53.    10    9.2    0.0    0.2       fmla	z2.s, p0/m, z18.s, z16.s
54.    10    8.6    0.0    0.8       fmls	z1.s, p0/m, z18.s, z7.s
55.    10    11.6   0.0    0.0       fmla	z2.s, p0/m, z5.s, z3.s
56.    10    11.3   0.3    0.6       fmla	z1.s, p0/m, z5.s, z4.s
57.    10    14.0   0.2    0.0       fmla	z2.s, p0/m, z6.s, z4.s
58.    10    13.0   0.3    0.4       fmls	z1.s, p0/m, z6.s, z3.s
59.    10    16.7   0.7    0.0       st1w	{ z2.s }, p0, [x12, z0.s, uxtw]
60.    10    1.0    1.0    17.7      add	x12, x12, #4
61.    10    15.7   0.9    0.0       st1w	{ z1.s }, p0, [x12, z0.s, uxtw]
62.    10    1.0    1.0    16.7      cmp	x10, x8
63.    10    2.0    0.0    15.7      b.lo	.LBB0_2
       640   4.3    0.9    6.9       <total>