armv8-a clang 23.1.0
-O3 -std=c++17 -mcpu=neoverse-v2+sme (sme not activated on Neoverse-V2)
LLVM MCA: -mcpu=neoverse-v2 -mattr=+sme -timeline

[0] Code Region - mrc4_sme

Iterations:        100
Instructions:      3700
Total Cycles:      675
Total uOps:        3900

Dispatch Width:    6
uOps Per Cycle:    5.78
IPC:               5.48
Block RThroughput: 6.5


Instruction Info:
[1]: #uOps
[2]: Latency
[3]: RThroughput
[4]: MayLoad
[5]: MayStore
[6]: HasSideEffects (U)

[1]    [2]    [3]    [4]    [5]    [6]    Instructions:
 1      6     0.33    *                   ldr	z0, [x0]
 1      6     0.33    *                   ldr	z1, [x4]
 1      2     0.25                        mov	z4.s, #0
 1      4     0.33    *                   ldr	x8, [sp, #2144]
 1      6     0.33    *                   ld1w	{ z2.s }, p0/z, [x0, x9, lsl #2]
 1      6     0.33    *                   ld1w	{ z3.s }, p0/z, [x4, x9, lsl #2]
 1      2     0.25                        mov	z5.d, z4.d
 1      5     0.25                        fcmla	z5.s, p0/m, z1.s, z0.s, #0
 1      5     0.25                        fcmla	z4.s, p0/m, z3.s, z2.s, #0
 1      5     0.25                        fcmla	z5.s, p0/m, z1.s, z0.s, #270
 1      6     0.33    *                   ldr	z0, [x1]
 1      6     0.33    *                   ldr	z1, [x5]
 1      5     0.25                        fcmla	z4.s, p0/m, z3.s, z2.s, #270
 1      6     0.33    *                   ld1w	{ z2.s }, p0/z, [x1, x9, lsl #2]
 1      6     0.33    *                   ld1w	{ z3.s }, p0/z, [x5, x9, lsl #2]
 1      5     0.25                        fcmla	z5.s, p0/m, z1.s, z0.s, #0
 1      5     0.25                        fcmla	z4.s, p0/m, z3.s, z2.s, #0
 1      5     0.25                        fcmla	z5.s, p0/m, z1.s, z0.s, #270
 1      6     0.33    *                   ldr	z0, [x2]
 1      6     0.33    *                   ldr	z1, [x6]
 1      5     0.25                        fcmla	z4.s, p0/m, z3.s, z2.s, #270
 1      6     0.33    *                   ld1w	{ z2.s }, p0/z, [x2, x9, lsl #2]
 1      6     0.33    *                   ld1w	{ z3.s }, p0/z, [x6, x9, lsl #2]
 1      5     0.25                        fcmla	z5.s, p0/m, z1.s, z0.s, #0
 1      5     0.25                        fcmla	z4.s, p0/m, z3.s, z2.s, #0
 1      5     0.25                        fcmla	z5.s, p0/m, z1.s, z0.s, #270
 1      6     0.33    *                   ldr	z0, [x3]
 1      6     0.33    *                   ldr	z1, [x7]
 1      5     0.25                        fcmla	z4.s, p0/m, z3.s, z2.s, #270
 1      6     0.33    *                   ld1w	{ z2.s }, p0/z, [x3, x9, lsl #2]
 1      6     0.33    *                   ld1w	{ z3.s }, p0/z, [x7, x9, lsl #2]
 1      5     0.25                        fcmla	z5.s, p0/m, z1.s, z0.s, #0
 1      5     0.25                        fcmla	z4.s, p0/m, z3.s, z2.s, #0
 1      5     0.25                        fcmla	z5.s, p0/m, z1.s, z0.s, #270
 1      5     0.25                        fcmla	z4.s, p0/m, z3.s, z2.s, #270
 2      2     0.50           *            str	z5, [x8]
 2      2     0.50           *            st1w	{ z4.s }, p0, [x8, x9, lsl #2]


Resources:
[0.0] - V2UnitB
[0.1] - V2UnitB
[1.0] - V2UnitD
[1.1] - V2UnitD
[2.0] - V2UnitFlg
[2.1] - V2UnitFlg
[2.2] - V2UnitFlg
[3]   - V2UnitL2
[4.0] - V2UnitL01
[4.1] - V2UnitL01
[5]   - V2UnitM0
[6]   - V2UnitM1
[7]   - V2UnitS0
[8]   - V2UnitS1
[9]   - V2UnitS2
[10]  - V2UnitS3
[11]  - V2UnitV0
[12]  - V2UnitV1
[13]  - V2UnitV2
[14]  - V2UnitV3


Resource pressure per iteration:
[0.0]  [0.1]  [1.0]  [1.1]  [2.0]  [2.1]  [2.2]  [3]    [4.0]  [4.1]  [5]    [6]    [7]    [8]    [9]    [10]   [11]   [12]   [13]   [14]   
 -      -      -      -      -      -      -     6.22   6.39   6.39    -      -      -      -      -      -     5.00   5.00   5.00   5.00   

Resource pressure by instruction:
[0.0]  [0.1]  [1.0]  [1.1]  [2.0]  [2.1]  [2.2]  [3]    [4.0]  [4.1]  [5]    [6]    [7]    [8]    [9]    [10]   [11]   [12]   [13]   [14]   Instructions:
 -      -      -      -      -      -      -     0.49   0.25   0.26    -      -      -      -      -      -      -      -      -      -     ldr	z0, [x0]
 -      -      -      -      -      -      -     0.49   0.25   0.26    -      -      -      -      -      -      -      -      -      -     ldr	z1, [x4]
 -      -      -      -      -      -      -      -      -      -      -      -      -      -      -      -     0.01   0.48   0.01   0.50   mov	z4.s, #0
 -      -      -      -      -      -      -     0.49   0.26   0.25    -      -      -      -      -      -      -      -      -      -     ldr	x8, [sp, #2144]
 -      -      -      -      -      -      -     0.25   0.37   0.38    -      -      -      -      -      -      -      -      -      -     ld1w	{ z2.s }, p0/z, [x0, x9, lsl #2]
 -      -      -      -      -      -      -     0.26   0.37   0.37    -      -      -      -      -      -      -      -      -      -     ld1w	{ z3.s }, p0/z, [x4, x9, lsl #2]
 -      -      -      -      -      -      -      -      -      -      -      -      -      -      -      -     0.49   0.49   0.02    -     mov	z5.d, z4.d
 -      -      -      -      -      -      -      -      -      -      -      -      -      -      -      -     0.02   0.48   0.01   0.49   fcmla	z5.s, p0/m, z1.s, z0.s, #0
 -      -      -      -      -      -      -      -      -      -      -      -      -      -      -      -     0.50   0.48   0.01   0.01   fcmla	z4.s, p0/m, z3.s, z2.s, #0
 -      -      -      -      -      -      -      -      -      -      -      -      -      -      -      -     0.49   0.02   0.48   0.01   fcmla	z5.s, p0/m, z1.s, z0.s, #270
 -      -      -      -      -      -      -     0.49   0.26   0.25    -      -      -      -      -      -      -      -      -      -     ldr	z0, [x1]
 -      -      -      -      -      -      -     0.25   0.37   0.38    -      -      -      -      -      -      -      -      -      -     ldr	z1, [x5]
 -      -      -      -      -      -      -      -      -      -      -      -      -      -      -      -      -     0.02   0.49   0.49   fcmla	z4.s, p0/m, z3.s, z2.s, #270
 -      -      -      -      -      -      -     0.26   0.37   0.37    -      -      -      -      -      -      -      -      -      -     ld1w	{ z2.s }, p0/z, [x1, x9, lsl #2]
 -      -      -      -      -      -      -     0.49   0.26   0.25    -      -      -      -      -      -      -      -      -      -     ld1w	{ z3.s }, p0/z, [x5, x9, lsl #2]
 -      -      -      -      -      -      -      -      -      -      -      -      -      -      -      -     0.01   0.48   0.01   0.50   fcmla	z5.s, p0/m, z1.s, z0.s, #0
 -      -      -      -      -      -      -      -      -      -      -      -      -      -      -      -     0.02   0.48   0.49   0.01   fcmla	z4.s, p0/m, z3.s, z2.s, #0
 -      -      -      -      -      -      -      -      -      -      -      -      -      -      -      -     0.01   0.01   0.50   0.48   fcmla	z5.s, p0/m, z1.s, z0.s, #270
 -      -      -      -      -      -      -     0.25   0.37   0.38    -      -      -      -      -      -      -      -      -      -     ldr	z0, [x2]
 -      -      -      -      -      -      -     0.26   0.37   0.37    -      -      -      -      -      -      -      -      -      -     ldr	z1, [x6]
 -      -      -      -      -      -      -      -      -      -      -      -      -      -      -      -     0.49    -     0.49   0.02   fcmla	z4.s, p0/m, z3.s, z2.s, #270
 -      -      -      -      -      -      -     0.49   0.26   0.25    -      -      -      -      -      -      -      -      -      -     ld1w	{ z2.s }, p0/z, [x2, x9, lsl #2]
 -      -      -      -      -      -      -     0.25   0.37   0.38    -      -      -      -      -      -      -      -      -      -     ld1w	{ z3.s }, p0/z, [x6, x9, lsl #2]
 -      -      -      -      -      -      -      -      -      -      -      -      -      -      -      -     0.02   0.49   0.01   0.48   fcmla	z5.s, p0/m, z1.s, z0.s, #0
 -      -      -      -      -      -      -      -      -      -      -      -      -      -      -      -     0.48   0.49   0.03    -     fcmla	z4.s, p0/m, z3.s, z2.s, #0
 -      -      -      -      -      -      -      -      -      -      -      -      -      -      -      -     0.01   0.02   0.47   0.50   fcmla	z5.s, p0/m, z1.s, z0.s, #270
 -      -      -      -      -      -      -     0.26   0.37   0.37    -      -      -      -      -      -      -      -      -      -     ldr	z0, [x3]
 -      -      -      -      -      -      -     0.49   0.26   0.25    -      -      -      -      -      -      -      -      -      -     ldr	z1, [x7]
 -      -      -      -      -      -      -      -      -      -      -      -      -      -      -      -     0.50   0.01   0.01   0.48   fcmla	z4.s, p0/m, z3.s, z2.s, #270
 -      -      -      -      -      -      -     0.25   0.35   0.40    -      -      -      -      -      -      -      -      -      -     ld1w	{ z2.s }, p0/z, [x3, x9, lsl #2]
 -      -      -      -      -      -      -     0.50   0.25   0.25    -      -      -      -      -      -      -      -      -      -     ld1w	{ z3.s }, p0/z, [x7, x9, lsl #2]
 -      -      -      -      -      -      -      -      -      -      -      -      -      -      -      -     0.49    -     0.49   0.02   fcmla	z5.s, p0/m, z1.s, z0.s, #0
 -      -      -      -      -      -      -      -      -      -      -      -      -      -      -      -      -     0.01   0.50   0.49   fcmla	z4.s, p0/m, z3.s, z2.s, #0
 -      -      -      -      -      -      -      -      -      -      -      -      -      -      -      -     0.01    -     0.49   0.50   fcmla	z5.s, p0/m, z1.s, z0.s, #270
 -      -      -      -      -      -      -      -      -      -      -      -      -      -      -      -     0.48   0.01   0.49   0.02   fcmla	z4.s, p0/m, z3.s, z2.s, #270
 -      -      -      -      -      -      -      -     0.50   0.50    -      -      -      -      -      -     0.48   0.52    -      -     str	z5, [x8]
 -      -      -      -      -      -      -      -     0.53   0.47    -      -      -      -      -      -     0.49   0.51    -      -     st1w	{ z4.s }, p0, [x8, x9, lsl #2]


Timeline view:
                    0123456789          0123456789          0123456789          0123456789
Index     0123456789          0123456789          0123456789          0123456789          

[0,0]     DeeeeeeER .    .    .    .    .    .    .    .    .    .    .    .    .    .   .   ldr	z0, [x0]
[0,1]     DeeeeeeER .    .    .    .    .    .    .    .    .    .    .    .    .    .   .   ldr	z1, [x4]
[0,2]     DeeE----R .    .    .    .    .    .    .    .    .    .    .    .    .    .   .   mov	z4.s, #0
[0,3]     DeeeeE--R .    .    .    .    .    .    .    .    .    .    .    .    .    .   .   ldr	x8, [sp, #2144]
[0,4]     D=eeeeeeER.    .    .    .    .    .    .    .    .    .    .    .    .    .   .   ld1w	{ z2.s }, p0/z, [x0, x9, lsl #2]
[0,5]     D=eeeeeeER.    .    .    .    .    .    .    .    .    .    .    .    .    .   .   ld1w	{ z3.s }, p0/z, [x4, x9, lsl #2]
[0,6]     .D=eeE---R.    .    .    .    .    .    .    .    .    .    .    .    .    .   .   mov	z5.d, z4.d
[0,7]     .D=====eeeeeER .    .    .    .    .    .    .    .    .    .    .    .    .   .   fcmla	z5.s, p0/m, z1.s, z0.s, #0
[0,8]     .D======eeeeeER.    .    .    .    .    .    .    .    .    .    .    .    .   .   fcmla	z4.s, p0/m, z3.s, z2.s, #0
[0,9]     .D=======eeeeeER    .    .    .    .    .    .    .    .    .    .    .    .   .   fcmla	z5.s, p0/m, z1.s, z0.s, #270
[0,10]    .DeeeeeeE------R    .    .    .    .    .    .    .    .    .    .    .    .   .   ldr	z0, [x1]
[0,11]    .D=eeeeeeE-----R    .    .    .    .    .    .    .    .    .    .    .    .   .   ldr	z1, [x5]
[0,12]    . D=======eeeeeER   .    .    .    .    .    .    .    .    .    .    .    .   .   fcmla	z4.s, p0/m, z3.s, z2.s, #270
[0,13]    . DeeeeeeE------R   .    .    .    .    .    .    .    .    .    .    .    .   .   ld1w	{ z2.s }, p0/z, [x1, x9, lsl #2]
[0,14]    . DeeeeeeE------R   .    .    .    .    .    .    .    .    .    .    .    .   .   ld1w	{ z3.s }, p0/z, [x5, x9, lsl #2]
[0,15]    . D========eeeeeER  .    .    .    .    .    .    .    .    .    .    .    .   .   fcmla	z5.s, p0/m, z1.s, z0.s, #0
[0,16]    . D=========eeeeeER .    .    .    .    .    .    .    .    .    .    .    .   .   fcmla	z4.s, p0/m, z3.s, z2.s, #0
[0,17]    . D==========eeeeeER.    .    .    .    .    .    .    .    .    .    .    .   .   fcmla	z5.s, p0/m, z1.s, z0.s, #270
[0,18]    .  DeeeeeeE--------R.    .    .    .    .    .    .    .    .    .    .    .   .   ldr	z0, [x2]
[0,19]    .  DeeeeeeE--------R.    .    .    .    .    .    .    .    .    .    .    .   .   ldr	z1, [x6]
[0,20]    .  D==========eeeeeER    .    .    .    .    .    .    .    .    .    .    .   .   fcmla	z4.s, p0/m, z3.s, z2.s, #270
[0,21]    .  DeeeeeeE---------R    .    .    .    .    .    .    .    .    .    .    .   .   ld1w	{ z2.s }, p0/z, [x2, x9, lsl #2]
[0,22]    .  D=eeeeeeE--------R    .    .    .    .    .    .    .    .    .    .    .   .   ld1w	{ z3.s }, p0/z, [x6, x9, lsl #2]
[0,23]    .  D===========eeeeeER   .    .    .    .    .    .    .    .    .    .    .   .   fcmla	z5.s, p0/m, z1.s, z0.s, #0
[0,24]    .   D===========eeeeeER  .    .    .    .    .    .    .    .    .    .    .   .   fcmla	z4.s, p0/m, z3.s, z2.s, #0
[0,25]    .   D============eeeeeER .    .    .    .    .    .    .    .    .    .    .   .   fcmla	z5.s, p0/m, z1.s, z0.s, #270
[0,26]    .   DeeeeeeE-----------R .    .    .    .    .    .    .    .    .    .    .   .   ldr	z0, [x3]
[0,27]    .   DeeeeeeE-----------R .    .    .    .    .    .    .    .    .    .    .   .   ldr	z1, [x7]
[0,28]    .   D=============eeeeeER.    .    .    .    .    .    .    .    .    .    .   .   fcmla	z4.s, p0/m, z3.s, z2.s, #270
[0,29]    .   D=eeeeeeE-----------R.    .    .    .    .    .    .    .    .    .    .   .   ld1w	{ z2.s }, p0/z, [x3, x9, lsl #2]
[0,30]    .    DeeeeeeE-----------R.    .    .    .    .    .    .    .    .    .    .   .   ld1w	{ z3.s }, p0/z, [x7, x9, lsl #2]
[0,31]    .    D=============eeeeeER    .    .    .    .    .    .    .    .    .    .   .   fcmla	z5.s, p0/m, z1.s, z0.s, #0
[0,32]    .    D==============eeeeeER   .    .    .    .    .    .    .    .    .    .   .   fcmla	z4.s, p0/m, z3.s, z2.s, #0
[0,33]    .    D===============eeeeeER  .    .    .    .    .    .    .    .    .    .   .   fcmla	z5.s, p0/m, z1.s, z0.s, #270
[0,34]    .    D================eeeeeER .    .    .    .    .    .    .    .    .    .   .   fcmla	z4.s, p0/m, z3.s, z2.s, #270
[0,35]    .    .D===================eeER.    .    .    .    .    .    .    .    .    .   .   str	z5, [x8]
[0,36]    .    .D====================eeER    .    .    .    .    .    .    .    .    .   .   st1w	{ z4.s }, p0, [x8, x9, lsl #2]
[1,0]     .    .DeeeeeeE----------------R    .    .    .    .    .    .    .    .    .   .   ldr	z0, [x0]
[1,1]     .    .DeeeeeeE----------------R    .    .    .    .    .    .    .    .    .   .   ldr	z1, [x4]
[1,2]     .    . DeeE-------------------R    .    .    .    .    .    .    .    .    .   .   mov	z4.s, #0
[1,3]     .    . DeeeeE-----------------R    .    .    .    .    .    .    .    .    .   .   ldr	x8, [sp, #2144]
[1,4]     .    . DeeeeeeE---------------R    .    .    .    .    .    .    .    .    .   .   ld1w	{ z2.s }, p0/z, [x0, x9, lsl #2]
[1,5]     .    . DeeeeeeE---------------R    .    .    .    .    .    .    .    .    .   .   ld1w	{ z3.s }, p0/z, [x4, x9, lsl #2]
[1,6]     .    . D==eeE-----------------R    .    .    .    .    .    .    .    .    .   .   mov	z5.d, z4.d
[1,7]     .    . D=====eeeeeE-----------R    .    .    .    .    .    .    .    .    .   .   fcmla	z5.s, p0/m, z1.s, z0.s, #0
[1,8]     .    .  D=====eeeeeE----------R    .    .    .    .    .    .    .    .    .   .   fcmla	z4.s, p0/m, z3.s, z2.s, #0
[1,9]     .    .  D======eeeeeE---------R    .    .    .    .    .    .    .    .    .   .   fcmla	z5.s, p0/m, z1.s, z0.s, #270
[1,10]    .    .  DeeeeeeE--------------R    .    .    .    .    .    .    .    .    .   .   ldr	z0, [x1]
[1,11]    .    .  DeeeeeeE--------------R    .    .    .    .    .    .    .    .    .   .   ldr	z1, [x5]
[1,12]    .    .  D=======eeeeeE--------R    .    .    .    .    .    .    .    .    .   .   fcmla	z4.s, p0/m, z3.s, z2.s, #270
[1,13]    .    .  DeeeeeeE--------------R    .    .    .    .    .    .    .    .    .   .   ld1w	{ z2.s }, p0/z, [x1, x9, lsl #2]
[1,14]    .    .   DeeeeeeE-------------R    .    .    .    .    .    .    .    .    .   .   ld1w	{ z3.s }, p0/z, [x5, x9, lsl #2]
[1,15]    .    .   D=======eeeeeE-------R    .    .    .    .    .    .    .    .    .   .   fcmla	z5.s, p0/m, z1.s, z0.s, #0
[1,16]    .    .   D========eeeeeE------R    .    .    .    .    .    .    .    .    .   .   fcmla	z4.s, p0/m, z3.s, z2.s, #0
[1,17]    .    .   D=========eeeeeE-----R    .    .    .    .    .    .    .    .    .   .   fcmla	z5.s, p0/m, z1.s, z0.s, #270
[1,18]    .    .   DeeeeeeE-------------R    .    .    .    .    .    .    .    .    .   .   ldr	z0, [x2]
[1,19]    .    .   DeeeeeeE-------------R    .    .    .    .    .    .    .    .    .   .   ldr	z1, [x6]
[1,20]    .    .    D=========eeeeeE----R    .    .    .    .    .    .    .    .    .   .   fcmla	z4.s, p0/m, z3.s, z2.s, #270
[1,21]    .    .    DeeeeeeE------------R    .    .    .    .    .    .    .    .    .   .   ld1w	{ z2.s }, p0/z, [x2, x9, lsl #2]
[1,22]    .    .    DeeeeeeE------------R    .    .    .    .    .    .    .    .    .   .   ld1w	{ z3.s }, p0/z, [x6, x9, lsl #2]
[1,23]    .    .    D==========eeeeeE---R    .    .    .    .    .    .    .    .    .   .   fcmla	z5.s, p0/m, z1.s, z0.s, #0
[1,24]    .    .    D===========eeeeeE--R    .    .    .    .    .    .    .    .    .   .   fcmla	z4.s, p0/m, z3.s, z2.s, #0
[1,25]    .    .    D============eeeeeE-R    .    .    .    .    .    .    .    .    .   .   fcmla	z5.s, p0/m, z1.s, z0.s, #270
[1,26]    .    .    .DeeeeeeE-----------R    .    .    .    .    .    .    .    .    .   .   ldr	z0, [x3]
[1,27]    .    .    .DeeeeeeE-----------R    .    .    .    .    .    .    .    .    .   .   ldr	z1, [x7]
[1,28]    .    .    .D============eeeeeER    .    .    .    .    .    .    .    .    .   .   fcmla	z4.s, p0/m, z3.s, z2.s, #270
[1,29]    .    .    .DeeeeeeE-----------R    .    .    .    .    .    .    .    .    .   .   ld1w	{ z2.s }, p0/z, [x3, x9, lsl #2]
[1,30]    .    .    .D=eeeeeeE----------R    .    .    .    .    .    .    .    .    .   .   ld1w	{ z3.s }, p0/z, [x7, x9, lsl #2]
[1,31]    .    .    .D=============eeeeeER   .    .    .    .    .    .    .    .    .   .   fcmla	z5.s, p0/m, z1.s, z0.s, #0
[1,32]    .    .    . D=============eeeeeER  .    .    .    .    .    .    .    .    .   .   fcmla	z4.s, p0/m, z3.s, z2.s, #0
[1,33]    .    .    . D==============eeeeeER .    .    .    .    .    .    .    .    .   .   fcmla	z5.s, p0/m, z1.s, z0.s, #270
[1,34]    .    .    . D===============eeeeeER.    .    .    .    .    .    .    .    .   .   fcmla	z4.s, p0/m, z3.s, z2.s, #270
[1,35]    .    .    . D===================eeER    .    .    .    .    .    .    .    .   .   str	z5, [x8]
[1,36]    .    .    .  D===================eeER   .    .    .    .    .    .    .    .   .   st1w	{ z4.s }, p0, [x8, x9, lsl #2]
[2,0]     .    .    .  DeeeeeeE---------------R   .    .    .    .    .    .    .    .   .   ldr	z0, [x0]
[2,1]     .    .    .  DeeeeeeE---------------R   .    .    .    .    .    .    .    .   .   ldr	z1, [x4]
[2,2]     .    .    .  DeeE-------------------R   .    .    .    .    .    .    .    .   .   mov	z4.s, #0
[2,3]     .    .    .  DeeeeE-----------------R   .    .    .    .    .    .    .    .   .   ldr	x8, [sp, #2144]
[2,4]     .    .    .   DeeeeeeE--------------R   .    .    .    .    .    .    .    .   .   ld1w	{ z2.s }, p0/z, [x0, x9, lsl #2]
[2,5]     .    .    .   DeeeeeeE--------------R   .    .    .    .    .    .    .    .   .   ld1w	{ z3.s }, p0/z, [x4, x9, lsl #2]
[2,6]     .    .    .   D=eeE-----------------R   .    .    .    .    .    .    .    .   .   mov	z5.d, z4.d
[2,7]     .    .    .   D=====eeeeeE----------R   .    .    .    .    .    .    .    .   .   fcmla	z5.s, p0/m, z1.s, z0.s, #0
[2,8]     .    .    .   D======eeeeeE---------R   .    .    .    .    .    .    .    .   .   fcmla	z4.s, p0/m, z3.s, z2.s, #0
[2,9]     .    .    .   D=======eeeeeE--------R   .    .    .    .    .    .    .    .   .   fcmla	z5.s, p0/m, z1.s, z0.s, #270
[2,10]    .    .    .    DeeeeeeE-------------R   .    .    .    .    .    .    .    .   .   ldr	z0, [x1]
[2,11]    .    .    .    DeeeeeeE-------------R   .    .    .    .    .    .    .    .   .   ldr	z1, [x5]
[2,12]    .    .    .    D=======eeeeeE-------R   .    .    .    .    .    .    .    .   .   fcmla	z4.s, p0/m, z3.s, z2.s, #270
[2,13]    .    .    .    DeeeeeeE-------------R   .    .    .    .    .    .    .    .   .   ld1w	{ z2.s }, p0/z, [x1, x9, lsl #2]
[2,14]    .    .    .    D=eeeeeeE------------R   .    .    .    .    .    .    .    .   .   ld1w	{ z3.s }, p0/z, [x5, x9, lsl #2]
[2,15]    .    .    .    D========eeeeeE------R   .    .    .    .    .    .    .    .   .   fcmla	z5.s, p0/m, z1.s, z0.s, #0
[2,16]    .    .    .    .D========eeeeeE-----R   .    .    .    .    .    .    .    .   .   fcmla	z4.s, p0/m, z3.s, z2.s, #0
[2,17]    .    .    .    .D=========eeeeeE----R   .    .    .    .    .    .    .    .   .   fcmla	z5.s, p0/m, z1.s, z0.s, #270
[2,18]    .    .    .    .DeeeeeeE------------R   .    .    .    .    .    .    .    .   .   ldr	z0, [x2]
[2,19]    .    .    .    .DeeeeeeE------------R   .    .    .    .    .    .    .    .   .   ldr	z1, [x6]
[2,20]    .    .    .    .D==========eeeeeE---R   .    .    .    .    .    .    .    .   .   fcmla	z4.s, p0/m, z3.s, z2.s, #270
[2,21]    .    .    .    .D=eeeeeeE-----------R   .    .    .    .    .    .    .    .   .   ld1w	{ z2.s }, p0/z, [x2, x9, lsl #2]
[2,22]    .    .    .    . DeeeeeeE-----------R   .    .    .    .    .    .    .    .   .   ld1w	{ z3.s }, p0/z, [x6, x9, lsl #2]
[2,23]    .    .    .    . D==========eeeeeE--R   .    .    .    .    .    .    .    .   .   fcmla	z5.s, p0/m, z1.s, z0.s, #0
[2,24]    .    .    .    . D===========eeeeeE-R   .    .    .    .    .    .    .    .   .   fcmla	z4.s, p0/m, z3.s, z2.s, #0
[2,25]    .    .    .    . D============eeeeeER   .    .    .    .    .    .    .    .   .   fcmla	z5.s, p0/m, z1.s, z0.s, #270
[2,26]    .    .    .    . DeeeeeeE-----------R   .    .    .    .    .    .    .    .   .   ldr	z0, [x3]
[2,27]    .    .    .    . D=eeeeeeE----------R   .    .    .    .    .    .    .    .   .   ldr	z1, [x7]
[2,28]    .    .    .    .  D============eeeeeER  .    .    .    .    .    .    .    .   .   fcmla	z4.s, p0/m, z3.s, z2.s, #270
[2,29]    .    .    .    .  DeeeeeeE-----------R  .    .    .    .    .    .    .    .   .   ld1w	{ z2.s }, p0/z, [x3, x9, lsl #2]
[2,30]    .    .    .    .  DeeeeeeE-----------R  .    .    .    .    .    .    .    .   .   ld1w	{ z3.s }, p0/z, [x7, x9, lsl #2]
[2,31]    .    .    .    .  D=============eeeeeER .    .    .    .    .    .    .    .   .   fcmla	z5.s, p0/m, z1.s, z0.s, #0
[2,32]    .    .    .    .  D==============eeeeeER.    .    .    .    .    .    .    .   .   fcmla	z4.s, p0/m, z3.s, z2.s, #0
[2,33]    .    .    .    .  D===============eeeeeER    .    .    .    .    .    .    .   .   fcmla	z5.s, p0/m, z1.s, z0.s, #270
[2,34]    .    .    .    .   D===============eeeeeER   .    .    .    .    .    .    .   .   fcmla	z4.s, p0/m, z3.s, z2.s, #270
[2,35]    .    .    .    .   D===================eeER  .    .    .    .    .    .    .   .   str	z5, [x8]
[2,36]    .    .    .    .   D====================eeER .    .    .    .    .    .    .   .   st1w	{ z4.s }, p0, [x8, x9, lsl #2]
[3,0]     .    .    .    .   DeeeeeeE----------------R .    .    .    .    .    .    .   .   ldr	z0, [x0]
[3,1]     .    .    .    .    DeeeeeeE---------------R .    .    .    .    .    .    .   .   ldr	z1, [x4]
[3,2]     .    .    .    .    DeeE-------------------R .    .    .    .    .    .    .   .   mov	z4.s, #0
[3,3]     .    .    .    .    DeeeeE-----------------R .    .    .    .    .    .    .   .   ldr	x8, [sp, #2144]
[3,4]     .    .    .    .    DeeeeeeE---------------R .    .    .    .    .    .    .   .   ld1w	{ z2.s }, p0/z, [x0, x9, lsl #2]
[3,5]     .    .    .    .    D=eeeeeeE--------------R .    .    .    .    .    .    .   .   ld1w	{ z3.s }, p0/z, [x4, x9, lsl #2]
[3,6]     .    .    .    .    D==eeE-----------------R .    .    .    .    .    .    .   .   mov	z5.d, z4.d
[3,7]     .    .    .    .    .D=====eeeeeE----------R .    .    .    .    .    .    .   .   fcmla	z5.s, p0/m, z1.s, z0.s, #0
[3,8]     .    .    .    .    .D======eeeeeE---------R .    .    .    .    .    .    .   .   fcmla	z4.s, p0/m, z3.s, z2.s, #0
[3,9]     .    .    .    .    .D=======eeeeeE--------R .    .    .    .    .    .    .   .   fcmla	z5.s, p0/m, z1.s, z0.s, #270
[3,10]    .    .    .    .    .DeeeeeeE--------------R .    .    .    .    .    .    .   .   ldr	z0, [x1]
[3,11]    .    .    .    .    .DeeeeeeE--------------R .    .    .    .    .    .    .   .   ldr	z1, [x5]
[3,12]    .    .    .    .    .D========eeeeeE-------R .    .    .    .    .    .    .   .   fcmla	z4.s, p0/m, z3.s, z2.s, #270
[3,13]    .    .    .    .    . DeeeeeeE-------------R .    .    .    .    .    .    .   .   ld1w	{ z2.s }, p0/z, [x1, x9, lsl #2]
[3,14]    .    .    .    .    . DeeeeeeE-------------R .    .    .    .    .    .    .   .   ld1w	{ z3.s }, p0/z, [x5, x9, lsl #2]
[3,15]    .    .    .    .    . D========eeeeeE------R .    .    .    .    .    .    .   .   fcmla	z5.s, p0/m, z1.s, z0.s, #0
[3,16]    .    .    .    .    . D=========eeeeeE-----R .    .    .    .    .    .    .   .   fcmla	z4.s, p0/m, z3.s, z2.s, #0
[3,17]    .    .    .    .    . D==========eeeeeE----R .    .    .    .    .    .    .   .   fcmla	z5.s, p0/m, z1.s, z0.s, #270
[3,18]    .    .    .    .    . DeeeeeeE-------------R .    .    .    .    .    .    .   .   ldr	z0, [x2]
[3,19]    .    .    .    .    .  DeeeeeeE------------R .    .    .    .    .    .    .   .   ldr	z1, [x6]
[3,20]    .    .    .    .    .  D==========eeeeeE---R .    .    .    .    .    .    .   .   fcmla	z4.s, p0/m, z3.s, z2.s, #270
[3,21]    .    .    .    .    .  DeeeeeeE------------R .    .    .    .    .    .    .   .   ld1w	{ z2.s }, p0/z, [x2, x9, lsl #2]
[3,22]    .    .    .    .    .  DeeeeeeE------------R .    .    .    .    .    .    .   .   ld1w	{ z3.s }, p0/z, [x6, x9, lsl #2]
[3,23]    .    .    .    .    .  D===========eeeeeE--R .    .    .    .    .    .    .   .   fcmla	z5.s, p0/m, z1.s, z0.s, #0
[3,24]    .    .    .    .    .  D============eeeeeE-R .    .    .    .    .    .    .   .   fcmla	z4.s, p0/m, z3.s, z2.s, #0
[3,25]    .    .    .    .    .   D============eeeeeER .    .    .    .    .    .    .   .   fcmla	z5.s, p0/m, z1.s, z0.s, #270
[3,26]    .    .    .    .    .   DeeeeeeE-----------R .    .    .    .    .    .    .   .   ldr	z0, [x3]
[3,27]    .    .    .    .    .   DeeeeeeE-----------R .    .    .    .    .    .    .   .   ldr	z1, [x7]
[3,28]    .    .    .    .    .   D=============eeeeeER.    .    .    .    .    .    .   .   fcmla	z4.s, p0/m, z3.s, z2.s, #270
[3,29]    .    .    .    .    .   DeeeeeeE------------R.    .    .    .    .    .    .   .   ld1w	{ z2.s }, p0/z, [x3, x9, lsl #2]
[3,30]    .    .    .    .    .   D=eeeeeeE-----------R.    .    .    .    .    .    .   .   ld1w	{ z3.s }, p0/z, [x7, x9, lsl #2]
[3,31]    .    .    .    .    .    D=============eeeeeER    .    .    .    .    .    .   .   fcmla	z5.s, p0/m, z1.s, z0.s, #0
[3,32]    .    .    .    .    .    D==============eeeeeER   .    .    .    .    .    .   .   fcmla	z4.s, p0/m, z3.s, z2.s, #0
[3,33]    .    .    .    .    .    D===============eeeeeER  .    .    .    .    .    .   .   fcmla	z5.s, p0/m, z1.s, z0.s, #270
[3,34]    .    .    .    .    .    D================eeeeeER .    .    .    .    .    .   .   fcmla	z4.s, p0/m, z3.s, z2.s, #270
[3,35]    .    .    .    .    .    D====================eeER.    .    .    .    .    .   .   str	z5, [x8]
[3,36]    .    .    .    .    .    .D====================eeER    .    .    .    .    .   .   st1w	{ z4.s }, p0, [x8, x9, lsl #2]
[4,0]     .    .    .    .    .    .DeeeeeeE----------------R    .    .    .    .    .   .   ldr	z0, [x0]
[4,1]     .    .    .    .    .    .DeeeeeeE----------------R    .    .    .    .    .   .   ldr	z1, [x4]
[4,2]     .    .    .    .    .    .D=eeE-------------------R    .    .    .    .    .   .   mov	z4.s, #0
[4,3]     .    .    .    .    .    .D=eeeeE-----------------R    .    .    .    .    .   .   ldr	x8, [sp, #2144]
[4,4]     .    .    .    .    .    . DeeeeeeE---------------R    .    .    .    .    .   .   ld1w	{ z2.s }, p0/z, [x0, x9, lsl #2]
[4,5]     .    .    .    .    .    . DeeeeeeE---------------R    .    .    .    .    .   .   ld1w	{ z3.s }, p0/z, [x4, x9, lsl #2]
[4,6]     .    .    .    .    .    . D==eeE-----------------R    .    .    .    .    .   .   mov	z5.d, z4.d
[4,7]     .    .    .    .    .    . D=====eeeeeE-----------R    .    .    .    .    .   .   fcmla	z5.s, p0/m, z1.s, z0.s, #0
[4,8]     .    .    .    .    .    . D======eeeeeE----------R    .    .    .    .    .   .   fcmla	z4.s, p0/m, z3.s, z2.s, #0
[4,9]     .    .    .    .    .    . D=======eeeeeE---------R    .    .    .    .    .   .   fcmla	z5.s, p0/m, z1.s, z0.s, #270
[4,10]    .    .    .    .    .    .  DeeeeeeE--------------R    .    .    .    .    .   .   ldr	z0, [x1]
[4,11]    .    .    .    .    .    .  DeeeeeeE--------------R    .    .    .    .    .   .   ldr	z1, [x5]
[4,12]    .    .    .    .    .    .  D=======eeeeeE--------R    .    .    .    .    .   .   fcmla	z4.s, p0/m, z3.s, z2.s, #270
[4,13]    .    .    .    .    .    .  DeeeeeeE--------------R    .    .    .    .    .   .   ld1w	{ z2.s }, p0/z, [x1, x9, lsl #2]
[4,14]    .    .    .    .    .    .  D=eeeeeeE-------------R    .    .    .    .    .   .   ld1w	{ z3.s }, p0/z, [x5, x9, lsl #2]
[4,15]    .    .    .    .    .    .  D========eeeeeE-------R    .    .    .    .    .   .   fcmla	z5.s, p0/m, z1.s, z0.s, #0
[4,16]    .    .    .    .    .    .   D========eeeeeE------R    .    .    .    .    .   .   fcmla	z4.s, p0/m, z3.s, z2.s, #0
[4,17]    .    .    .    .    .    .   D=========eeeeeE-----R    .    .    .    .    .   .   fcmla	z5.s, p0/m, z1.s, z0.s, #270
[4,18]    .    .    .    .    .    .   DeeeeeeE-------------R    .    .    .    .    .   .   ldr	z0, [x2]
[4,19]    .    .    .    .    .    .   DeeeeeeE-------------R    .    .    .    .    .   .   ldr	z1, [x6]
[4,20]    .    .    .    .    .    .   D==========eeeeeE----R    .    .    .    .    .   .   fcmla	z4.s, p0/m, z3.s, z2.s, #270
[4,21]    .    .    .    .    .    .   D=eeeeeeE------------R    .    .    .    .    .   .   ld1w	{ z2.s }, p0/z, [x2, x9, lsl #2]
[4,22]    .    .    .    .    .    .    DeeeeeeE------------R    .    .    .    .    .   .   ld1w	{ z3.s }, p0/z, [x6, x9, lsl #2]
[4,23]    .    .    .    .    .    .    D==========eeeeeE---R    .    .    .    .    .   .   fcmla	z5.s, p0/m, z1.s, z0.s, #0
[4,24]    .    .    .    .    .    .    D===========eeeeeE--R    .    .    .    .    .   .   fcmla	z4.s, p0/m, z3.s, z2.s, #0
[4,25]    .    .    .    .    .    .    D============eeeeeE-R    .    .    .    .    .   .   fcmla	z5.s, p0/m, z1.s, z0.s, #270
[4,26]    .    .    .    .    .    .    DeeeeeeE------------R    .    .    .    .    .   .   ldr	z0, [x3]
[4,27]    .    .    .    .    .    .    D=eeeeeeE-----------R    .    .    .    .    .   .   ldr	z1, [x7]
[4,28]    .    .    .    .    .    .    .D============eeeeeER    .    .    .    .    .   .   fcmla	z4.s, p0/m, z3.s, z2.s, #270
[4,29]    .    .    .    .    .    .    .DeeeeeeE-----------R    .    .    .    .    .   .   ld1w	{ z2.s }, p0/z, [x3, x9, lsl #2]
[4,30]    .    .    .    .    .    .    .D=eeeeeeE----------R    .    .    .    .    .   .   ld1w	{ z3.s }, p0/z, [x7, x9, lsl #2]
[4,31]    .    .    .    .    .    .    .D=============eeeeeER   .    .    .    .    .   .   fcmla	z5.s, p0/m, z1.s, z0.s, #0
[4,32]    .    .    .    .    .    .    .D==============eeeeeER  .    .    .    .    .   .   fcmla	z4.s, p0/m, z3.s, z2.s, #0
[4,33]    .    .    .    .    .    .    .D===============eeeeeER .    .    .    .    .   .   fcmla	z5.s, p0/m, z1.s, z0.s, #270
[4,34]    .    .    .    .    .    .    . D===============eeeeeER.    .    .    .    .   .   fcmla	z4.s, p0/m, z3.s, z2.s, #270
[4,35]    .    .    .    .    .    .    . D===================eeER    .    .    .    .   .   str	z5, [x8]
[4,36]    .    .    .    .    .    .    . D====================eeER   .    .    .    .   .   st1w	{ z4.s }, p0, [x8, x9, lsl #2]
[5,0]     .    .    .    .    .    .    . DeeeeeeE----------------R   .    .    .    .   .   ldr	z0, [x0]
[5,1]     .    .    .    .    .    .    .  DeeeeeeE---------------R   .    .    .    .   .   ldr	z1, [x4]
[5,2]     .    .    .    .    .    .    .  DeeE-------------------R   .    .    .    .   .   mov	z4.s, #0
[5,3]     .    .    .    .    .    .    .  DeeeeE-----------------R   .    .    .    .   .   ldr	x8, [sp, #2144]
[5,4]     .    .    .    .    .    .    .  DeeeeeeE---------------R   .    .    .    .   .   ld1w	{ z2.s }, p0/z, [x0, x9, lsl #2]
[5,5]     .    .    .    .    .    .    .  D=eeeeeeE--------------R   .    .    .    .   .   ld1w	{ z3.s }, p0/z, [x4, x9, lsl #2]
[5,6]     .    .    .    .    .    .    .  D==eeE-----------------R   .    .    .    .   .   mov	z5.d, z4.d
[5,7]     .    .    .    .    .    .    .   D=====eeeeeE----------R   .    .    .    .   .   fcmla	z5.s, p0/m, z1.s, z0.s, #0
[5,8]     .    .    .    .    .    .    .   D======eeeeeE---------R   .    .    .    .   .   fcmla	z4.s, p0/m, z3.s, z2.s, #0
[5,9]     .    .    .    .    .    .    .   D=======eeeeeE--------R   .    .    .    .   .   fcmla	z5.s, p0/m, z1.s, z0.s, #270
[5,10]    .    .    .    .    .    .    .   DeeeeeeE--------------R   .    .    .    .   .   ldr	z0, [x1]
[5,11]    .    .    .    .    .    .    .   DeeeeeeE--------------R   .    .    .    .   .   ldr	z1, [x5]
[5,12]    .    .    .    .    .    .    .   D========eeeeeE-------R   .    .    .    .   .   fcmla	z4.s, p0/m, z3.s, z2.s, #270
[5,13]    .    .    .    .    .    .    .    DeeeeeeE-------------R   .    .    .    .   .   ld1w	{ z2.s }, p0/z, [x1, x9, lsl #2]
[5,14]    .    .    .    .    .    .    .    DeeeeeeE-------------R   .    .    .    .   .   ld1w	{ z3.s }, p0/z, [x5, x9, lsl #2]
[5,15]    .    .    .    .    .    .    .    D========eeeeeE------R   .    .    .    .   .   fcmla	z5.s, p0/m, z1.s, z0.s, #0
[5,16]    .    .    .    .    .    .    .    D=========eeeeeE-----R   .    .    .    .   .   fcmla	z4.s, p0/m, z3.s, z2.s, #0
[5,17]    .    .    .    .    .    .    .    D==========eeeeeE----R   .    .    .    .   .   fcmla	z5.s, p0/m, z1.s, z0.s, #270
[5,18]    .    .    .    .    .    .    .    DeeeeeeE-------------R   .    .    .    .   .   ldr	z0, [x2]
[5,19]    .    .    .    .    .    .    .    .DeeeeeeE------------R   .    .    .    .   .   ldr	z1, [x6]
[5,20]    .    .    .    .    .    .    .    .D==========eeeeeE---R   .    .    .    .   .   fcmla	z4.s, p0/m, z3.s, z2.s, #270
[5,21]    .    .    .    .    .    .    .    .DeeeeeeE------------R   .    .    .    .   .   ld1w	{ z2.s }, p0/z, [x2, x9, lsl #2]
[5,22]    .    .    .    .    .    .    .    .DeeeeeeE------------R   .    .    .    .   .   ld1w	{ z3.s }, p0/z, [x6, x9, lsl #2]
[5,23]    .    .    .    .    .    .    .    .D===========eeeeeE--R   .    .    .    .   .   fcmla	z5.s, p0/m, z1.s, z0.s, #0
[5,24]    .    .    .    .    .    .    .    .D============eeeeeE-R   .    .    .    .   .   fcmla	z4.s, p0/m, z3.s, z2.s, #0
[5,25]    .    .    .    .    .    .    .    . D============eeeeeER   .    .    .    .   .   fcmla	z5.s, p0/m, z1.s, z0.s, #270
[5,26]    .    .    .    .    .    .    .    . DeeeeeeE-----------R   .    .    .    .   .   ldr	z0, [x3]
[5,27]    .    .    .    .    .    .    .    . DeeeeeeE-----------R   .    .    .    .   .   ldr	z1, [x7]
[5,28]    .    .    .    .    .    .    .    . D=============eeeeeER  .    .    .    .   .   fcmla	z4.s, p0/m, z3.s, z2.s, #270
[5,29]    .    .    .    .    .    .    .    . DeeeeeeE------------R  .    .    .    .   .   ld1w	{ z2.s }, p0/z, [x3, x9, lsl #2]
[5,30]    .    .    .    .    .    .    .    . D=eeeeeeE-----------R  .    .    .    .   .   ld1w	{ z3.s }, p0/z, [x7, x9, lsl #2]
[5,31]    .    .    .    .    .    .    .    .  D=============eeeeeER .    .    .    .   .   fcmla	z5.s, p0/m, z1.s, z0.s, #0
[5,32]    .    .    .    .    .    .    .    .  D==============eeeeeER.    .    .    .   .   fcmla	z4.s, p0/m, z3.s, z2.s, #0
[5,33]    .    .    .    .    .    .    .    .  D===============eeeeeER    .    .    .   .   fcmla	z5.s, p0/m, z1.s, z0.s, #270
[5,34]    .    .    .    .    .    .    .    .  D================eeeeeER   .    .    .   .   fcmla	z4.s, p0/m, z3.s, z2.s, #270
[5,35]    .    .    .    .    .    .    .    .  D====================eeER  .    .    .   .   str	z5, [x8]
[5,36]    .    .    .    .    .    .    .    .   D====================eeER .    .    .   .   st1w	{ z4.s }, p0, [x8, x9, lsl #2]
[6,0]     .    .    .    .    .    .    .    .   DeeeeeeE----------------R .    .    .   .   ldr	z0, [x0]
[6,1]     .    .    .    .    .    .    .    .   DeeeeeeE----------------R .    .    .   .   ldr	z1, [x4]
[6,2]     .    .    .    .    .    .    .    .   D=eeE-------------------R .    .    .   .   mov	z4.s, #0
[6,3]     .    .    .    .    .    .    .    .   D=eeeeE-----------------R .    .    .   .   ldr	x8, [sp, #2144]
[6,4]     .    .    .    .    .    .    .    .    DeeeeeeE---------------R .    .    .   .   ld1w	{ z2.s }, p0/z, [x0, x9, lsl #2]
[6,5]     .    .    .    .    .    .    .    .    DeeeeeeE---------------R .    .    .   .   ld1w	{ z3.s }, p0/z, [x4, x9, lsl #2]
[6,6]     .    .    .    .    .    .    .    .    D==eeE-----------------R .    .    .   .   mov	z5.d, z4.d
[6,7]     .    .    .    .    .    .    .    .    D=====eeeeeE-----------R .    .    .   .   fcmla	z5.s, p0/m, z1.s, z0.s, #0
[6,8]     .    .    .    .    .    .    .    .    D======eeeeeE----------R .    .    .   .   fcmla	z4.s, p0/m, z3.s, z2.s, #0
[6,9]     .    .    .    .    .    .    .    .    D=======eeeeeE---------R .    .    .   .   fcmla	z5.s, p0/m, z1.s, z0.s, #270
[6,10]    .    .    .    .    .    .    .    .    .DeeeeeeE--------------R .    .    .   .   ldr	z0, [x1]
[6,11]    .    .    .    .    .    .    .    .    .DeeeeeeE--------------R .    .    .   .   ldr	z1, [x5]
[6,12]    .    .    .    .    .    .    .    .    .D=======eeeeeE--------R .    .    .   .   fcmla	z4.s, p0/m, z3.s, z2.s, #270
[6,13]    .    .    .    .    .    .    .    .    .DeeeeeeE--------------R .    .    .   .   ld1w	{ z2.s }, p0/z, [x1, x9, lsl #2]
[6,14]    .    .    .    .    .    .    .    .    .D=eeeeeeE-------------R .    .    .   .   ld1w	{ z3.s }, p0/z, [x5, x9, lsl #2]
[6,15]    .    .    .    .    .    .    .    .    .D========eeeeeE-------R .    .    .   .   fcmla	z5.s, p0/m, z1.s, z0.s, #0
[6,16]    .    .    .    .    .    .    .    .    . D========eeeeeE------R .    .    .   .   fcmla	z4.s, p0/m, z3.s, z2.s, #0
[6,17]    .    .    .    .    .    .    .    .    . D=========eeeeeE-----R .    .    .   .   fcmla	z5.s, p0/m, z1.s, z0.s, #270
[6,18]    .    .    .    .    .    .    .    .    . DeeeeeeE-------------R .    .    .   .   ldr	z0, [x2]
[6,19]    .    .    .    .    .    .    .    .    . DeeeeeeE-------------R .    .    .   .   ldr	z1, [x6]
[6,20]    .    .    .    .    .    .    .    .    . D==========eeeeeE----R .    .    .   .   fcmla	z4.s, p0/m, z3.s, z2.s, #270
[6,21]    .    .    .    .    .    .    .    .    . D=eeeeeeE------------R .    .    .   .   ld1w	{ z2.s }, p0/z, [x2, x9, lsl #2]
[6,22]    .    .    .    .    .    .    .    .    .  DeeeeeeE------------R .    .    .   .   ld1w	{ z3.s }, p0/z, [x6, x9, lsl #2]
[6,23]    .    .    .    .    .    .    .    .    .  D==========eeeeeE---R .    .    .   .   fcmla	z5.s, p0/m, z1.s, z0.s, #0
[6,24]    .    .    .    .    .    .    .    .    .  D===========eeeeeE--R .    .    .   .   fcmla	z4.s, p0/m, z3.s, z2.s, #0
[6,25]    .    .    .    .    .    .    .    .    .  D============eeeeeE-R .    .    .   .   fcmla	z5.s, p0/m, z1.s, z0.s, #270
[6,26]    .    .    .    .    .    .    .    .    .  DeeeeeeE------------R .    .    .   .   ldr	z0, [x3]
[6,27]    .    .    .    .    .    .    .    .    .  D=eeeeeeE-----------R .    .    .   .   ldr	z1, [x7]
[6,28]    .    .    .    .    .    .    .    .    .   D============eeeeeER .    .    .   .   fcmla	z4.s, p0/m, z3.s, z2.s, #270
[6,29]    .    .    .    .    .    .    .    .    .   DeeeeeeE-----------R .    .    .   .   ld1w	{ z2.s }, p0/z, [x3, x9, lsl #2]
[6,30]    .    .    .    .    .    .    .    .    .   DeeeeeeE-----------R .    .    .   .   ld1w	{ z3.s }, p0/z, [x7, x9, lsl #2]
[6,31]    .    .    .    .    .    .    .    .    .   D=============eeeeeER.    .    .   .   fcmla	z5.s, p0/m, z1.s, z0.s, #0
[6,32]    .    .    .    .    .    .    .    .    .   D==============eeeeeER    .    .   .   fcmla	z4.s, p0/m, z3.s, z2.s, #0
[6,33]    .    .    .    .    .    .    .    .    .   D===============eeeeeER   .    .   .   fcmla	z5.s, p0/m, z1.s, z0.s, #270
[6,34]    .    .    .    .    .    .    .    .    .    D===============eeeeeER  .    .   .   fcmla	z4.s, p0/m, z3.s, z2.s, #270
[6,35]    .    .    .    .    .    .    .    .    .    D===================eeER .    .   .   str	z5, [x8]
[6,36]    .    .    .    .    .    .    .    .    .    D====================eeER.    .   .   st1w	{ z4.s }, p0, [x8, x9, lsl #2]
[7,0]     .    .    .    .    .    .    .    .    .    DeeeeeeE----------------R.    .   .   ldr	z0, [x0]
[7,1]     .    .    .    .    .    .    .    .    .    .DeeeeeeE---------------R.    .   .   ldr	z1, [x4]
[7,2]     .    .    .    .    .    .    .    .    .    .D=eeE------------------R.    .   .   mov	z4.s, #0
[7,3]     .    .    .    .    .    .    .    .    .    .DeeeeE-----------------R.    .   .   ldr	x8, [sp, #2144]
[7,4]     .    .    .    .    .    .    .    .    .    .D=eeeeeeE--------------R.    .   .   ld1w	{ z2.s }, p0/z, [x0, x9, lsl #2]
[7,5]     .    .    .    .    .    .    .    .    .    .D=eeeeeeE--------------R.    .   .   ld1w	{ z3.s }, p0/z, [x4, x9, lsl #2]
[7,6]     .    .    .    .    .    .    .    .    .    .D===eeE----------------R.    .   .   mov	z5.d, z4.d
[7,7]     .    .    .    .    .    .    .    .    .    . D=====eeeeeE----------R.    .   .   fcmla	z5.s, p0/m, z1.s, z0.s, #0
[7,8]     .    .    .    .    .    .    .    .    .    . D======eeeeeE---------R.    .   .   fcmla	z4.s, p0/m, z3.s, z2.s, #0
[7,9]     .    .    .    .    .    .    .    .    .    . D=======eeeeeE--------R.    .   .   fcmla	z5.s, p0/m, z1.s, z0.s, #270
[7,10]    .    .    .    .    .    .    .    .    .    . DeeeeeeE--------------R.    .   .   ldr	z0, [x1]
[7,11]    .    .    .    .    .    .    .    .    .    . D=eeeeeeE-------------R.    .   .   ldr	z1, [x5]
[7,12]    .    .    .    .    .    .    .    .    .    . D========eeeeeE-------R.    .   .   fcmla	z4.s, p0/m, z3.s, z2.s, #270
[7,13]    .    .    .    .    .    .    .    .    .    .  DeeeeeeE-------------R.    .   .   ld1w	{ z2.s }, p0/z, [x1, x9, lsl #2]
[7,14]    .    .    .    .    .    .    .    .    .    .  DeeeeeeE-------------R.    .   .   ld1w	{ z3.s }, p0/z, [x5, x9, lsl #2]
[7,15]    .    .    .    .    .    .    .    .    .    .  D========eeeeeE------R.    .   .   fcmla	z5.s, p0/m, z1.s, z0.s, #0
[7,16]    .    .    .    .    .    .    .    .    .    .  D=========eeeeeE-----R.    .   .   fcmla	z4.s, p0/m, z3.s, z2.s, #0
[7,17]    .    .    .    .    .    .    .    .    .    .  D==========eeeeeE----R.    .   .   fcmla	z5.s, p0/m, z1.s, z0.s, #270
[7,18]    .    .    .    .    .    .    .    .    .    .  D=eeeeeeE------------R.    .   .   ldr	z0, [x2]
[7,19]    .    .    .    .    .    .    .    .    .    .   DeeeeeeE------------R.    .   .   ldr	z1, [x6]
[7,20]    .    .    .    .    .    .    .    .    .    .   D==========eeeeeE---R.    .   .   fcmla	z4.s, p0/m, z3.s, z2.s, #270
[7,21]    .    .    .    .    .    .    .    .    .    .   DeeeeeeE------------R.    .   .   ld1w	{ z2.s }, p0/z, [x2, x9, lsl #2]
[7,22]    .    .    .    .    .    .    .    .    .    .   D=eeeeeeE-----------R.    .   .   ld1w	{ z3.s }, p0/z, [x6, x9, lsl #2]
[7,23]    .    .    .    .    .    .    .    .    .    .   D===========eeeeeE--R.    .   .   fcmla	z5.s, p0/m, z1.s, z0.s, #0
[7,24]    .    .    .    .    .    .    .    .    .    .   D============eeeeeE-R.    .   .   fcmla	z4.s, p0/m, z3.s, z2.s, #0
[7,25]    .    .    .    .    .    .    .    .    .    .    D============eeeeeER.    .   .   fcmla	z5.s, p0/m, z1.s, z0.s, #270
[7,26]    .    .    .    .    .    .    .    .    .    .    DeeeeeeE-----------R.    .   .   ldr	z0, [x3]
[7,27]    .    .    .    .    .    .    .    .    .    .    DeeeeeeE-----------R.    .   .   ldr	z1, [x7]
[7,28]    .    .    .    .    .    .    .    .    .    .    D=============eeeeeER    .   .   fcmla	z4.s, p0/m, z3.s, z2.s, #270
[7,29]    .    .    .    .    .    .    .    .    .    .    D=eeeeeeE-----------R    .   .   ld1w	{ z2.s }, p0/z, [x3, x9, lsl #2]
[7,30]    .    .    .    .    .    .    .    .    .    .    D=eeeeeeE-----------R    .   .   ld1w	{ z3.s }, p0/z, [x7, x9, lsl #2]
[7,31]    .    .    .    .    .    .    .    .    .    .    .D=============eeeeeER   .   .   fcmla	z5.s, p0/m, z1.s, z0.s, #0
[7,32]    .    .    .    .    .    .    .    .    .    .    .D==============eeeeeER  .   .   fcmla	z4.s, p0/m, z3.s, z2.s, #0
[7,33]    .    .    .    .    .    .    .    .    .    .    .D===============eeeeeER .   .   fcmla	z5.s, p0/m, z1.s, z0.s, #270
[7,34]    .    .    .    .    .    .    .    .    .    .    .D================eeeeeER.   .   fcmla	z4.s, p0/m, z3.s, z2.s, #270
[7,35]    .    .    .    .    .    .    .    .    .    .    .D====================eeER   .   str	z5, [x8]
[7,36]    .    .    .    .    .    .    .    .    .    .    . D====================eeER  .   st1w	{ z4.s }, p0, [x8, x9, lsl #2]
[8,0]     .    .    .    .    .    .    .    .    .    .    . DeeeeeeE----------------R  .   ldr	z0, [x0]
[8,1]     .    .    .    .    .    .    .    .    .    .    . DeeeeeeE----------------R  .   ldr	z1, [x4]
[8,2]     .    .    .    .    .    .    .    .    .    .    . D=eeE-------------------R  .   mov	z4.s, #0
[8,3]     .    .    .    .    .    .    .    .    .    .    . D=eeeeE-----------------R  .   ldr	x8, [sp, #2144]
[8,4]     .    .    .    .    .    .    .    .    .    .    .  DeeeeeeE---------------R  .   ld1w	{ z2.s }, p0/z, [x0, x9, lsl #2]
[8,5]     .    .    .    .    .    .    .    .    .    .    .  DeeeeeeE---------------R  .   ld1w	{ z3.s }, p0/z, [x4, x9, lsl #2]
[8,6]     .    .    .    .    .    .    .    .    .    .    .  D==eeE-----------------R  .   mov	z5.d, z4.d
[8,7]     .    .    .    .    .    .    .    .    .    .    .  D=====eeeeeE-----------R  .   fcmla	z5.s, p0/m, z1.s, z0.s, #0
[8,8]     .    .    .    .    .    .    .    .    .    .    .  D======eeeeeE----------R  .   fcmla	z4.s, p0/m, z3.s, z2.s, #0
[8,9]     .    .    .    .    .    .    .    .    .    .    .  D=======eeeeeE---------R  .   fcmla	z5.s, p0/m, z1.s, z0.s, #270
[8,10]    .    .    .    .    .    .    .    .    .    .    .   DeeeeeeE--------------R  .   ldr	z0, [x1]
[8,11]    .    .    .    .    .    .    .    .    .    .    .   DeeeeeeE--------------R  .   ldr	z1, [x5]
[8,12]    .    .    .    .    .    .    .    .    .    .    .   D=======eeeeeE--------R  .   fcmla	z4.s, p0/m, z3.s, z2.s, #270
[8,13]    .    .    .    .    .    .    .    .    .    .    .   DeeeeeeE--------------R  .   ld1w	{ z2.s }, p0/z, [x1, x9, lsl #2]
[8,14]    .    .    .    .    .    .    .    .    .    .    .   D=eeeeeeE-------------R  .   ld1w	{ z3.s }, p0/z, [x5, x9, lsl #2]
[8,15]    .    .    .    .    .    .    .    .    .    .    .   D========eeeeeE-------R  .   fcmla	z5.s, p0/m, z1.s, z0.s, #0
[8,16]    .    .    .    .    .    .    .    .    .    .    .    D========eeeeeE------R  .   fcmla	z4.s, p0/m, z3.s, z2.s, #0
[8,17]    .    .    .    .    .    .    .    .    .    .    .    D=========eeeeeE-----R  .   fcmla	z5.s, p0/m, z1.s, z0.s, #270
[8,18]    .    .    .    .    .    .    .    .    .    .    .    DeeeeeeE-------------R  .   ldr	z0, [x2]
[8,19]    .    .    .    .    .    .    .    .    .    .    .    DeeeeeeE-------------R  .   ldr	z1, [x6]
[8,20]    .    .    .    .    .    .    .    .    .    .    .    D==========eeeeeE----R  .   fcmla	z4.s, p0/m, z3.s, z2.s, #270
[8,21]    .    .    .    .    .    .    .    .    .    .    .    D=eeeeeeE------------R  .   ld1w	{ z2.s }, p0/z, [x2, x9, lsl #2]
[8,22]    .    .    .    .    .    .    .    .    .    .    .    .DeeeeeeE------------R  .   ld1w	{ z3.s }, p0/z, [x6, x9, lsl #2]
[8,23]    .    .    .    .    .    .    .    .    .    .    .    .D==========eeeeeE---R  .   fcmla	z5.s, p0/m, z1.s, z0.s, #0
[8,24]    .    .    .    .    .    .    .    .    .    .    .    .D===========eeeeeE--R  .   fcmla	z4.s, p0/m, z3.s, z2.s, #0
[8,25]    .    .    .    .    .    .    .    .    .    .    .    .D============eeeeeE-R  .   fcmla	z5.s, p0/m, z1.s, z0.s, #270
[8,26]    .    .    .    .    .    .    .    .    .    .    .    .DeeeeeeE------------R  .   ldr	z0, [x3]
[8,27]    .    .    .    .    .    .    .    .    .    .    .    .D=eeeeeeE-----------R  .   ldr	z1, [x7]
[8,28]    .    .    .    .    .    .    .    .    .    .    .    . D============eeeeeER  .   fcmla	z4.s, p0/m, z3.s, z2.s, #270
[8,29]    .    .    .    .    .    .    .    .    .    .    .    . DeeeeeeE-----------R  .   ld1w	{ z2.s }, p0/z, [x3, x9, lsl #2]
[8,30]    .    .    .    .    .    .    .    .    .    .    .    . DeeeeeeE-----------R  .   ld1w	{ z3.s }, p0/z, [x7, x9, lsl #2]
[8,31]    .    .    .    .    .    .    .    .    .    .    .    . D=============eeeeeER .   fcmla	z5.s, p0/m, z1.s, z0.s, #0
[8,32]    .    .    .    .    .    .    .    .    .    .    .    . D==============eeeeeER.   fcmla	z4.s, p0/m, z3.s, z2.s, #0
[8,33]    .    .    .    .    .    .    .    .    .    .    .    . D===============eeeeeER   fcmla	z5.s, p0/m, z1.s, z0.s, #270
Truncated display due to cycle limit


Average Wait times (based on the timeline view):
[0]: Executions
[1]: Average time spent waiting in a scheduler's queue
[2]: Average time spent waiting in a scheduler's queue while ready
[3]: Average time elapsed from WB until retire stage

      [0]    [1]    [2]    [3]
0.     10    1.0    1.0    14.3      ldr	z0, [x0]
1.     10    1.0    1.0    13.9      ldr	z1, [x4]
2.     10    1.5    1.5    17.3      mov	z4.s, #0
3.     10    1.3    1.3    15.5      ldr	x8, [sp, #2144]
4.     10    1.3    1.3    13.2      ld1w	{ z2.s }, p0/z, [x0, x9, lsl #2]
5.     10    1.5    1.5    13.0      ld1w	{ z3.s }, p0/z, [x4, x9, lsl #2]
6.     10    3.0    0.0    15.4      mov	z5.d, z4.d
7.     10    6.0    0.0    9.4       fcmla	z5.s, p0/m, z1.s, z0.s, #0
8.     10    6.9    0.0    8.5       fcmla	z4.s, p0/m, z3.s, z2.s, #0
9.     10    7.9    0.0    7.6       fcmla	z5.s, p0/m, z1.s, z0.s, #270
10.    10    1.0    1.0    13.1      ldr	z0, [x1]
11.    10    1.3    1.3    12.8      ldr	z1, [x5]
12.    10    8.4    0.0    6.7       fcmla	z4.s, p0/m, z3.s, z2.s, #270
13.    10    1.0    1.0    12.7      ld1w	{ z2.s }, p0/z, [x1, x9, lsl #2]
14.    10    1.4    1.4    12.2      ld1w	{ z3.s }, p0/z, [x5, x9, lsl #2]
15.    10    8.9    0.0    5.8       fcmla	z5.s, p0/m, z1.s, z0.s, #0
16.    10    9.5    0.0    4.9       fcmla	z4.s, p0/m, z3.s, z2.s, #0
17.    10    10.5   0.0    4.0       fcmla	z5.s, p0/m, z1.s, z0.s, #270
18.    10    1.2    1.2    12.2      ldr	z0, [x2]
19.    10    1.0    1.0    12.0      ldr	z1, [x6]
20.    10    10.9   0.0    3.1       fcmla	z4.s, p0/m, z3.s, z2.s, #270
21.    10    1.4    1.4    11.6      ld1w	{ z2.s }, p0/z, [x2, x9, lsl #2]
22.    10    1.3    1.3    11.3      ld1w	{ z3.s }, p0/z, [x6, x9, lsl #2]
23.    10    11.5   0.0    2.2       fcmla	z5.s, p0/m, z1.s, z0.s, #0
24.    10    12.4   0.0    1.3       fcmla	z4.s, p0/m, z3.s, z2.s, #0
25.    10    13.0   0.0    0.4       fcmla	z5.s, p0/m, z1.s, z0.s, #270
26.    10    1.0    1.0    11.3      ldr	z0, [x3]
27.    10    1.4    1.4    10.9      ldr	z1, [x7]
28.    10    13.5   0.0    0.0       fcmla	z4.s, p0/m, z3.s, z2.s, #270
29.    10    1.3    1.3    11.2      ld1w	{ z2.s }, p0/z, [x3, x9, lsl #2]
30.    10    1.6    1.6    10.8      ld1w	{ z3.s }, p0/z, [x7, x9, lsl #2]
31.    10    14.0   0.0    0.0       fcmla	z5.s, p0/m, z1.s, z0.s, #0
32.    10    14.9   0.0    0.0       fcmla	z4.s, p0/m, z3.s, z2.s, #0
33.    10    15.9   0.0    0.0       fcmla	z5.s, p0/m, z1.s, z0.s, #270
34.    10    16.5   0.0    0.0       fcmla	z4.s, p0/m, z3.s, z2.s, #270
35.    10    20.4   0.0    0.0       str	z5, [x8]
36.    10    20.9   0.0    0.0       st1w	{ z4.s }, p0, [x8, x9, lsl #2]
       370   6.7    0.6    8.1       <total>