armv8-a clang 23.1.0
-O3 -std=c++17 -mcpu=neoverse-v2 -fno-vectorize -fno-slp-vectorize 

[0] Code Region - mrc4_block

Iterations:        100
Instructions:      13400
Total Cycles:      2919
Total uOps:        17000

Dispatch Width:    6
uOps Per Cycle:    5.82
IPC:               4.59
Block RThroughput: 28.3


Instruction Info:
[1]: #uOps
[2]: Latency
[3]: RThroughput
[4]: MayLoad
[5]: MayStore
[6]: HasSideEffects (U)

[1]    [2]    [3]    [4]    [5]    [6]    Instructions:
 2      6     0.33    *                   ldp	s1, s2, [x0]
 2      6     0.33    *                   ldp	s17, s18, [x4]
 1      4     0.33    *                   ldr	x8, [sp]
 2      6     0.33    *                   ldp	s3, s4, [x1]
 2      6     0.33    *                   ldp	s19, s20, [x5]
 2      6     0.33    *                   ldp	s5, s6, [x2]
 2      6     0.33    *                   ldp	s21, s22, [x6]
 2      6     0.33    *                   ldp	s7, s16, [x3]
 2      6     0.33    *                   ldp	s23, s24, [x7]
 1      3     0.25                        fmul	s0, s2, s18
 1      4     0.25                        fmadd	s25, s17, s1, s0
 1      3     0.25                        fnmul	s1, s1, s18
 1      0     0.17                        movi	d0, #0000000000000000
 1      4     0.25                        fmadd	s1, s17, s2, s1
 1      3     0.25                        fmul	s2, s4, s20
 2      6     0.33    *                   ldp	s17, s18, [x4, #8]
 1      4     0.25                        fmadd	s2, s19, s3, s2
 1      3     0.25                        fnmul	s3, s3, s20
 1      4     0.25                        fmadd	s3, s19, s4, s3
 1      2     0.25                        fadd	s25, s25, s0
 2      6     0.33    *                   ldp	s19, s20, [x5, #8]
 1      2     0.25                        fadd	s1, s1, s0
 1      2     0.25                        fadd	s2, s25, s2
 1      2     0.25                        fadd	s1, s1, s3
 1      3     0.25                        fmul	s3, s6, s22
 1      4     0.25                        fmadd	s3, s21, s5, s3
 1      2     0.25                        fadd	s2, s2, s3
 1      3     0.25                        fnmul	s3, s5, s22
 1      4     0.25                        fmadd	s3, s21, s6, s3
 2      6     0.33    *                   ldp	s5, s6, [x2, #8]
 2      6     0.33    *                   ldp	s21, s22, [x6, #8]
 1      2     0.25                        fadd	s1, s1, s3
 1      3     0.25                        fmul	s3, s16, s24
 1      4     0.25                        fmadd	s3, s23, s7, s3
 1      2     0.25                        fadd	s2, s2, s3
 1      3     0.25                        fnmul	s3, s7, s24
 1      4     0.25                        fmadd	s3, s23, s16, s3
 2      6     0.33    *                   ldp	s7, s16, [x3, #8]
 2      6     0.33    *                   ldp	s23, s24, [x7, #8]
 1      2     0.25                        fadd	s1, s1, s3
 2      6     0.33    *                   ldp	s3, s4, [x1, #8]
 2      2     0.50           *            stp	s2, s1, [x8]
 2      6     0.33    *                   ldp	s1, s2, [x0, #8]
 1      3     0.25                        fmul	s25, s2, s18
 1      4     0.25                        fmadd	s25, s17, s1, s25
 1      3     0.25                        fnmul	s1, s1, s18
 1      4     0.25                        fmadd	s1, s17, s2, s1
 1      3     0.25                        fmul	s2, s4, s20
 2      6     0.33    *                   ldp	s17, s18, [x4, #16]
 1      4     0.25                        fmadd	s2, s19, s3, s2
 1      3     0.25                        fnmul	s3, s3, s20
 1      4     0.25                        fmadd	s3, s19, s4, s3
 2      6     0.33    *                   ldp	s19, s20, [x5, #16]
 1      2     0.25                        fadd	s25, s25, s0
 1      2     0.25                        fadd	s1, s1, s0
 1      2     0.25                        fadd	s2, s25, s2
 1      2     0.25                        fadd	s1, s1, s3
 1      3     0.25                        fmul	s3, s6, s22
 1      4     0.25                        fmadd	s3, s21, s5, s3
 1      2     0.25                        fadd	s2, s2, s3
 1      3     0.25                        fnmul	s3, s5, s22
 1      4     0.25                        fmadd	s3, s21, s6, s3
 1      2     0.25                        fadd	s1, s1, s3
 1      3     0.25                        fmul	s3, s16, s24
 2      6     0.33    *                   ldp	s5, s6, [x2, #16]
 2      6     0.33    *                   ldp	s21, s22, [x6, #16]
 1      4     0.25                        fmadd	s3, s23, s7, s3
 1      2     0.25                        fadd	s2, s2, s3
 1      3     0.25                        fnmul	s3, s7, s24
 1      4     0.25                        fmadd	s3, s23, s16, s3
 2      6     0.33    *                   ldp	s7, s16, [x3, #16]
 1      2     0.25                        fadd	s1, s1, s3
 2      6     0.33    *                   ldp	s3, s4, [x1, #16]
 2      6     0.33    *                   ldp	s23, s24, [x7, #16]
 2      2     0.50           *            stp	s2, s1, [x8, #8]
 2      6     0.33    *                   ldp	s1, s2, [x0, #16]
 1      3     0.25                        fmul	s25, s2, s18
 1      4     0.25                        fmadd	s25, s17, s1, s25
 1      3     0.25                        fnmul	s1, s1, s18
 1      4     0.25                        fmadd	s1, s17, s2, s1
 1      3     0.25                        fmul	s2, s4, s20
 2      6     0.33    *                   ldp	s17, s18, [x4, #24]
 1      4     0.25                        fmadd	s2, s19, s3, s2
 1      3     0.25                        fnmul	s3, s3, s20
 1      4     0.25                        fmadd	s3, s19, s4, s3
 2      6     0.33    *                   ldp	s19, s20, [x5, #24]
 1      2     0.25                        fadd	s25, s25, s0
 1      2     0.25                        fadd	s1, s1, s0
 1      2     0.25                        fadd	s2, s25, s2
 1      2     0.25                        fadd	s1, s1, s3
 1      3     0.25                        fmul	s3, s6, s22
 1      4     0.25                        fmadd	s3, s21, s5, s3
 1      2     0.25                        fadd	s2, s2, s3
 1      3     0.25                        fnmul	s3, s5, s22
 1      4     0.25                        fmadd	s3, s21, s6, s3
 1      2     0.25                        fadd	s1, s1, s3
 1      3     0.25                        fmul	s3, s16, s24
 2      6     0.33    *                   ldp	s5, s6, [x2, #24]
 2      6     0.33    *                   ldp	s21, s22, [x6, #24]
 1      4     0.25                        fmadd	s3, s23, s7, s3
 1      2     0.25                        fadd	s2, s2, s3
 1      3     0.25                        fnmul	s3, s7, s24
 1      4     0.25                        fmadd	s3, s23, s16, s3
 2      6     0.33    *                   ldp	s7, s16, [x3, #24]
 1      2     0.25                        fadd	s1, s1, s3
 2      6     0.33    *                   ldp	s3, s4, [x1, #24]
 2      6     0.33    *                   ldp	s23, s24, [x7, #24]
 2      2     0.50           *            stp	s2, s1, [x8, #16]
 2      6     0.33    *                   ldp	s1, s2, [x0, #24]
 1      3     0.25                        fmul	s25, s2, s18
 1      4     0.25                        fmadd	s25, s17, s1, s25
 1      3     0.25                        fnmul	s1, s1, s18
 1      4     0.25                        fmadd	s1, s17, s2, s1
 1      3     0.25                        fnmul	s2, s3, s20
 1      4     0.25                        fmadd	s2, s19, s4, s2
 1      2     0.25                        fadd	s25, s25, s0
 1      2     0.25                        fadd	s0, s1, s0
 1      3     0.25                        fmul	s1, s4, s20
 1      4     0.25                        fmadd	s1, s19, s3, s1
 1      2     0.25                        fadd	s0, s0, s2
 1      3     0.25                        fmul	s2, s6, s22
 1      4     0.25                        fmadd	s2, s21, s5, s2
 1      2     0.25                        fadd	s1, s25, s1
 1      2     0.25                        fadd	s1, s1, s2
 1      3     0.25                        fnmul	s2, s5, s22
 1      4     0.25                        fmadd	s2, s21, s6, s2
 1      2     0.25                        fadd	s0, s0, s2
 1      3     0.25                        fmul	s2, s16, s24
 1      4     0.25                        fmadd	s2, s23, s7, s2
 1      2     0.25                        fadd	s1, s1, s2
 1      3     0.25                        fnmul	s2, s7, s24
 1      4     0.25                        fmadd	s2, s23, s16, s2
 1      2     0.25                        fadd	s0, s0, s2
 2      2     0.50           *            stp	s1, s0, [x8, #24]


Resources:
[0.0] - V2UnitB
[0.1] - V2UnitB
[1.0] - V2UnitD
[1.1] - V2UnitD
[2.0] - V2UnitFlg
[2.1] - V2UnitFlg
[2.2] - V2UnitFlg
[3]   - V2UnitL2
[4.0] - V2UnitL01
[4.1] - V2UnitL01
[5]   - V2UnitM0
[6]   - V2UnitM1
[7]   - V2UnitS0
[8]   - V2UnitS1
[9]   - V2UnitS2
[10]  - V2UnitS3
[11]  - V2UnitV0
[12]  - V2UnitV1
[13]  - V2UnitV2
[14]  - V2UnitV3


Resource pressure per iteration:
[0.0]  [0.1]  [1.0]  [1.1]  [2.0]  [2.1]  [2.2]  [3]    [4.0]  [4.1]  [5]    [6]    [7]    [8]    [9]    [10]   [11]   [12]   [13]   [14]   
 -      -      -      -      -      -      -     9.98   13.51  13.51   -      -      -      -      -      -     25.00  25.01  24.99  25.00  

Resource pressure by instruction:
[0.0]  [0.1]  [1.0]  [1.1]  [2.0]  [2.1]  [2.2]  [3]    [4.0]  [4.1]  [5]    [6]    [7]    [8]    [9]    [10]   [11]   [12]   [13]   [14]   Instructions:
 -      -      -      -      -      -      -      -     0.49   0.51    -      -      -      -      -      -      -      -      -      -     ldp	s1, s2, [x0]
 -      -      -      -      -      -      -     0.98   0.01   0.01    -      -      -      -      -      -      -      -      -      -     ldp	s17, s18, [x4]
 -      -      -      -      -      -      -     0.02   0.49   0.49    -      -      -      -      -      -      -      -      -      -     ldr	x8, [sp]
 -      -      -      -      -      -      -      -     0.50   0.50    -      -      -      -      -      -      -      -      -      -     ldp	s3, s4, [x1]
 -      -      -      -      -      -      -     0.98   0.01   0.01    -      -      -      -      -      -      -      -      -      -     ldp	s19, s20, [x5]
 -      -      -      -      -      -      -     0.02   0.49   0.49    -      -      -      -      -      -      -      -      -      -     ldp	s5, s6, [x2]
 -      -      -      -      -      -      -      -     0.50   0.50    -      -      -      -      -      -      -      -      -      -     ldp	s21, s22, [x6]
 -      -      -      -      -      -      -     0.98   0.01   0.01    -      -      -      -      -      -      -      -      -      -     ldp	s7, s16, [x3]
 -      -      -      -      -      -      -     0.02   0.49   0.49    -      -      -      -      -      -      -      -      -      -     ldp	s23, s24, [x7]
 -      -      -      -      -      -      -      -      -      -      -      -      -      -      -      -     0.99    -      -     0.01   fmul	s0, s2, s18
 -      -      -      -      -      -      -      -      -      -      -      -      -      -      -      -      -     0.01   0.99    -     fmadd	s25, s17, s1, s0
 -      -      -      -      -      -      -      -      -      -      -      -      -      -      -      -     0.01   0.99    -      -     fnmul	s1, s1, s18
 -      -      -      -      -      -      -      -      -      -      -      -      -      -      -      -      -      -      -      -     movi	d0, #0000000000000000
 -      -      -      -      -      -      -      -      -      -      -      -      -      -      -      -      -     0.99   0.01    -     fmadd	s1, s17, s2, s1
 -      -      -      -      -      -      -      -      -      -      -      -      -      -      -      -     0.99    -     0.01    -     fmul	s2, s4, s20
 -      -      -      -      -      -      -      -     0.50   0.50    -      -      -      -      -      -      -      -      -      -     ldp	s17, s18, [x4, #8]
 -      -      -      -      -      -      -      -      -      -      -      -      -      -      -      -      -     0.01   0.99    -     fmadd	s2, s19, s3, s2
 -      -      -      -      -      -      -      -      -      -      -      -      -      -      -      -     1.00    -      -      -     fnmul	s3, s3, s20
 -      -      -      -      -      -      -      -      -      -      -      -      -      -      -      -     0.98    -     0.02    -     fmadd	s3, s19, s4, s3
 -      -      -      -      -      -      -      -      -      -      -      -      -      -      -      -     0.01    -     0.99    -     fadd	s25, s25, s0
 -      -      -      -      -      -      -      -     0.50   0.50    -      -      -      -      -      -      -      -      -      -     ldp	s19, s20, [x5, #8]
 -      -      -      -      -      -      -      -      -      -      -      -      -      -      -      -      -     0.99   0.01    -     fadd	s1, s1, s0
 -      -      -      -      -      -      -      -      -      -      -      -      -      -      -      -     0.99   0.01    -      -     fadd	s2, s25, s2
 -      -      -      -      -      -      -      -      -      -      -      -      -      -      -      -     0.01    -      -     0.99   fadd	s1, s1, s3
 -      -      -      -      -      -      -      -      -      -      -      -      -      -      -      -     0.01    -     0.98   0.01   fmul	s3, s6, s22
 -      -      -      -      -      -      -      -      -      -      -      -      -      -      -      -      -     0.02   0.98    -     fmadd	s3, s21, s5, s3
 -      -      -      -      -      -      -      -      -      -      -      -      -      -      -      -     0.01    -     0.99    -     fadd	s2, s2, s3
 -      -      -      -      -      -      -      -      -      -      -      -      -      -      -      -     0.01   0.98    -     0.01   fnmul	s3, s5, s22
 -      -      -      -      -      -      -      -      -      -      -      -      -      -      -      -     0.01   0.98   0.01    -     fmadd	s3, s21, s6, s3
 -      -      -      -      -      -      -      -     0.50   0.50    -      -      -      -      -      -      -      -      -      -     ldp	s5, s6, [x2, #8]
 -      -      -      -      -      -      -      -     0.50   0.50    -      -      -      -      -      -      -      -      -      -     ldp	s21, s22, [x6, #8]
 -      -      -      -      -      -      -      -      -      -      -      -      -      -      -      -     1.00    -      -      -     fadd	s1, s1, s3
 -      -      -      -      -      -      -      -      -      -      -      -      -      -      -      -     0.98   0.01    -     0.01   fmul	s3, s16, s24
 -      -      -      -      -      -      -      -      -      -      -      -      -      -      -      -     0.99    -     0.01    -     fmadd	s3, s23, s7, s3
 -      -      -      -      -      -      -      -      -      -      -      -      -      -      -      -     0.01    -     0.99    -     fadd	s2, s2, s3
 -      -      -      -      -      -      -      -      -      -      -      -      -      -      -      -     0.99   0.01    -      -     fnmul	s3, s7, s24
 -      -      -      -      -      -      -      -      -      -      -      -      -      -      -      -      -      -     0.99   0.01   fmadd	s3, s23, s16, s3
 -      -      -      -      -      -      -     0.99    -     0.01    -      -      -      -      -      -      -      -      -      -     ldp	s7, s16, [x3, #8]
 -      -      -      -      -      -      -      -     0.50   0.50    -      -      -      -      -      -      -      -      -      -     ldp	s23, s24, [x7, #8]
 -      -      -      -      -      -      -      -      -      -      -      -      -      -      -      -     0.01   0.99    -      -     fadd	s1, s1, s3
 -      -      -      -      -      -      -     0.01   0.50   0.49    -      -      -      -      -      -      -      -      -      -     ldp	s3, s4, [x1, #8]
 -      -      -      -      -      -      -      -     0.50   0.50    -      -      -      -      -      -      -     1.00    -      -     stp	s2, s1, [x8]
 -      -      -      -      -      -      -      -     0.49   0.51    -      -      -      -      -      -      -      -      -      -     ldp	s1, s2, [x0, #8]
 -      -      -      -      -      -      -      -      -      -      -      -      -      -      -      -      -      -     0.99   0.01   fmul	s25, s2, s18
 -      -      -      -      -      -      -      -      -      -      -      -      -      -      -      -      -      -     0.99   0.01   fmadd	s25, s17, s1, s25
 -      -      -      -      -      -      -      -      -      -      -      -      -      -      -      -      -     0.99   0.01    -     fnmul	s1, s1, s18
 -      -      -      -      -      -      -      -      -      -      -      -      -      -      -      -     0.99    -      -     0.01   fmadd	s1, s17, s2, s1
 -      -      -      -      -      -      -      -      -      -      -      -      -      -      -      -      -     0.99    -     0.01   fmul	s2, s4, s20
 -      -      -      -      -      -      -     0.99   0.01    -      -      -      -      -      -      -      -      -      -      -     ldp	s17, s18, [x4, #16]
 -      -      -      -      -      -      -      -      -      -      -      -      -      -      -      -     0.99    -      -     0.01   fmadd	s2, s19, s3, s2
 -      -      -      -      -      -      -      -      -      -      -      -      -      -      -      -      -      -     0.01   0.99   fnmul	s3, s3, s20
 -      -      -      -      -      -      -      -      -      -      -      -      -      -      -      -      -     0.01    -     0.99   fmadd	s3, s19, s4, s3
 -      -      -      -      -      -      -      -     0.50   0.50    -      -      -      -      -      -      -      -      -      -     ldp	s19, s20, [x5, #16]
 -      -      -      -      -      -      -      -      -      -      -      -      -      -      -      -     0.99    -      -     0.01   fadd	s25, s25, s0
 -      -      -      -      -      -      -      -      -      -      -      -      -      -      -      -     0.01    -      -     0.99   fadd	s1, s1, s0
 -      -      -      -      -      -      -      -      -      -      -      -      -      -      -      -     0.01    -      -     0.99   fadd	s2, s25, s2
 -      -      -      -      -      -      -      -      -      -      -      -      -      -      -      -     0.01    -      -     0.99   fadd	s1, s1, s3
 -      -      -      -      -      -      -      -      -      -      -      -      -      -      -      -     0.99    -     0.01    -     fmul	s3, s6, s22
 -      -      -      -      -      -      -      -      -      -      -      -      -      -      -      -      -      -     0.01   0.99   fmadd	s3, s21, s5, s3
 -      -      -      -      -      -      -      -      -      -      -      -      -      -      -      -     0.01    -      -     0.99   fadd	s2, s2, s3
 -      -      -      -      -      -      -      -      -      -      -      -      -      -      -      -      -     0.01    -     0.99   fnmul	s3, s5, s22
 -      -      -      -      -      -      -      -      -      -      -      -      -      -      -      -      -     0.01   0.99    -     fmadd	s3, s21, s6, s3
 -      -      -      -      -      -      -      -      -      -      -      -      -      -      -      -     0.01    -      -     0.99   fadd	s1, s1, s3
 -      -      -      -      -      -      -      -      -      -      -      -      -      -      -      -      -     1.00    -      -     fmul	s3, s16, s24
 -      -      -      -      -      -      -      -     0.51   0.49    -      -      -      -      -      -      -      -      -      -     ldp	s5, s6, [x2, #16]
 -      -      -      -      -      -      -     0.99    -     0.01    -      -      -      -      -      -      -      -      -      -     ldp	s21, s22, [x6, #16]
 -      -      -      -      -      -      -      -      -      -      -      -      -      -      -      -      -      -     0.01   0.99   fmadd	s3, s23, s7, s3
 -      -      -      -      -      -      -      -      -      -      -      -      -      -      -      -      -      -     0.01   0.99   fadd	s2, s2, s3
 -      -      -      -      -      -      -      -      -      -      -      -      -      -      -      -     0.99   0.01    -      -     fnmul	s3, s7, s24
 -      -      -      -      -      -      -      -      -      -      -      -      -      -      -      -     0.01    -     0.99    -     fmadd	s3, s23, s16, s3
 -      -      -      -      -      -      -     0.01   0.49   0.50    -      -      -      -      -      -      -      -      -      -     ldp	s7, s16, [x3, #16]
 -      -      -      -      -      -      -      -      -      -      -      -      -      -      -      -     0.01   0.99    -      -     fadd	s1, s1, s3
 -      -      -      -      -      -      -      -     0.51   0.49    -      -      -      -      -      -      -      -      -      -     ldp	s3, s4, [x1, #16]
 -      -      -      -      -      -      -      -     0.49   0.51    -      -      -      -      -      -      -      -      -      -     ldp	s23, s24, [x7, #16]
 -      -      -      -      -      -      -      -     0.51   0.49    -      -      -      -      -      -     0.01   0.99    -      -     stp	s2, s1, [x8, #8]
 -      -      -      -      -      -      -     1.00    -      -      -      -      -      -      -      -      -      -      -      -     ldp	s1, s2, [x0, #16]
 -      -      -      -      -      -      -      -      -      -      -      -      -      -      -      -      -      -     0.99   0.01   fmul	s25, s2, s18
 -      -      -      -      -      -      -      -      -      -      -      -      -      -      -      -      -      -     0.99   0.01   fmadd	s25, s17, s1, s25
 -      -      -      -      -      -      -      -      -      -      -      -      -      -      -      -      -     0.99   0.01    -     fnmul	s1, s1, s18
 -      -      -      -      -      -      -      -      -      -      -      -      -      -      -      -      -      -     0.99   0.01   fmadd	s1, s17, s2, s1
 -      -      -      -      -      -      -      -      -      -      -      -      -      -      -      -      -      -     1.00    -     fmul	s2, s4, s20
 -      -      -      -      -      -      -      -     0.50   0.50    -      -      -      -      -      -      -      -      -      -     ldp	s17, s18, [x4, #24]
 -      -      -      -      -      -      -      -      -      -      -      -      -      -      -      -      -      -     0.99   0.01   fmadd	s2, s19, s3, s2
 -      -      -      -      -      -      -      -      -      -      -      -      -      -      -      -      -     0.99   0.01    -     fnmul	s3, s3, s20
 -      -      -      -      -      -      -      -      -      -      -      -      -      -      -      -     0.99   0.01    -      -     fmadd	s3, s19, s4, s3
 -      -      -      -      -      -      -     0.99   0.01    -      -      -      -      -      -      -      -      -      -      -     ldp	s19, s20, [x5, #24]
 -      -      -      -      -      -      -      -      -      -      -      -      -      -      -      -      -      -      -     1.00   fadd	s25, s25, s0
 -      -      -      -      -      -      -      -      -      -      -      -      -      -      -      -     0.01    -      -     0.99   fadd	s1, s1, s0
 -      -      -      -      -      -      -      -      -      -      -      -      -      -      -      -      -      -      -     1.00   fadd	s2, s25, s2
 -      -      -      -      -      -      -      -      -      -      -      -      -      -      -      -     0.01    -      -     0.99   fadd	s1, s1, s3
 -      -      -      -      -      -      -      -      -      -      -      -      -      -      -      -     0.01   0.99    -      -     fmul	s3, s6, s22
 -      -      -      -      -      -      -      -      -      -      -      -      -      -      -      -      -     0.99   0.01    -     fmadd	s3, s21, s5, s3
 -      -      -      -      -      -      -      -      -      -      -      -      -      -      -      -     0.01    -      -     0.99   fadd	s2, s2, s3
 -      -      -      -      -      -      -      -      -      -      -      -      -      -      -      -     0.99   0.01    -      -     fnmul	s3, s5, s22
 -      -      -      -      -      -      -      -      -      -      -      -      -      -      -      -     0.99   0.01    -      -     fmadd	s3, s21, s6, s3
 -      -      -      -      -      -      -      -      -      -      -      -      -      -      -      -     0.01    -      -     0.99   fadd	s1, s1, s3
 -      -      -      -      -      -      -      -      -      -      -      -      -      -      -      -     0.99   0.01    -      -     fmul	s3, s16, s24
 -      -      -      -      -      -      -     0.01   0.50   0.49    -      -      -      -      -      -      -      -      -      -     ldp	s5, s6, [x2, #24]
 -      -      -      -      -      -      -      -     0.49   0.51    -      -      -      -      -      -      -      -      -      -     ldp	s21, s22, [x6, #24]
 -      -      -      -      -      -      -      -      -      -      -      -      -      -      -      -      -     0.99   0.01    -     fmadd	s3, s23, s7, s3
 -      -      -      -      -      -      -      -      -      -      -      -      -      -      -      -      -     0.99   0.01    -     fadd	s2, s2, s3
 -      -      -      -      -      -      -      -      -      -      -      -      -      -      -      -     0.99   0.01    -      -     fnmul	s3, s7, s24
 -      -      -      -      -      -      -      -      -      -      -      -      -      -      -      -      -      -     0.99   0.01   fmadd	s3, s23, s16, s3
 -      -      -      -      -      -      -     0.99   0.01    -      -      -      -      -      -      -      -      -      -      -     ldp	s7, s16, [x3, #24]
 -      -      -      -      -      -      -      -      -      -      -      -      -      -      -      -     0.01    -      -     0.99   fadd	s1, s1, s3
 -      -      -      -      -      -      -      -     0.50   0.50    -      -      -      -      -      -      -      -      -      -     ldp	s3, s4, [x1, #24]
 -      -      -      -      -      -      -      -     0.50   0.50    -      -      -      -      -      -      -      -      -      -     ldp	s23, s24, [x7, #24]
 -      -      -      -      -      -      -      -     0.50   0.50    -      -      -      -      -      -      -     1.00    -      -     stp	s2, s1, [x8, #16]
 -      -      -      -      -      -      -     1.00    -      -      -      -      -      -      -      -      -      -      -      -     ldp	s1, s2, [x0, #24]
 -      -      -      -      -      -      -      -      -      -      -      -      -      -      -      -      -      -     0.99   0.01   fmul	s25, s2, s18
 -      -      -      -      -      -      -      -      -      -      -      -      -      -      -      -      -      -     0.99   0.01   fmadd	s25, s17, s1, s25
 -      -      -      -      -      -      -      -      -      -      -      -      -      -      -      -      -     0.99   0.01    -     fnmul	s1, s1, s18
 -      -      -      -      -      -      -      -      -      -      -      -      -      -      -      -      -      -     0.99   0.01   fmadd	s1, s17, s2, s1
 -      -      -      -      -      -      -      -      -      -      -      -      -      -      -      -      -      -     1.00    -     fnmul	s2, s3, s20
 -      -      -      -      -      -      -      -      -      -      -      -      -      -      -      -     0.99   0.01    -      -     fmadd	s2, s19, s4, s2
 -      -      -      -      -      -      -      -      -      -      -      -      -      -      -      -      -      -     0.99   0.01   fadd	s25, s25, s0
 -      -      -      -      -      -      -      -      -      -      -      -      -      -      -      -      -      -     0.01   0.99   fadd	s0, s1, s0
 -      -      -      -      -      -      -      -      -      -      -      -      -      -      -      -      -      -     1.00    -     fmul	s1, s4, s20
 -      -      -      -      -      -      -      -      -      -      -      -      -      -      -      -      -     1.00    -      -     fmadd	s1, s19, s3, s1
 -      -      -      -      -      -      -      -      -      -      -      -      -      -      -      -      -      -      -     1.00   fadd	s0, s0, s2
 -      -      -      -      -      -      -      -      -      -      -      -      -      -      -      -     0.99   0.01    -      -     fmul	s2, s6, s22
 -      -      -      -      -      -      -      -      -      -      -      -      -      -      -      -      -     1.00    -      -     fmadd	s2, s21, s5, s2
 -      -      -      -      -      -      -      -      -      -      -      -      -      -      -      -     0.01    -      -     0.99   fadd	s1, s25, s1
 -      -      -      -      -      -      -      -      -      -      -      -      -      -      -      -      -      -     0.01   0.99   fadd	s1, s1, s2
 -      -      -      -      -      -      -      -      -      -      -      -      -      -      -      -     0.99    -     0.01    -     fnmul	s2, s5, s22
 -      -      -      -      -      -      -      -      -      -      -      -      -      -      -      -     0.99    -     0.01    -     fmadd	s2, s21, s6, s2
 -      -      -      -      -      -      -      -      -      -      -      -      -      -      -      -      -     0.01    -     0.99   fadd	s0, s0, s2
 -      -      -      -      -      -      -      -      -      -      -      -      -      -      -      -     0.99   0.01    -      -     fmul	s2, s16, s24
 -      -      -      -      -      -      -      -      -      -      -      -      -      -      -      -      -     1.00    -      -     fmadd	s2, s23, s7, s2
 -      -      -      -      -      -      -      -      -      -      -      -      -      -      -      -     0.01    -      -     0.99   fadd	s1, s1, s2
 -      -      -      -      -      -      -      -      -      -      -      -      -      -      -      -     0.99    -      -     0.01   fnmul	s2, s7, s24
 -      -      -      -      -      -      -      -      -      -      -      -      -      -      -      -      -     0.01   0.99    -     fmadd	s2, s23, s16, s2
 -      -      -      -      -      -      -      -      -      -      -      -      -      -      -      -      -     0.99    -     0.01   fadd	s0, s0, s2
 -      -      -      -      -      -      -      -     0.50   0.50    -      -      -      -      -      -      -     1.00    -      -     stp	s1, s0, [x8, #24]


Timeline view:
                    0123456789          0123456789          0123456789          0123456789
Index     0123456789          0123456789          0123456789          0123456789          

[0,0]     DeeeeeeER .    .    .    .    .    .    .    .    .    .    .    .    .    .   .   ldp	s1, s2, [x0]
[0,1]     DeeeeeeER .    .    .    .    .    .    .    .    .    .    .    .    .    .   .   ldp	s17, s18, [x4]
[0,2]     DeeeeE--R .    .    .    .    .    .    .    .    .    .    .    .    .    .   .   ldr	x8, [sp]
[0,3]     .DeeeeeeER.    .    .    .    .    .    .    .    .    .    .    .    .    .   .   ldp	s3, s4, [x1]
[0,4]     .DeeeeeeER.    .    .    .    .    .    .    .    .    .    .    .    .    .   .   ldp	s19, s20, [x5]
[0,5]     .DeeeeeeER.    .    .    .    .    .    .    .    .    .    .    .    .    .   .   ldp	s5, s6, [x2]
[0,6]     . DeeeeeeER    .    .    .    .    .    .    .    .    .    .    .    .    .   .   ldp	s21, s22, [x6]
[0,7]     . DeeeeeeER    .    .    .    .    .    .    .    .    .    .    .    .    .   .   ldp	s7, s16, [x3]
[0,8]     . DeeeeeeER    .    .    .    .    .    .    .    .    .    .    .    .    .   .   ldp	s23, s24, [x7]
[0,9]     .  D=eeeE-R    .    .    .    .    .    .    .    .    .    .    .    .    .   .   fmul	s0, s2, s18
[0,10]    .  D===eeeeER  .    .    .    .    .    .    .    .    .    .    .    .    .   .   fmadd	s25, s17, s1, s0
[0,11]    .  D===eeeE-R  .    .    .    .    .    .    .    .    .    .    .    .    .   .   fnmul	s1, s1, s18
[0,12]    .  D--------R  .    .    .    .    .    .    .    .    .    .    .    .    .   .   movi	d0, #0000000000000000
[0,13]    .  D====eeeeER .    .    .    .    .    .    .    .    .    .    .    .    .   .   fmadd	s1, s17, s2, s1
[0,14]    .  D==eeeE---R .    .    .    .    .    .    .    .    .    .    .    .    .   .   fmul	s2, s4, s20
[0,15]    .   DeeeeeeE-R .    .    .    .    .    .    .    .    .    .    .    .    .   .   ldp	s17, s18, [x4, #8]
[0,16]    .   D===eeeeER .    .    .    .    .    .    .    .    .    .    .    .    .   .   fmadd	s2, s19, s3, s2
[0,17]    .   D===eeeE-R .    .    .    .    .    .    .    .    .    .    .    .    .   .   fnmul	s3, s3, s20
[0,18]    .   D====eeeeER.    .    .    .    .    .    .    .    .    .    .    .    .   .   fmadd	s3, s19, s4, s3
[0,19]    .   D======eeER.    .    .    .    .    .    .    .    .    .    .    .    .   .   fadd	s25, s25, s0
[0,20]    .    DeeeeeeE-R.    .    .    .    .    .    .    .    .    .    .    .    .   .   ldp	s19, s20, [x5, #8]
[0,21]    .    D======eeER    .    .    .    .    .    .    .    .    .    .    .    .   .   fadd	s1, s1, s0
[0,22]    .    D=======eeER   .    .    .    .    .    .    .    .    .    .    .    .   .   fadd	s2, s25, s2
[0,23]    .    D========eeER  .    .    .    .    .    .    .    .    .    .    .    .   .   fadd	s1, s1, s3
[0,24]    .    D=eeeE------R  .    .    .    .    .    .    .    .    .    .    .    .   .   fmul	s3, s6, s22
[0,25]    .    .D==eeeeE---R  .    .    .    .    .    .    .    .    .    .    .    .   .   fmadd	s3, s21, s5, s3
[0,26]    .    .D========eeER .    .    .    .    .    .    .    .    .    .    .    .   .   fadd	s2, s2, s3
[0,27]    .    .D=eeeE------R .    .    .    .    .    .    .    .    .    .    .    .   .   fnmul	s3, s5, s22
[0,28]    .    .D==eeeeE----R .    .    .    .    .    .    .    .    .    .    .    .   .   fmadd	s3, s21, s6, s3
[0,29]    .    .DeeeeeeE----R .    .    .    .    .    .    .    .    .    .    .    .   .   ldp	s5, s6, [x2, #8]
[0,30]    .    . DeeeeeeE---R .    .    .    .    .    .    .    .    .    .    .    .   .   ldp	s21, s22, [x6, #8]
[0,31]    .    . D========eeER.    .    .    .    .    .    .    .    .    .    .    .   .   fadd	s1, s1, s3
[0,32]    .    . D=eeeE------R.    .    .    .    .    .    .    .    .    .    .    .   .   fmul	s3, s16, s24
[0,33]    .    . D==eeeeE----R.    .    .    .    .    .    .    .    .    .    .    .   .   fmadd	s3, s23, s7, s3
[0,34]    .    . D=========eeER    .    .    .    .    .    .    .    .    .    .    .   .   fadd	s2, s2, s3
[0,35]    .    .  D=eeeE------R    .    .    .    .    .    .    .    .    .    .    .   .   fnmul	s3, s7, s24
[0,36]    .    .  D==eeeeE----R    .    .    .    .    .    .    .    .    .    .    .   .   fmadd	s3, s23, s16, s3
[0,37]    .    .  DeeeeeeE----R    .    .    .    .    .    .    .    .    .    .    .   .   ldp	s7, s16, [x3, #8]
[0,38]    .    .  DeeeeeeE----R    .    .    .    .    .    .    .    .    .    .    .   .   ldp	s23, s24, [x7, #8]
[0,39]    .    .   D========eeER   .    .    .    .    .    .    .    .    .    .    .   .   fadd	s1, s1, s3
[0,40]    .    .   DeeeeeeE----R   .    .    .    .    .    .    .    .    .    .    .   .   ldp	s3, s4, [x1, #8]
[0,41]    .    .   D==========eeER .    .    .    .    .    .    .    .    .    .    .   .   stp	s2, s1, [x8]
[0,42]    .    .    DeeeeeeE-----R .    .    .    .    .    .    .    .    .    .    .   .   ldp	s1, s2, [x0, #8]
[0,43]    .    .    D====eeeE----R .    .    .    .    .    .    .    .    .    .    .   .   fmul	s25, s2, s18
[0,44]    .    .    D======eeeeE-R .    .    .    .    .    .    .    .    .    .    .   .   fmadd	s25, s17, s1, s25
[0,45]    .    .    D======eeeE--R .    .    .    .    .    .    .    .    .    .    .   .   fnmul	s1, s1, s18
[0,46]    .    .    D=======eeeeER .    .    .    .    .    .    .    .    .    .    .   .   fmadd	s1, s17, s2, s1
[0,47]    .    .    .D==eeeE-----R .    .    .    .    .    .    .    .    .    .    .   .   fmul	s2, s4, s20
[0,48]    .    .    .DeeeeeeE----R .    .    .    .    .    .    .    .    .    .    .   .   ldp	s17, s18, [x4, #16]
[0,49]    .    .    .D====eeeeE--R .    .    .    .    .    .    .    .    .    .    .   .   fmadd	s2, s19, s3, s2
[0,50]    .    .    .D====eeeE---R .    .    .    .    .    .    .    .    .    .    .   .   fnmul	s3, s3, s20
[0,51]    .    .    .D=====eeeeE-R .    .    .    .    .    .    .    .    .    .    .   .   fmadd	s3, s19, s4, s3
[0,52]    .    .    . DeeeeeeE---R .    .    .    .    .    .    .    .    .    .    .   .   ldp	s19, s20, [x5, #16]
[0,53]    .    .    . D========eeER.    .    .    .    .    .    .    .    .    .    .   .   fadd	s25, s25, s0
[0,54]    .    .    . D=========eeER    .    .    .    .    .    .    .    .    .    .   .   fadd	s1, s1, s0
[0,55]    .    .    . D==========eeER   .    .    .    .    .    .    .    .    .    .   .   fadd	s2, s25, s2
[0,56]    .    .    . D===========eeER  .    .    .    .    .    .    .    .    .    .   .   fadd	s1, s1, s3
[0,57]    .    .    .  DeeeE---------R  .    .    .    .    .    .    .    .    .    .   .   fmul	s3, s6, s22
[0,58]    .    .    .  D=eeeeE-------R  .    .    .    .    .    .    .    .    .    .   .   fmadd	s3, s21, s5, s3
[0,59]    .    .    .  D===========eeER .    .    .    .    .    .    .    .    .    .   .   fadd	s2, s2, s3
[0,60]    .    .    .  DeeeE----------R .    .    .    .    .    .    .    .    .    .   .   fnmul	s3, s5, s22
[0,61]    .    .    .  D=eeeeE--------R .    .    .    .    .    .    .    .    .    .   .   fmadd	s3, s21, s6, s3
[0,62]    .    .    .  D============eeER.    .    .    .    .    .    .    .    .    .   .   fadd	s1, s1, s3
[0,63]    .    .    .   D=eeeE---------R.    .    .    .    .    .    .    .    .    .   .   fmul	s3, s16, s24
[0,64]    .    .    .   DeeeeeeE-------R.    .    .    .    .    .    .    .    .    .   .   ldp	s5, s6, [x2, #16]
[0,65]    .    .    .   DeeeeeeE-------R.    .    .    .    .    .    .    .    .    .   .   ldp	s21, s22, [x6, #16]
[0,66]    .    .    .   D===eeeeE------R.    .    .    .    .    .    .    .    .    .   .   fmadd	s3, s23, s7, s3
[0,67]    .    .    .    D===========eeER    .    .    .    .    .    .    .    .    .   .   fadd	s2, s2, s3
[0,68]    .    .    .    D==eeeE--------R    .    .    .    .    .    .    .    .    .   .   fnmul	s3, s7, s24
[0,69]    .    .    .    D===eeeeE------R    .    .    .    .    .    .    .    .    .   .   fmadd	s3, s23, s16, s3
[0,70]    .    .    .    DeeeeeeE-------R    .    .    .    .    .    .    .    .    .   .   ldp	s7, s16, [x3, #16]
[0,71]    .    .    .    D============eeER   .    .    .    .    .    .    .    .    .   .   fadd	s1, s1, s3
[0,72]    .    .    .    .DeeeeeeE-------R   .    .    .    .    .    .    .    .    .   .   ldp	s3, s4, [x1, #16]
[0,73]    .    .    .    .DeeeeeeE-------R   .    .    .    .    .    .    .    .    .   .   ldp	s23, s24, [x7, #16]
[0,74]    .    .    .    .D=============eeER .    .    .    .    .    .    .    .    .   .   stp	s2, s1, [x8, #8]
[0,75]    .    .    .    . DeeeeeeE--------R .    .    .    .    .    .    .    .    .   .   ldp	s1, s2, [x0, #16]
[0,76]    .    .    .    . D====eeeE-------R .    .    .    .    .    .    .    .    .   .   fmul	s25, s2, s18
[0,77]    .    .    .    . D======eeeeE----R .    .    .    .    .    .    .    .    .   .   fmadd	s25, s17, s1, s25
[0,78]    .    .    .    . D======eeeE-----R .    .    .    .    .    .    .    .    .   .   fnmul	s1, s1, s18
[0,79]    .    .    .    . D=======eeeeE---R .    .    .    .    .    .    .    .    .   .   fmadd	s1, s17, s2, s1
[0,80]    .    .    .    .  D==eeeE--------R .    .    .    .    .    .    .    .    .   .   fmul	s2, s4, s20
[0,81]    .    .    .    .  DeeeeeeE-------R .    .    .    .    .    .    .    .    .   .   ldp	s17, s18, [x4, #24]
[0,82]    .    .    .    .  D====eeeeE-----R .    .    .    .    .    .    .    .    .   .   fmadd	s2, s19, s3, s2
[0,83]    .    .    .    .  D====eeeE------R .    .    .    .    .    .    .    .    .   .   fnmul	s3, s3, s20
[0,84]    .    .    .    .  D=====eeeeE----R .    .    .    .    .    .    .    .    .   .   fmadd	s3, s19, s4, s3
[0,85]    .    .    .    .   DeeeeeeE------R .    .    .    .    .    .    .    .    .   .   ldp	s19, s20, [x5, #24]
[0,86]    .    .    .    .   D========eeE--R .    .    .    .    .    .    .    .    .   .   fadd	s25, s25, s0
[0,87]    .    .    .    .   D=========eeE-R .    .    .    .    .    .    .    .    .   .   fadd	s1, s1, s0
[0,88]    .    .    .    .   D==========eeER .    .    .    .    .    .    .    .    .   .   fadd	s2, s25, s2
[0,89]    .    .    .    .   D===========eeER.    .    .    .    .    .    .    .    .   .   fadd	s1, s1, s3
[0,90]    .    .    .    .    DeeeE---------R.    .    .    .    .    .    .    .    .   .   fmul	s3, s6, s22
[0,91]    .    .    .    .    D=eeeeE-------R.    .    .    .    .    .    .    .    .   .   fmadd	s3, s21, s5, s3
[0,92]    .    .    .    .    D===========eeER    .    .    .    .    .    .    .    .   .   fadd	s2, s2, s3
[0,93]    .    .    .    .    DeeeE----------R    .    .    .    .    .    .    .    .   .   fnmul	s3, s5, s22
[0,94]    .    .    .    .    D=eeeeE--------R    .    .    .    .    .    .    .    .   .   fmadd	s3, s21, s6, s3
[0,95]    .    .    .    .    D============eeER   .    .    .    .    .    .    .    .   .   fadd	s1, s1, s3
[0,96]    .    .    .    .    .D=eeeE---------R   .    .    .    .    .    .    .    .   .   fmul	s3, s16, s24
[0,97]    .    .    .    .    .DeeeeeeE-------R   .    .    .    .    .    .    .    .   .   ldp	s5, s6, [x2, #24]
[0,98]    .    .    .    .    .DeeeeeeE-------R   .    .    .    .    .    .    .    .   .   ldp	s21, s22, [x6, #24]
[0,99]    .    .    .    .    .D===eeeeE------R   .    .    .    .    .    .    .    .   .   fmadd	s3, s23, s7, s3
[0,100]   .    .    .    .    . D===========eeER  .    .    .    .    .    .    .    .   .   fadd	s2, s2, s3
[0,101]   .    .    .    .    . D==eeeE--------R  .    .    .    .    .    .    .    .   .   fnmul	s3, s7, s24
[0,102]   .    .    .    .    . D===eeeeE------R  .    .    .    .    .    .    .    .   .   fmadd	s3, s23, s16, s3
[0,103]   .    .    .    .    . DeeeeeeE-------R  .    .    .    .    .    .    .    .   .   ldp	s7, s16, [x3, #24]
[0,104]   .    .    .    .    . D============eeER .    .    .    .    .    .    .    .   .   fadd	s1, s1, s3
[0,105]   .    .    .    .    .  DeeeeeeE-------R .    .    .    .    .    .    .    .   .   ldp	s3, s4, [x1, #24]
[0,106]   .    .    .    .    .  DeeeeeeE-------R .    .    .    .    .    .    .    .   .   ldp	s23, s24, [x7, #24]
[0,107]   .    .    .    .    .  D=============eeER    .    .    .    .    .    .    .   .   stp	s2, s1, [x8, #16]
[0,108]   .    .    .    .    .   DeeeeeeE--------R    .    .    .    .    .    .    .   .   ldp	s1, s2, [x0, #24]
[0,109]   .    .    .    .    .   D====eeeE-------R    .    .    .    .    .    .    .   .   fmul	s25, s2, s18
[0,110]   .    .    .    .    .   D======eeeeE----R    .    .    .    .    .    .    .   .   fmadd	s25, s17, s1, s25
[0,111]   .    .    .    .    .   D======eeeE-----R    .    .    .    .    .    .    .   .   fnmul	s1, s1, s18
[0,112]   .    .    .    .    .   D=======eeeeE---R    .    .    .    .    .    .    .   .   fmadd	s1, s17, s2, s1
[0,113]   .    .    .    .    .    D====eeeE------R    .    .    .    .    .    .    .   .   fnmul	s2, s3, s20
[0,114]   .    .    .    .    .    D=====eeeeE----R    .    .    .    .    .    .    .   .   fmadd	s2, s19, s4, s2
[0,115]   .    .    .    .    .    D=========eeE--R    .    .    .    .    .    .    .   .   fadd	s25, s25, s0
[0,116]   .    .    .    .    .    D==========eeE-R    .    .    .    .    .    .    .   .   fadd	s0, s1, s0
[0,117]   .    .    .    .    .    D==eeeE--------R    .    .    .    .    .    .    .   .   fmul	s1, s4, s20
[0,118]   .    .    .    .    .    D====eeeeE-----R    .    .    .    .    .    .    .   .   fmadd	s1, s19, s3, s1
[0,119]   .    .    .    .    .    .D===========eeER   .    .    .    .    .    .    .   .   fadd	s0, s0, s2
[0,120]   .    .    .    .    .    .DeeeE----------R   .    .    .    .    .    .    .   .   fmul	s2, s6, s22
[0,121]   .    .    .    .    .    .D=eeeeE--------R   .    .    .    .    .    .    .   .   fmadd	s2, s21, s5, s2
[0,122]   .    .    .    .    .    .D==========eeE-R   .    .    .    .    .    .    .   .   fadd	s1, s25, s1
[0,123]   .    .    .    .    .    .D============eeER  .    .    .    .    .    .    .   .   fadd	s1, s1, s2
[0,124]   .    .    .    .    .    .D==eeeE---------R  .    .    .    .    .    .    .   .   fnmul	s2, s5, s22
[0,125]   .    .    .    .    .    . D====eeeeE-----R  .    .    .    .    .    .    .   .   fmadd	s2, s21, s6, s2
[0,126]   .    .    .    .    .    . D============eeER .    .    .    .    .    .    .   .   fadd	s0, s0, s2
[0,127]   .    .    .    .    .    . D=eeeE----------R .    .    .    .    .    .    .   .   fmul	s2, s16, s24
[0,128]   .    .    .    .    .    . D====eeeeE------R .    .    .    .    .    .    .   .   fmadd	s2, s23, s7, s2
[0,129]   .    .    .    .    .    . D=============eeER.    .    .    .    .    .    .   .   fadd	s1, s1, s2
[0,130]   .    .    .    .    .    . D=====eeeE-------R.    .    .    .    .    .    .   .   fnmul	s2, s7, s24
[0,131]   .    .    .    .    .    .  D=====eeeeE-----R.    .    .    .    .    .    .   .   fmadd	s2, s23, s16, s2
[0,132]   .    .    .    .    .    .  D=============eeER    .    .    .    .    .    .   .   fadd	s0, s0, s2
[0,133]   .    .    .    .    .    .  D===============eeER  .    .    .    .    .    .   .   stp	s1, s0, [x8, #24]
[1,0]     .    .    .    .    .    .  DeeeeeeE-----------R  .    .    .    .    .    .   .   ldp	s1, s2, [x0]
[1,1]     .    .    .    .    .    .   DeeeeeeE----------R  .    .    .    .    .    .   .   ldp	s17, s18, [x4]
[1,2]     .    .    .    .    .    .   DeeeeE------------R  .    .    .    .    .    .   .   ldr	x8, [sp]
[1,3]     .    .    .    .    .    .   D=eeeeeeE---------R  .    .    .    .    .    .   .   ldp	s3, s4, [x1]
[1,4]     .    .    .    .    .    .    DeeeeeeE---------R  .    .    .    .    .    .   .   ldp	s19, s20, [x5]
[1,5]     .    .    .    .    .    .    DeeeeeeE---------R  .    .    .    .    .    .   .   ldp	s5, s6, [x2]
[1,6]     .    .    .    .    .    .    D=eeeeeeE--------R  .    .    .    .    .    .   .   ldp	s21, s22, [x6]
[1,7]     .    .    .    .    .    .    .DeeeeeeE--------R  .    .    .    .    .    .   .   ldp	s7, s16, [x3]
[1,8]     .    .    .    .    .    .    .DeeeeeeE--------R  .    .    .    .    .    .   .   ldp	s23, s24, [x7]
[1,9]     .    .    .    .    .    .    .D==eeeE---------R  .    .    .    .    .    .   .   fmul	s0, s2, s18
[1,10]    .    .    .    .    .    .    .D====eeeeE------R  .    .    .    .    .    .   .   fmadd	s25, s17, s1, s0
[1,11]    .    .    .    .    .    .    . D==eeeE--------R  .    .    .    .    .    .   .   fnmul	s1, s1, s18
[1,12]    .    .    .    .    .    .    . D--------------R  .    .    .    .    .    .   .   movi	d0, #0000000000000000
[1,13]    .    .    .    .    .    .    . D===eeeeE------R  .    .    .    .    .    .   .   fmadd	s1, s17, s2, s1
[1,14]    .    .    .    .    .    .    . D==eeeE--------R  .    .    .    .    .    .   .   fmul	s2, s4, s20
[1,15]    .    .    .    .    .    .    . DeeeeeeE-------R  .    .    .    .    .    .   .   ldp	s17, s18, [x4, #8]
[1,16]    .    .    .    .    .    .    .  D===eeeeE-----R  .    .    .    .    .    .   .   fmadd	s2, s19, s3, s2
[1,17]    .    .    .    .    .    .    .  D===eeeE------R  .    .    .    .    .    .   .   fnmul	s3, s3, s20
[1,18]    .    .    .    .    .    .    .  D====eeeeE----R  .    .    .    .    .    .   .   fmadd	s3, s19, s4, s3
[1,19]    .    .    .    .    .    .    .  D======eeE----R  .    .    .    .    .    .   .   fadd	s25, s25, s0
[1,20]    .    .    .    .    .    .    .  DeeeeeeE------R  .    .    .    .    .    .   .   ldp	s19, s20, [x5, #8]
[1,21]    .    .    .    .    .    .    .   D=====eeE----R  .    .    .    .    .    .   .   fadd	s1, s1, s0
[1,22]    .    .    .    .    .    .    .   D=======eeE--R  .    .    .    .    .    .   .   fadd	s2, s25, s2
[1,23]    .    .    .    .    .    .    .   D=======eeE--R  .    .    .    .    .    .   .   fadd	s1, s1, s3
[1,24]    .    .    .    .    .    .    .   D=eeeE-------R  .    .    .    .    .    .   .   fmul	s3, s6, s22
[1,25]    .    .    .    .    .    .    .   D===eeeeE----R  .    .    .    .    .    .   .   fmadd	s3, s21, s5, s3
[1,26]    .    .    .    .    .    .    .   D=========eeER  .    .    .    .    .    .   .   fadd	s2, s2, s3
[1,27]    .    .    .    .    .    .    .    D==eeeE-----R  .    .    .    .    .    .   .   fnmul	s3, s5, s22
[1,28]    .    .    .    .    .    .    .    D===eeeeE---R  .    .    .    .    .    .   .   fmadd	s3, s21, s6, s3
[1,29]    .    .    .    .    .    .    .    DeeeeeeE----R  .    .    .    .    .    .   .   ldp	s5, s6, [x2, #8]
[1,30]    .    .    .    .    .    .    .    DeeeeeeE----R  .    .    .    .    .    .   .   ldp	s21, s22, [x6, #8]
[1,31]    .    .    .    .    .    .    .    .D=======eeER  .    .    .    .    .    .   .   fadd	s1, s1, s3
[1,32]    .    .    .    .    .    .    .    .D==eeeE----R  .    .    .    .    .    .   .   fmul	s3, s16, s24
[1,33]    .    .    .    .    .    .    .    .D===eeeeE--R  .    .    .    .    .    .   .   fmadd	s3, s23, s7, s3
[1,34]    .    .    .    .    .    .    .    .D=========eeER.    .    .    .    .    .   .   fadd	s2, s2, s3
[1,35]    .    .    .    .    .    .    .    .D==eeeE------R.    .    .    .    .    .   .   fnmul	s3, s7, s24
[1,36]    .    .    .    .    .    .    .    .D====eeeeE---R.    .    .    .    .    .   .   fmadd	s3, s23, s16, s3
[1,37]    .    .    .    .    .    .    .    . DeeeeeeE----R.    .    .    .    .    .   .   ldp	s7, s16, [x3, #8]
[1,38]    .    .    .    .    .    .    .    . DeeeeeeE----R.    .    .    .    .    .   .   ldp	s23, s24, [x7, #8]
[1,39]    .    .    .    .    .    .    .    . D========eeER.    .    .    .    .    .   .   fadd	s1, s1, s3
[1,40]    .    .    .    .    .    .    .    .  DeeeeeeE---R.    .    .    .    .    .   .   ldp	s3, s4, [x1, #8]
[1,41]    .    .    .    .    .    .    .    .  D=========eeER   .    .    .    .    .   .   stp	s2, s1, [x8]
[1,42]    .    .    .    .    .    .    .    .  DeeeeeeE-----R   .    .    .    .    .   .   ldp	s1, s2, [x0, #8]
[1,43]    .    .    .    .    .    .    .    .   D===eeeE----R   .    .    .    .    .   .   fmul	s25, s2, s18
[1,44]    .    .    .    .    .    .    .    .   D=====eeeeE-R   .    .    .    .    .   .   fmadd	s25, s17, s1, s25
[1,45]    .    .    .    .    .    .    .    .   D=====eeeE--R   .    .    .    .    .   .   fnmul	s1, s1, s18
[1,46]    .    .    .    .    .    .    .    .   D======eeeeER   .    .    .    .    .   .   fmadd	s1, s17, s2, s1
[1,47]    .    .    .    .    .    .    .    .   D===eeeE----R   .    .    .    .    .   .   fmul	s2, s4, s20
[1,48]    .    .    .    .    .    .    .    .    DeeeeeeE---R   .    .    .    .    .   .   ldp	s17, s18, [x4, #16]
[1,49]    .    .    .    .    .    .    .    .    D====eeeeE-R   .    .    .    .    .   .   fmadd	s2, s19, s3, s2
[1,50]    .    .    .    .    .    .    .    .    D====eeeE--R   .    .    .    .    .   .   fnmul	s3, s3, s20
[1,51]    .    .    .    .    .    .    .    .    D=====eeeeER   .    .    .    .    .   .   fmadd	s3, s19, s4, s3
[1,52]    .    .    .    .    .    .    .    .    .DeeeeeeE--R   .    .    .    .    .   .   ldp	s19, s20, [x5, #16]
[1,53]    .    .    .    .    .    .    .    .    .D=======eeER  .    .    .    .    .   .   fadd	s25, s25, s0
[1,54]    .    .    .    .    .    .    .    .    .D========eeER .    .    .    .    .   .   fadd	s1, s1, s0
[1,55]    .    .    .    .    .    .    .    .    .D=========eeER.    .    .    .    .   .   fadd	s2, s25, s2
[1,56]    .    .    .    .    .    .    .    .    .D==========eeER    .    .    .    .   .   fadd	s1, s1, s3
[1,57]    .    .    .    .    .    .    .    .    . DeeeE--------R    .    .    .    .   .   fmul	s3, s6, s22
[1,58]    .    .    .    .    .    .    .    .    . D=eeeeE------R    .    .    .    .   .   fmadd	s3, s21, s5, s3
[1,59]    .    .    .    .    .    .    .    .    . D==========eeER   .    .    .    .   .   fadd	s2, s2, s3
[1,60]    .    .    .    .    .    .    .    .    . DeeeE---------R   .    .    .    .   .   fnmul	s3, s5, s22
[1,61]    .    .    .    .    .    .    .    .    . D====eeeeE----R   .    .    .    .   .   fmadd	s3, s21, s6, s3
[1,62]    .    .    .    .    .    .    .    .    . D===========eeER  .    .    .    .   .   fadd	s1, s1, s3
[1,63]    .    .    .    .    .    .    .    .    .  D===eeeE------R  .    .    .    .   .   fmul	s3, s16, s24
[1,64]    .    .    .    .    .    .    .    .    .  DeeeeeeE------R  .    .    .    .   .   ldp	s5, s6, [x2, #16]
[1,65]    .    .    .    .    .    .    .    .    .  DeeeeeeE------R  .    .    .    .   .   ldp	s21, s22, [x6, #16]
[1,66]    .    .    .    .    .    .    .    .    .  D====eeeeE----R  .    .    .    .   .   fmadd	s3, s23, s7, s3
[1,67]    .    .    .    .    .    .    .    .    .   D==========eeER .    .    .    .   .   fadd	s2, s2, s3
[1,68]    .    .    .    .    .    .    .    .    .   D==eeeE-------R .    .    .    .   .   fnmul	s3, s7, s24
[1,69]    .    .    .    .    .    .    .    .    .   D===eeeeE-----R .    .    .    .   .   fmadd	s3, s23, s16, s3
[1,70]    .    .    .    .    .    .    .    .    .   DeeeeeeE------R .    .    .    .   .   ldp	s7, s16, [x3, #16]
[1,71]    .    .    .    .    .    .    .    .    .   D===========eeER.    .    .    .   .   fadd	s1, s1, s3
[1,72]    .    .    .    .    .    .    .    .    .    DeeeeeeE------R.    .    .    .   .   ldp	s3, s4, [x1, #16]
[1,73]    .    .    .    .    .    .    .    .    .    DeeeeeeE------R.    .    .    .   .   ldp	s23, s24, [x7, #16]
[1,74]    .    .    .    .    .    .    .    .    .    D============eeER   .    .    .   .   stp	s2, s1, [x8, #8]
[1,75]    .    .    .    .    .    .    .    .    .    .DeeeeeeE-------R   .    .    .   .   ldp	s1, s2, [x0, #16]
[1,76]    .    .    .    .    .    .    .    .    .    .D====eeeE------R   .    .    .   .   fmul	s25, s2, s18
[1,77]    .    .    .    .    .    .    .    .    .    .D======eeeeE---R   .    .    .   .   fmadd	s25, s17, s1, s25
[1,78]    .    .    .    .    .    .    .    .    .    .D======eeeE----R   .    .    .   .   fnmul	s1, s1, s18
[1,79]    .    .    .    .    .    .    .    .    .    .D=======eeeeE--R   .    .    .   .   fmadd	s1, s17, s2, s1
[1,80]    .    .    .    .    .    .    .    .    .    . D==eeeE-------R   .    .    .   .   fmul	s2, s4, s20
[1,81]    .    .    .    .    .    .    .    .    .    . DeeeeeeE------R   .    .    .   .   ldp	s17, s18, [x4, #24]
[1,82]    .    .    .    .    .    .    .    .    .    . D====eeeeE----R   .    .    .   .   fmadd	s2, s19, s3, s2
[1,83]    .    .    .    .    .    .    .    .    .    . D====eeeE-----R   .    .    .   .   fnmul	s3, s3, s20
[1,84]    .    .    .    .    .    .    .    .    .    . D=====eeeeE---R   .    .    .   .   fmadd	s3, s19, s4, s3
[1,85]    .    .    .    .    .    .    .    .    .    .  DeeeeeeE-----R   .    .    .   .   ldp	s19, s20, [x5, #24]
[1,86]    .    .    .    .    .    .    .    .    .    .  D========eeE-R   .    .    .   .   fadd	s25, s25, s0
[1,87]    .    .    .    .    .    .    .    .    .    .  D=========eeER   .    .    .   .   fadd	s1, s1, s0
[1,88]    .    .    .    .    .    .    .    .    .    .  D==========eeER  .    .    .   .   fadd	s2, s25, s2
[1,89]    .    .    .    .    .    .    .    .    .    .  D===========eeER .    .    .   .   fadd	s1, s1, s3
[1,90]    .    .    .    .    .    .    .    .    .    .   DeeeE---------R .    .    .   .   fmul	s3, s6, s22
[1,91]    .    .    .    .    .    .    .    .    .    .   D=eeeeE-------R .    .    .   .   fmadd	s3, s21, s5, s3
[1,92]    .    .    .    .    .    .    .    .    .    .   D===========eeER.    .    .   .   fadd	s2, s2, s3
[1,93]    .    .    .    .    .    .    .    .    .    .   DeeeE----------R.    .    .   .   fnmul	s3, s5, s22
[1,94]    .    .    .    .    .    .    .    .    .    .   D=eeeeE--------R.    .    .   .   fmadd	s3, s21, s6, s3
[1,95]    .    .    .    .    .    .    .    .    .    .   D============eeER    .    .   .   fadd	s1, s1, s3
[1,96]    .    .    .    .    .    .    .    .    .    .    D=eeeE---------R    .    .   .   fmul	s3, s16, s24
[1,97]    .    .    .    .    .    .    .    .    .    .    DeeeeeeE-------R    .    .   .   ldp	s5, s6, [x2, #24]
[1,98]    .    .    .    .    .    .    .    .    .    .    DeeeeeeE-------R    .    .   .   ldp	s21, s22, [x6, #24]
[1,99]    .    .    .    .    .    .    .    .    .    .    D===eeeeE------R    .    .   .   fmadd	s3, s23, s7, s3
[1,100]   .    .    .    .    .    .    .    .    .    .    .D===========eeER   .    .   .   fadd	s2, s2, s3
[1,101]   .    .    .    .    .    .    .    .    .    .    .D==eeeE--------R   .    .   .   fnmul	s3, s7, s24
[1,102]   .    .    .    .    .    .    .    .    .    .    .D===eeeeE------R   .    .   .   fmadd	s3, s23, s16, s3
[1,103]   .    .    .    .    .    .    .    .    .    .    .DeeeeeeE-------R   .    .   .   ldp	s7, s16, [x3, #24]
[1,104]   .    .    .    .    .    .    .    .    .    .    .D============eeER  .    .   .   fadd	s1, s1, s3
[1,105]   .    .    .    .    .    .    .    .    .    .    . DeeeeeeE-------R  .    .   .   ldp	s3, s4, [x1, #24]
[1,106]   .    .    .    .    .    .    .    .    .    .    . DeeeeeeE-------R  .    .   .   ldp	s23, s24, [x7, #24]
[1,107]   .    .    .    .    .    .    .    .    .    .    . D=============eeER.    .   .   stp	s2, s1, [x8, #16]
[1,108]   .    .    .    .    .    .    .    .    .    .    .  DeeeeeeE--------R.    .   .   ldp	s1, s2, [x0, #24]
[1,109]   .    .    .    .    .    .    .    .    .    .    .  D====eeeE-------R.    .   .   fmul	s25, s2, s18
[1,110]   .    .    .    .    .    .    .    .    .    .    .  D======eeeeE----R.    .   .   fmadd	s25, s17, s1, s25
[1,111]   .    .    .    .    .    .    .    .    .    .    .  D======eeeE-----R.    .   .   fnmul	s1, s1, s18
[1,112]   .    .    .    .    .    .    .    .    .    .    .  D=======eeeeE---R.    .   .   fmadd	s1, s17, s2, s1
[1,113]   .    .    .    .    .    .    .    .    .    .    .   D====eeeE------R.    .   .   fnmul	s2, s3, s20
[1,114]   .    .    .    .    .    .    .    .    .    .    .   D=====eeeeE----R.    .   .   fmadd	s2, s19, s4, s2
[1,115]   .    .    .    .    .    .    .    .    .    .    .   D=========eeE--R.    .   .   fadd	s25, s25, s0
[1,116]   .    .    .    .    .    .    .    .    .    .    .   D==========eeE-R.    .   .   fadd	s0, s1, s0
[1,117]   .    .    .    .    .    .    .    .    .    .    .   D==eeeE--------R.    .   .   fmul	s1, s4, s20
[1,118]   .    .    .    .    .    .    .    .    .    .    .   D====eeeeE-----R.    .   .   fmadd	s1, s19, s3, s1
[1,119]   .    .    .    .    .    .    .    .    .    .    .    D===========eeER    .   .   fadd	s0, s0, s2
[1,120]   .    .    .    .    .    .    .    .    .    .    .    DeeeE----------R    .   .   fmul	s2, s6, s22
[1,121]   .    .    .    .    .    .    .    .    .    .    .    D=eeeeE--------R    .   .   fmadd	s2, s21, s5, s2
[1,122]   .    .    .    .    .    .    .    .    .    .    .    D==========eeE-R    .   .   fadd	s1, s25, s1
[1,123]   .    .    .    .    .    .    .    .    .    .    .    D============eeER   .   .   fadd	s1, s1, s2
[1,124]   .    .    .    .    .    .    .    .    .    .    .    D=eeeE----------R   .   .   fnmul	s2, s5, s22
[1,125]   .    .    .    .    .    .    .    .    .    .    .    .D=eeeeE--------R   .   .   fmadd	s2, s21, s6, s2
[1,126]   .    .    .    .    .    .    .    .    .    .    .    .D============eeER  .   .   fadd	s0, s0, s2
[1,127]   .    .    .    .    .    .    .    .    .    .    .    .D==eeeE---------R  .   .   fmul	s2, s16, s24
[1,128]   .    .    .    .    .    .    .    .    .    .    .    .D====eeeeE------R  .   .   fmadd	s2, s23, s7, s2
[1,129]   .    .    .    .    .    .    .    .    .    .    .    .D=============eeER .   .   fadd	s1, s1, s2
[1,130]   .    .    .    .    .    .    .    .    .    .    .    .D====eeeE--------R .   .   fnmul	s2, s7, s24
[1,131]   .    .    .    .    .    .    .    .    .    .    .    . D====eeeeE------R .   .   fmadd	s2, s23, s16, s2
[1,132]   .    .    .    .    .    .    .    .    .    .    .    . D=============eeER.   .   fadd	s0, s0, s2
[1,133]   .    .    .    .    .    .    .    .    .    .    .    . D===============eeER  .   stp	s1, s0, [x8, #24]
[2,0]     .    .    .    .    .    .    .    .    .    .    .    . DeeeeeeE-----------R  .   ldp	s1, s2, [x0]
[2,1]     .    .    .    .    .    .    .    .    .    .    .    .  DeeeeeeE----------R  .   ldp	s17, s18, [x4]
[2,2]     .    .    .    .    .    .    .    .    .    .    .    .  DeeeeE------------R  .   ldr	x8, [sp]
[2,3]     .    .    .    .    .    .    .    .    .    .    .    .  DeeeeeeE----------R  .   ldp	s3, s4, [x1]
[2,4]     .    .    .    .    .    .    .    .    .    .    .    .   DeeeeeeE---------R  .   ldp	s19, s20, [x5]
[2,5]     .    .    .    .    .    .    .    .    .    .    .    .   DeeeeeeE---------R  .   ldp	s5, s6, [x2]
[2,6]     .    .    .    .    .    .    .    .    .    .    .    .   DeeeeeeE---------R  .   ldp	s21, s22, [x6]
[2,7]     .    .    .    .    .    .    .    .    .    .    .    .    DeeeeeeE--------R  .   ldp	s7, s16, [x3]
[2,8]     .    .    .    .    .    .    .    .    .    .    .    .    DeeeeeeE--------R  .   ldp	s23, s24, [x7]
[2,9]     .    .    .    .    .    .    .    .    .    .    .    .    D==eeeE---------R  .   fmul	s0, s2, s18
[2,10]    .    .    .    .    .    .    .    .    .    .    .    .    D====eeeeE------R  .   fmadd	s25, s17, s1, s0
[2,11]    .    .    .    .    .    .    .    .    .    .    .    .    .D==eeeE--------R  .   fnmul	s1, s1, s18
[2,12]    .    .    .    .    .    .    .    .    .    .    .    .    .D--------------R  .   movi	d0, #0000000000000000
[2,13]    .    .    .    .    .    .    .    .    .    .    .    .    .D===eeeeE------R  .   fmadd	s1, s17, s2, s1
[2,14]    .    .    .    .    .    .    .    .    .    .    .    .    .D==eeeE--------R  .   fmul	s2, s4, s20
[2,15]    .    .    .    .    .    .    .    .    .    .    .    .    .DeeeeeeE-------R  .   ldp	s17, s18, [x4, #8]
[2,16]    .    .    .    .    .    .    .    .    .    .    .    .    . D===eeeeE-----R  .   fmadd	s2, s19, s3, s2
[2,17]    .    .    .    .    .    .    .    .    .    .    .    .    . D==eeeE-------R  .   fnmul	s3, s3, s20
[2,18]    .    .    .    .    .    .    .    .    .    .    .    .    . D===eeeeE-----R  .   fmadd	s3, s19, s4, s3
[2,19]    .    .    .    .    .    .    .    .    .    .    .    .    . D======eeE----R  .   fadd	s25, s25, s0
[2,20]    .    .    .    .    .    .    .    .    .    .    .    .    . DeeeeeeE------R  .   ldp	s19, s20, [x5, #8]
[2,21]    .    .    .    .    .    .    .    .    .    .    .    .    .  D=====eeE----R  .   fadd	s1, s1, s0
[2,22]    .    .    .    .    .    .    .    .    .    .    .    .    .  D=======eeE--R  .   fadd	s2, s25, s2
[2,23]    .    .    .    .    .    .    .    .    .    .    .    .    .  D=======eeE--R  .   fadd	s1, s1, s3
[2,24]    .    .    .    .    .    .    .    .    .    .    .    .    .  D===eeeE-----R  .   fmul	s3, s6, s22
[2,25]    .    .    .    .    .    .    .    .    .    .    .    .    .  D====eeeeE---R  .   fmadd	s3, s21, s5, s3
[2,26]    .    .    .    .    .    .    .    .    .    .    .    .    .  D=========eeER  .   fadd	s2, s2, s3
[2,27]    .    .    .    .    .    .    .    .    .    .    .    .    .   D==eeeE-----R  .   fnmul	s3, s5, s22
[2,28]    .    .    .    .    .    .    .    .    .    .    .    .    .   D===eeeeE---R  .   fmadd	s3, s21, s6, s3
[2,29]    .    .    .    .    .    .    .    .    .    .    .    .    .   DeeeeeeE----R  .   ldp	s5, s6, [x2, #8]
[2,30]    .    .    .    .    .    .    .    .    .    .    .    .    .   DeeeeeeE----R  .   ldp	s21, s22, [x6, #8]
[2,31]    .    .    .    .    .    .    .    .    .    .    .    .    .    D=======eeER  .   fadd	s1, s1, s3
[2,32]    .    .    .    .    .    .    .    .    .    .    .    .    .    D=eeeE-----R  .   fmul	s3, s16, s24
[2,33]    .    .    .    .    .    .    .    .    .    .    .    .    .    D==eeeeE---R  .   fmadd	s3, s23, s7, s3
[2,34]    .    .    .    .    .    .    .    .    .    .    .    .    .    D=========eeER.   fadd	s2, s2, s3
[2,35]    .    .    .    .    .    .    .    .    .    .    .    .    .    D===eeeE-----R.   fnmul	s3, s7, s24
[2,36]    .    .    .    .    .    .    .    .    .    .    .    .    .    D====eeeeE---R.   fmadd	s3, s23, s16, s3
[2,37]    .    .    .    .    .    .    .    .    .    .    .    .    .    .DeeeeeeE----R.   ldp	s7, s16, [x3, #8]
[2,38]    .    .    .    .    .    .    .    .    .    .    .    .    .    .DeeeeeeE----R.   ldp	s23, s24, [x7, #8]
[2,39]    .    .    .    .    .    .    .    .    .    .    .    .    .    .D========eeER.   fadd	s1, s1, s3
[2,40]    .    .    .    .    .    .    .    .    .    .    .    .    .    . DeeeeeeE---R.   ldp	s3, s4, [x1, #8]
Truncated display due to cycle limit


Average Wait times (based on the timeline view):
[0]: Executions
[1]: Average time spent waiting in a scheduler's queue
[2]: Average time spent waiting in a scheduler's queue while ready
[3]: Average time elapsed from WB until retire stage

      [0]    [1]    [2]    [3]
0.     10    1.0    1.0    9.9       ldp	s1, s2, [x0]
1.     10    1.0    1.0    9.0       ldp	s17, s18, [x4]
2.     10    1.0    1.0    11.0      ldr	x8, [sp]
3.     10    1.1    1.1    8.9       ldp	s3, s4, [x1]
4.     10    1.0    1.0    8.1       ldp	s19, s20, [x5]
5.     10    1.0    1.0    8.1       ldp	s5, s6, [x2]
6.     10    1.1    1.1    8.0       ldp	s21, s22, [x6]
7.     10    1.0    1.0    7.2       ldp	s7, s16, [x3]
8.     10    1.0    1.0    7.2       ldp	s23, s24, [x7]
9.     10    2.9    0.0    8.2       fmul	s0, s2, s18
10.    10    4.9    0.0    5.4       fmadd	s25, s17, s1, s0
11.    10    3.1    0.0    7.3       fnmul	s1, s1, s18
12.    10    0.0    0.0    13.4      movi	d0, #0000000000000000
13.    10    4.1    0.0    5.4       fmadd	s1, s17, s2, s1
14.    10    3.0    0.0    7.5       fmul	s2, s4, s20
15.    10    1.0    1.0    6.4       ldp	s17, s18, [x4, #8]
16.    10    4.0    0.0    4.5       fmadd	s2, s19, s3, s2
17.    10    3.2    0.0    6.3       fnmul	s3, s3, s20
18.    10    4.2    0.0    4.4       fmadd	s3, s19, s4, s3
19.    10    7.0    0.0    3.6       fadd	s25, s25, s0
20.    10    1.0    1.0    5.5       ldp	s19, s20, [x5, #8]
21.    10    6.1    0.0    3.6       fadd	s1, s1, s0
22.    10    8.0    0.0    1.8       fadd	s2, s25, s2
23.    10    8.1    0.0    1.8       fadd	s1, s1, s3
24.    10    3.6    2.4    5.3       fmul	s3, s6, s22
25.    10    4.7    0.0    3.1       fmadd	s3, s21, s5, s3
26.    10    9.9    0.0    0.0       fadd	s2, s2, s3
27.    10    2.9    0.9    5.1       fnmul	s3, s5, s22
28.    10    3.9    0.0    3.1       fmadd	s3, s21, s6, s3
29.    10    1.0    1.0    4.0       ldp	s5, s6, [x2, #8]
30.    10    1.0    1.0    3.9       ldp	s21, s22, [x6, #8]
31.    10    8.1    0.0    0.0       fadd	s1, s1, s3
32.    10    2.1    2.1    5.0       fmul	s3, s16, s24
33.    10    3.1    0.0    3.0       fmadd	s3, s23, s7, s3
34.    10    10.0   0.0    0.0       fadd	s2, s2, s3
35.    10    3.7    1.8    5.2       fnmul	s3, s7, s24
36.    10    4.8    0.1    3.1       fmadd	s3, s23, s16, s3
37.    10    1.0    1.0    4.0       ldp	s7, s16, [x3, #8]
38.    10    1.0    1.0    4.0       ldp	s23, s24, [x7, #8]
39.    10    9.0    0.0    0.0       fadd	s1, s1, s3
40.    10    1.0    1.0    3.1       ldp	s3, s4, [x1, #8]
41.    10    10.1   0.0    0.0       stp	s2, s1, [x8]
42.    10    1.0    1.0    5.0       ldp	s1, s2, [x0, #8]
43.    10    4.1    0.0    4.0       fmul	s25, s2, s18
44.    10    6.1    0.0    1.0       fmadd	s25, s17, s1, s25
45.    10    6.1    0.0    2.0       fnmul	s1, s1, s18
46.    10    7.1    0.0    0.0       fmadd	s1, s17, s2, s1
47.    10    3.9    0.0    4.1       fmul	s2, s4, s20
48.    10    1.0    1.0    3.1       ldp	s17, s18, [x4, #16]
49.    10    5.0    0.0    1.1       fmadd	s2, s19, s3, s2
50.    10    5.0    0.0    2.1       fnmul	s3, s3, s20
51.    10    6.0    0.0    0.1       fmadd	s3, s19, s4, s3
52.    10    1.0    1.0    2.1       ldp	s19, s20, [x5, #16]
53.    10    8.1    0.0    0.0       fadd	s25, s25, s0
54.    10    9.1    0.0    0.0       fadd	s1, s1, s0
55.    10    10.1   0.0    0.0       fadd	s2, s25, s2
56.    10    11.1   0.0    0.0       fadd	s1, s1, s3
57.    10    1.0    1.0    8.1       fmul	s3, s6, s22
58.    10    2.0    0.0    6.1       fmadd	s3, s21, s5, s3
59.    10    11.1   0.0    0.0       fadd	s2, s2, s3
60.    10    1.0    1.0    9.1       fnmul	s3, s5, s22
61.    10    4.7    2.7    4.4       fmadd	s3, s21, s6, s3
62.    10    12.1   0.0    0.0       fadd	s1, s1, s3
63.    10    3.8    3.8    6.3       fmul	s3, s16, s24
64.    10    1.0    1.0    6.1       ldp	s5, s6, [x2, #16]
65.    10    1.0    1.0    6.1       ldp	s21, s22, [x6, #16]
66.    10    4.9    0.1    4.2       fmadd	s3, s23, s7, s3
67.    10    11.1   0.0    0.0       fadd	s2, s2, s3
68.    10    3.0    3.0    7.1       fnmul	s3, s7, s24
69.    10    4.0    0.0    5.1       fmadd	s3, s23, s16, s3
70.    10    1.0    1.0    6.1       ldp	s7, s16, [x3, #16]
71.    10    12.1   0.0    0.0       fadd	s1, s1, s3
72.    10    1.0    1.0    6.1       ldp	s3, s4, [x1, #16]
73.    10    1.0    1.0    6.1       ldp	s23, s24, [x7, #16]
74.    10    13.1   0.0    0.0       stp	s2, s1, [x8, #8]
75.    10    1.0    1.0    7.1       ldp	s1, s2, [x0, #16]
76.    10    5.0    0.0    6.1       fmul	s25, s2, s18
77.    10    7.0    0.0    3.1       fmadd	s25, s17, s1, s25
78.    10    7.0    0.0    4.1       fnmul	s1, s1, s18
79.    10    8.0    0.0    2.1       fmadd	s1, s17, s2, s1
80.    10    3.0    0.0    7.1       fmul	s2, s4, s20
81.    10    1.0    1.0    6.1       ldp	s17, s18, [x4, #24]
82.    10    5.0    0.0    4.1       fmadd	s2, s19, s3, s2
83.    10    5.0    0.0    5.1       fnmul	s3, s3, s20
84.    10    6.0    0.0    3.1       fmadd	s3, s19, s4, s3
85.    10    1.0    1.0    5.1       ldp	s19, s20, [x5, #24]
86.    10    9.0    0.0    1.1       fadd	s25, s25, s0
87.    10    10.0   0.0    0.1       fadd	s1, s1, s0
88.    10    11.0   0.0    0.0       fadd	s2, s25, s2
89.    10    12.0   0.0    0.0       fadd	s1, s1, s3
90.    10    1.0    1.0    9.0       fmul	s3, s6, s22
91.    10    2.0    0.0    7.0       fmadd	s3, s21, s5, s3
92.    10    12.0   0.0    0.0       fadd	s2, s2, s3
93.    10    1.0    0.0    10.0      fnmul	s3, s5, s22
94.    10    2.0    0.0    8.0       fmadd	s3, s21, s6, s3
95.    10    13.0   0.0    0.0       fadd	s1, s1, s3
96.    10    2.0    2.0    9.0       fmul	s3, s16, s24
97.    10    1.0    1.0    7.0       ldp	s5, s6, [x2, #24]
98.    10    1.0    1.0    7.0       ldp	s21, s22, [x6, #24]
99.    10    4.0    1.0    6.0       fmadd	s3, s23, s7, s3
100.   10    12.0   0.0    0.0       fadd	s2, s2, s3
101.   10    3.0    3.0    8.0       fnmul	s3, s7, s24
102.   10    4.0    0.0    6.0       fmadd	s3, s23, s16, s3
103.   10    1.0    1.0    7.0       ldp	s7, s16, [x3, #24]
104.   10    13.0   0.0    0.0       fadd	s1, s1, s3
105.   10    1.0    1.0    7.0       ldp	s3, s4, [x1, #24]
106.   10    1.0    1.0    7.0       ldp	s23, s24, [x7, #24]
107.   10    14.0   0.0    0.0       stp	s2, s1, [x8, #16]
108.   10    1.0    1.0    8.0       ldp	s1, s2, [x0, #24]
109.   10    5.0    0.0    7.0       fmul	s25, s2, s18
110.   10    7.0    0.0    4.0       fmadd	s25, s17, s1, s25
111.   10    7.0    0.0    5.0       fnmul	s1, s1, s18
112.   10    8.0    0.0    3.0       fmadd	s1, s17, s2, s1
113.   10    5.0    0.0    6.0       fnmul	s2, s3, s20
114.   10    6.0    0.0    4.0       fmadd	s2, s19, s4, s2
115.   10    10.0   0.0    2.0       fadd	s25, s25, s0
116.   10    11.0   0.0    1.0       fadd	s0, s1, s0
117.   10    3.0    0.0    8.0       fmul	s1, s4, s20
118.   10    5.0    0.0    5.0       fmadd	s1, s19, s3, s1
119.   10    12.0   0.0    0.0       fadd	s0, s0, s2
120.   10    1.0    1.0    10.0      fmul	s2, s6, s22
121.   10    2.0    0.0    8.0       fmadd	s2, s21, s5, s2
122.   10    11.0   0.0    1.0       fadd	s1, s25, s1
123.   10    13.0   0.0    0.0       fadd	s1, s1, s2
124.   10    2.1    0.1    9.9       fnmul	s2, s5, s22
125.   10    2.3    0.2    7.7       fmadd	s2, s21, s6, s2
126.   10    13.0   0.0    0.0       fadd	s0, s0, s2
127.   10    2.9    1.9    9.1       fmul	s2, s16, s24
128.   10    5.0    1.1    6.0       fmadd	s2, s23, s7, s2
129.   10    14.0   0.0    0.0       fadd	s1, s1, s2
130.   10    5.1    3.1    7.9       fnmul	s2, s7, s24
131.   10    5.1    0.0    5.9       fmadd	s2, s23, s16, s2
132.   10    14.0   0.0    0.0       fadd	s0, s0, s2
133.   10    16.0   0.0    0.0       stp	s1, s0, [x8, #24]
       1340  5.1    0.5    4.4       <total>