armv8-a clang 23.1.0
-O3 -std=c++17 -mcpu=neoverse-v2

[0] Code Region - mrc4_block

Iterations:        100
Instructions:      7500
Total Cycles:      1673
Total uOps:        9300

Dispatch Width:    6
uOps Per Cycle:    5.56
IPC:               4.48
Block RThroughput: 16.0


Instruction Info:
[1]: #uOps
[2]: Latency
[3]: RThroughput
[4]: MayLoad
[5]: MayStore
[6]: HasSideEffects (U)

[1]    [2]    [3]    [4]    [5]    [6]    Instructions:
 3      6     0.67    *                   ldp	q3, q4, [x0]
 1      4     0.33    *                   ldr	x8, [sp]
 1      2     0.25                        fneg	v5.4s, v3.4s
 3      6     0.67    *                   ldp	q0, q1, [x4]
 3      6     0.67    *                   ldp	q6, q7, [x1]
 1      2     0.25                        trn2	v2.4s, v0.4s, v0.4s
 1      2     0.25                        trn1	v0.4s, v0.4s, v0.4s
 1      2     0.25                        fneg	v16.4s, v6.4s
 3      6     0.67    *                   ldp	q17, q18, [x2]
 1      2     0.25                        fneg	v19.4s, v17.4s
 3      6     0.67    *                   ldp	q20, q21, [x3]
 1      2     0.25                        fneg	v22.4s, v20.4s
 1      2     0.25                        trn1	v5.4s, v3.4s, v5.4s
 1      2     0.25                        trn1	v16.4s, v6.4s, v16.4s
 1      2     0.25                        trn1	v19.4s, v17.4s, v19.4s
 1      2     0.25                        trn1	v22.4s, v20.4s, v22.4s
 1      2     0.25                        trn2	v5.4s, v3.4s, v5.4s
 1      2     0.25                        trn2	v16.4s, v6.4s, v16.4s
 1      2     0.25                        trn2	v19.4s, v17.4s, v19.4s
 1      2     0.25                        trn2	v22.4s, v20.4s, v22.4s
 1      3     0.25                        fmul	v2.4s, v2.4s, v5.4s
 1      4     0.25                        fmla	v2.4s, v3.4s, v0.4s
 3      6     0.67    *                   ldp	q0, q3, [x5]
 1      2     0.25                        trn2	v5.4s, v0.4s, v0.4s
 1      2     0.25                        trn1	v0.4s, v0.4s, v0.4s
 1      3     0.25                        fmul	v5.4s, v5.4s, v16.4s
 1      4     0.25                        fmla	v5.4s, v6.4s, v0.4s
 3      6     0.67    *                   ldp	q0, q6, [x6]
 1      2     0.25                        trn2	v16.4s, v0.4s, v0.4s
 1      2     0.25                        trn1	v0.4s, v0.4s, v0.4s
 1      3     0.25                        fmul	v16.4s, v16.4s, v19.4s
 1      4     0.25                        fmla	v16.4s, v17.4s, v0.4s
 3      6     0.67    *                   ldp	q0, q17, [x7]
 1      2     0.25                        trn2	v19.4s, v0.4s, v0.4s
 1      2     0.25                        trn1	v0.4s, v0.4s, v0.4s
 1      3     0.25                        fmul	v19.4s, v19.4s, v22.4s
 1      4     0.25                        fmla	v19.4s, v20.4s, v0.4s
 1      0     0.17                        movi	v0.2d, #0000000000000000
 1      2     0.25                        fadd	v2.4s, v2.4s, v0.4s
 1      2     0.25                        fadd	v2.4s, v2.4s, v5.4s
 1      2     0.25                        trn2	v5.4s, v1.4s, v1.4s
 1      2     0.25                        trn1	v1.4s, v1.4s, v1.4s
 1      2     0.25                        fadd	v2.4s, v2.4s, v16.4s
 1      2     0.25                        fneg	v16.4s, v4.4s
 1      2     0.25                        trn1	v16.4s, v4.4s, v16.4s
 1      2     0.25                        fadd	v2.4s, v2.4s, v19.4s
 1      2     0.25                        trn2	v16.4s, v4.4s, v16.4s
 1      3     0.25                        fmul	v5.4s, v5.4s, v16.4s
 1      4     0.25                        fmla	v5.4s, v4.4s, v1.4s
 1      2     0.25                        fneg	v4.4s, v7.4s
 1      2     0.25                        trn2	v1.4s, v3.4s, v3.4s
 1      2     0.25                        trn1	v3.4s, v3.4s, v3.4s
 1      2     0.25                        trn1	v4.4s, v7.4s, v4.4s
 1      2     0.25                        trn2	v4.4s, v7.4s, v4.4s
 1      2     0.25                        fadd	v0.4s, v5.4s, v0.4s
 1      3     0.25                        fmul	v1.4s, v1.4s, v4.4s
 1      4     0.25                        fmla	v1.4s, v7.4s, v3.4s
 1      2     0.25                        fneg	v3.4s, v18.4s
 1      2     0.25                        trn1	v3.4s, v18.4s, v3.4s
 1      2     0.25                        fadd	v0.4s, v0.4s, v1.4s
 1      2     0.25                        trn2	v1.4s, v6.4s, v6.4s
 1      2     0.25                        trn2	v3.4s, v18.4s, v3.4s
 1      3     0.25                        fmul	v1.4s, v1.4s, v3.4s
 1      2     0.25                        trn1	v3.4s, v6.4s, v6.4s
 1      4     0.25                        fmla	v1.4s, v18.4s, v3.4s
 1      2     0.25                        fneg	v3.4s, v21.4s
 1      2     0.25                        trn1	v3.4s, v21.4s, v3.4s
 1      2     0.25                        fadd	v0.4s, v0.4s, v1.4s
 1      2     0.25                        trn2	v1.4s, v17.4s, v17.4s
 1      2     0.25                        trn2	v3.4s, v21.4s, v3.4s
 1      3     0.25                        fmul	v1.4s, v1.4s, v3.4s
 1      2     0.25                        trn1	v3.4s, v17.4s, v17.4s
 1      4     0.25                        fmla	v1.4s, v21.4s, v3.4s
 1      2     0.25                        fadd	v0.4s, v0.4s, v1.4s
 3      2     1.00           *            stp	q2, q0, [x8]


Resources:
[0.0] - V2UnitB
[0.1] - V2UnitB
[1.0] - V2UnitD
[1.1] - V2UnitD
[2.0] - V2UnitFlg
[2.1] - V2UnitFlg
[2.2] - V2UnitFlg
[3]   - V2UnitL2
[4.0] - V2UnitL01
[4.1] - V2UnitL01
[5]   - V2UnitM0
[6]   - V2UnitM1
[7]   - V2UnitS0
[8]   - V2UnitS1
[9]   - V2UnitS2
[10]  - V2UnitS3
[11]  - V2UnitV0
[12]  - V2UnitV1
[13]  - V2UnitV2
[14]  - V2UnitV3


Resource pressure per iteration:
[0.0]  [0.1]  [1.0]  [1.1]  [2.0]  [2.1]  [2.2]  [3]    [4.0]  [4.1]  [5]    [6]    [7]    [8]    [9]    [10]   [11]   [12]   [13]   [14]   
 -      -      -      -      -      -      -     5.50   6.10   6.40    -      -      -      -      -      -     16.49  16.51  16.50  16.50  

Resource pressure by instruction:
[0.0]  [0.1]  [1.0]  [1.1]  [2.0]  [2.1]  [2.2]  [3]    [4.0]  [4.1]  [5]    [6]    [7]    [8]    [9]    [10]   [11]   [12]   [13]   [14]   Instructions:
 -      -      -      -      -      -      -     1.36   0.46   0.18    -      -      -      -      -      -      -      -      -      -     ldp	q3, q4, [x0]
 -      -      -      -      -      -      -      -     0.48   0.52    -      -      -      -      -      -      -      -      -      -     ldr	x8, [sp]
 -      -      -      -      -      -      -      -      -      -      -      -      -      -      -      -     0.98    -      -     0.02   fneg	v5.4s, v3.4s
 -      -      -      -      -      -      -     0.64   0.58   0.78    -      -      -      -      -      -      -      -      -      -     ldp	q0, q1, [x4]
 -      -      -      -      -      -      -     0.38   0.64   0.98    -      -      -      -      -      -      -      -      -      -     ldp	q6, q7, [x1]
 -      -      -      -      -      -      -      -      -      -      -      -      -      -      -      -     0.97    -     0.02   0.01   trn2	v2.4s, v0.4s, v0.4s
 -      -      -      -      -      -      -      -      -      -      -      -      -      -      -      -     0.48   0.50   0.02    -     trn1	v0.4s, v0.4s, v0.4s
 -      -      -      -      -      -      -      -      -      -      -      -      -      -      -      -     0.50   0.50    -      -     fneg	v16.4s, v6.4s
 -      -      -      -      -      -      -     1.02   0.48   0.50    -      -      -      -      -      -      -      -      -      -     ldp	q17, q18, [x2]
 -      -      -      -      -      -      -      -      -      -      -      -      -      -      -      -     0.50   0.01   0.48   0.01   fneg	v19.4s, v17.4s
 -      -      -      -      -      -      -     0.88   0.54   0.58    -      -      -      -      -      -      -      -      -      -     ldp	q20, q21, [x3]
 -      -      -      -      -      -      -      -      -      -      -      -      -      -      -      -     0.02   0.50   0.48    -     fneg	v22.4s, v20.4s
 -      -      -      -      -      -      -      -      -      -      -      -      -      -      -      -     0.49   0.49   0.01   0.01   trn1	v5.4s, v3.4s, v5.4s
 -      -      -      -      -      -      -      -      -      -      -      -      -      -      -      -     0.02   0.02   0.96    -     trn1	v16.4s, v6.4s, v16.4s
 -      -      -      -      -      -      -      -      -      -      -      -      -      -      -      -     0.02   0.48   0.50    -     trn1	v19.4s, v17.4s, v19.4s
 -      -      -      -      -      -      -      -      -      -      -      -      -      -      -      -      -     0.50   0.01   0.49   trn1	v22.4s, v20.4s, v22.4s
 -      -      -      -      -      -      -      -      -      -      -      -      -      -      -      -     0.48   0.01   0.49   0.02   trn2	v5.4s, v3.4s, v5.4s
 -      -      -      -      -      -      -      -      -      -      -      -      -      -      -      -      -     0.01   0.51   0.48   trn2	v16.4s, v6.4s, v16.4s
 -      -      -      -      -      -      -      -      -      -      -      -      -      -      -      -      -     0.50   0.50    -     trn2	v19.4s, v17.4s, v19.4s
 -      -      -      -      -      -      -      -      -      -      -      -      -      -      -      -      -     0.49   0.02   0.49   trn2	v22.4s, v20.4s, v22.4s
 -      -      -      -      -      -      -      -      -      -      -      -      -      -      -      -     0.49   0.01   0.49   0.01   fmul	v2.4s, v2.4s, v5.4s
 -      -      -      -      -      -      -      -      -      -      -      -      -      -      -      -      -     0.02   0.50   0.48   fmla	v2.4s, v3.4s, v0.4s
 -      -      -      -      -      -      -     0.62   0.84   0.54    -      -      -      -      -      -      -      -      -      -     ldp	q0, q3, [x5]
 -      -      -      -      -      -      -      -      -      -      -      -      -      -      -      -     0.51   0.49    -      -     trn2	v5.4s, v0.4s, v0.4s
 -      -      -      -      -      -      -      -      -      -      -      -      -      -      -      -     0.96   0.02    -     0.02   trn1	v0.4s, v0.4s, v0.4s
 -      -      -      -      -      -      -      -      -      -      -      -      -      -      -      -     0.01   0.50   0.49    -     fmul	v5.4s, v5.4s, v16.4s
 -      -      -      -      -      -      -      -      -      -      -      -      -      -      -      -      -     0.01   0.50   0.49   fmla	v5.4s, v6.4s, v0.4s
 -      -      -      -      -      -      -     0.16   0.92   0.92    -      -      -      -      -      -      -      -      -      -     ldp	q0, q6, [x6]
 -      -      -      -      -      -      -      -      -      -      -      -      -      -      -      -     0.03   0.48   0.48   0.01   trn2	v16.4s, v0.4s, v0.4s
 -      -      -      -      -      -      -      -      -      -      -      -      -      -      -      -     0.49   0.50    -     0.01   trn1	v0.4s, v0.4s, v0.4s
 -      -      -      -      -      -      -      -      -      -      -      -      -      -      -      -     0.49   0.49   0.02    -     fmul	v16.4s, v16.4s, v19.4s
 -      -      -      -      -      -      -      -      -      -      -      -      -      -      -      -      -      -     0.51   0.49   fmla	v16.4s, v17.4s, v0.4s
 -      -      -      -      -      -      -     0.44   0.64   0.92    -      -      -      -      -      -      -      -      -      -     ldp	q0, q17, [x7]
 -      -      -      -      -      -      -      -      -      -      -      -      -      -      -      -     0.98   0.02    -      -     trn2	v19.4s, v0.4s, v0.4s
 -      -      -      -      -      -      -      -      -      -      -      -      -      -      -      -     0.02   0.96    -     0.02   trn1	v0.4s, v0.4s, v0.4s
 -      -      -      -      -      -      -      -      -      -      -      -      -      -      -      -     0.49   0.49   0.02    -     fmul	v19.4s, v19.4s, v22.4s
 -      -      -      -      -      -      -      -      -      -      -      -      -      -      -      -      -      -     0.98   0.02   fmla	v19.4s, v20.4s, v0.4s
 -      -      -      -      -      -      -      -      -      -      -      -      -      -      -      -      -      -      -      -     movi	v0.2d, #0000000000000000
 -      -      -      -      -      -      -      -      -      -      -      -      -      -      -      -     0.01   0.01    -     0.98   fadd	v2.4s, v2.4s, v0.4s
 -      -      -      -      -      -      -      -      -      -      -      -      -      -      -      -      -      -     0.02   0.98   fadd	v2.4s, v2.4s, v5.4s
 -      -      -      -      -      -      -      -      -      -      -      -      -      -      -      -     0.97   0.01    -     0.02   trn2	v5.4s, v1.4s, v1.4s
 -      -      -      -      -      -      -      -      -      -      -      -      -      -      -      -     0.52   0.47    -     0.01   trn1	v1.4s, v1.4s, v1.4s
 -      -      -      -      -      -      -      -      -      -      -      -      -      -      -      -     0.02    -     0.01   0.97   fadd	v2.4s, v2.4s, v16.4s
 -      -      -      -      -      -      -      -      -      -      -      -      -      -      -      -     0.49   0.49   0.01   0.01   fneg	v16.4s, v4.4s
 -      -      -      -      -      -      -      -      -      -      -      -      -      -      -      -     0.01    -     0.98   0.01   trn1	v16.4s, v4.4s, v16.4s
 -      -      -      -      -      -      -      -      -      -      -      -      -      -      -      -      -     0.01   0.01   0.98   fadd	v2.4s, v2.4s, v19.4s
 -      -      -      -      -      -      -      -      -      -      -      -      -      -      -      -      -     0.02   0.98    -     trn2	v16.4s, v4.4s, v16.4s
 -      -      -      -      -      -      -      -      -      -      -      -      -      -      -      -     0.01   0.01   0.97   0.01   fmul	v5.4s, v5.4s, v16.4s
 -      -      -      -      -      -      -      -      -      -      -      -      -      -      -      -      -     0.01   0.01   0.98   fmla	v5.4s, v4.4s, v1.4s
 -      -      -      -      -      -      -      -      -      -      -      -      -      -      -      -     0.49   0.01   0.48   0.02   fneg	v4.4s, v7.4s
 -      -      -      -      -      -      -      -      -      -      -      -      -      -      -      -     0.02   0.49    -     0.49   trn2	v1.4s, v3.4s, v3.4s
 -      -      -      -      -      -      -      -      -      -      -      -      -      -      -      -     0.49    -     0.50   0.01   trn1	v3.4s, v3.4s, v3.4s
 -      -      -      -      -      -      -      -      -      -      -      -      -      -      -      -     0.48   0.04    -     0.48   trn1	v4.4s, v7.4s, v4.4s
 -      -      -      -      -      -      -      -      -      -      -      -      -      -      -      -     0.03   0.48   0.01   0.48   trn2	v4.4s, v7.4s, v4.4s
 -      -      -      -      -      -      -      -      -      -      -      -      -      -      -      -      -     0.02    -     0.98   fadd	v0.4s, v5.4s, v0.4s
 -      -      -      -      -      -      -      -      -      -      -      -      -      -      -      -      -     0.49   0.51    -     fmul	v1.4s, v1.4s, v4.4s
 -      -      -      -      -      -      -      -      -      -      -      -      -      -      -      -     0.01    -     0.98   0.01   fmla	v1.4s, v7.4s, v3.4s
 -      -      -      -      -      -      -      -      -      -      -      -      -      -      -      -     0.02   0.97    -     0.01   fneg	v3.4s, v18.4s
 -      -      -      -      -      -      -      -      -      -      -      -      -      -      -      -     0.49   0.01    -     0.50   trn1	v3.4s, v18.4s, v3.4s
 -      -      -      -      -      -      -      -      -      -      -      -      -      -      -      -     0.01    -     0.01   0.98   fadd	v0.4s, v0.4s, v1.4s
 -      -      -      -      -      -      -      -      -      -      -      -      -      -      -      -     0.97    -      -     0.03   trn2	v1.4s, v6.4s, v6.4s
 -      -      -      -      -      -      -      -      -      -      -      -      -      -      -      -      -     0.51    -     0.49   trn2	v3.4s, v18.4s, v3.4s
 -      -      -      -      -      -      -      -      -      -      -      -      -      -      -      -     0.01   0.96    -     0.03   fmul	v1.4s, v1.4s, v3.4s
 -      -      -      -      -      -      -      -      -      -      -      -      -      -      -      -     0.03    -     0.96   0.01   trn1	v3.4s, v6.4s, v6.4s
 -      -      -      -      -      -      -      -      -      -      -      -      -      -      -      -     0.01   0.01   0.48   0.50   fmla	v1.4s, v18.4s, v3.4s
 -      -      -      -      -      -      -      -      -      -      -      -      -      -      -      -     0.94   0.03   0.02   0.01   fneg	v3.4s, v21.4s
 -      -      -      -      -      -      -      -      -      -      -      -      -      -      -      -     0.01    -     0.99    -     trn1	v3.4s, v21.4s, v3.4s
 -      -      -      -      -      -      -      -      -      -      -      -      -      -      -      -      -      -     0.01   0.99   fadd	v0.4s, v0.4s, v1.4s
 -      -      -      -      -      -      -      -      -      -      -      -      -      -      -      -     0.53   0.47    -      -     trn2	v1.4s, v17.4s, v17.4s
 -      -      -      -      -      -      -      -      -      -      -      -      -      -      -      -     0.50   0.49   0.01    -     trn2	v3.4s, v21.4s, v3.4s
 -      -      -      -      -      -      -      -      -      -      -      -      -      -      -      -      -     0.01   0.50   0.49   fmul	v1.4s, v1.4s, v3.4s
 -      -      -      -      -      -      -      -      -      -      -      -      -      -      -      -     0.49   0.49    -     0.02   trn1	v3.4s, v17.4s, v17.4s
 -      -      -      -      -      -      -      -      -      -      -      -      -      -      -      -      -      -     0.04   0.96   fmla	v1.4s, v21.4s, v3.4s
 -      -      -      -      -      -      -      -      -      -      -      -      -      -      -      -      -      -     0.02   0.98   fadd	v0.4s, v0.4s, v1.4s
 -      -      -      -      -      -      -      -     0.52   0.48    -      -      -      -      -      -      -     2.00    -      -     stp	q2, q0, [x8]


Timeline view:
                    0123456789          0123456789          0123456789          0123456789
Index     0123456789          0123456789          0123456789          0123456789          

[0,0]     DeeeeeeER .    .    .    .    .    .    .    .    .    .    .    .    .    .   .   ldp	q3, q4, [x0]
[0,1]     DeeeeE--R .    .    .    .    .    .    .    .    .    .    .    .    .    .   .   ldr	x8, [sp]
[0,2]     D======eeER    .    .    .    .    .    .    .    .    .    .    .    .    .   .   fneg	v5.4s, v3.4s
[0,3]     .DeeeeeeE-R    .    .    .    .    .    .    .    .    .    .    .    .    .   .   ldp	q0, q1, [x4]
[0,4]     .DeeeeeeE-R    .    .    .    .    .    .    .    .    .    .    .    .    .   .   ldp	q6, q7, [x1]
[0,5]     . D=====eeER   .    .    .    .    .    .    .    .    .    .    .    .    .   .   trn2	v2.4s, v0.4s, v0.4s
[0,6]     . D=====eeER   .    .    .    .    .    .    .    .    .    .    .    .    .   .   trn1	v0.4s, v0.4s, v0.4s
[0,7]     . D=====eeER   .    .    .    .    .    .    .    .    .    .    .    .    .   .   fneg	v16.4s, v6.4s
[0,8]     . DeeeeeeE-R   .    .    .    .    .    .    .    .    .    .    .    .    .   .   ldp	q17, q18, [x2]
[0,9]     .  D=====eeER  .    .    .    .    .    .    .    .    .    .    .    .    .   .   fneg	v19.4s, v17.4s
[0,10]    .  DeeeeeeE-R  .    .    .    .    .    .    .    .    .    .    .    .    .   .   ldp	q20, q21, [x3]
[0,11]    .  D======eeER .    .    .    .    .    .    .    .    .    .    .    .    .   .   fneg	v22.4s, v20.4s
[0,12]    .  D=====eeE-R .    .    .    .    .    .    .    .    .    .    .    .    .   .   trn1	v5.4s, v3.4s, v5.4s
[0,13]    .   D=====eeER .    .    .    .    .    .    .    .    .    .    .    .    .   .   trn1	v16.4s, v6.4s, v16.4s
[0,14]    .   D======eeER.    .    .    .    .    .    .    .    .    .    .    .    .   .   trn1	v19.4s, v17.4s, v19.4s
[0,15]    .   D=======eeER    .    .    .    .    .    .    .    .    .    .    .    .   .   trn1	v22.4s, v20.4s, v22.4s
[0,16]    .   D======eeE-R    .    .    .    .    .    .    .    .    .    .    .    .   .   trn2	v5.4s, v3.4s, v5.4s
[0,17]    .   D=======eeER    .    .    .    .    .    .    .    .    .    .    .    .   .   trn2	v16.4s, v6.4s, v16.4s
[0,18]    .   D========eeER   .    .    .    .    .    .    .    .    .    .    .    .   .   trn2	v19.4s, v17.4s, v19.4s
[0,19]    .    D========eeER  .    .    .    .    .    .    .    .    .    .    .    .   .   trn2	v22.4s, v20.4s, v22.4s
[0,20]    .    D=======eeeER  .    .    .    .    .    .    .    .    .    .    .    .   .   fmul	v2.4s, v2.4s, v5.4s
[0,21]    .    D========eeeeER.    .    .    .    .    .    .    .    .    .    .    .   .   fmla	v2.4s, v3.4s, v0.4s
[0,22]    .    DeeeeeeE------R.    .    .    .    .    .    .    .    .    .    .    .   .   ldp	q0, q3, [x5]
[0,23]    .    .D=====eeE----R.    .    .    .    .    .    .    .    .    .    .    .   .   trn2	v5.4s, v0.4s, v0.4s
[0,24]    .    .D=====eeE----R.    .    .    .    .    .    .    .    .    .    .    .   .   trn1	v0.4s, v0.4s, v0.4s
[0,25]    .    .D=======eeeE-R.    .    .    .    .    .    .    .    .    .    .    .   .   fmul	v5.4s, v5.4s, v16.4s
[0,26]    .    .D========eeeeER    .    .    .    .    .    .    .    .    .    .    .   .   fmla	v5.4s, v6.4s, v0.4s
[0,27]    .    . DeeeeeeE-----R    .    .    .    .    .    .    .    .    .    .    .   .   ldp	q0, q6, [x6]
[0,28]    .    . D======eeE---R    .    .    .    .    .    .    .    .    .    .    .   .   trn2	v16.4s, v0.4s, v0.4s
[0,29]    .    . D=======eeE--R    .    .    .    .    .    .    .    .    .    .    .   .   trn1	v0.4s, v0.4s, v0.4s
[0,30]    .    . D========eeeER    .    .    .    .    .    .    .    .    .    .    .   .   fmul	v16.4s, v16.4s, v19.4s
[0,31]    .    .  D========eeeeER  .    .    .    .    .    .    .    .    .    .    .   .   fmla	v16.4s, v17.4s, v0.4s
[0,32]    .    .  DeeeeeeE------R  .    .    .    .    .    .    .    .    .    .    .   .   ldp	q0, q17, [x7]
[0,33]    .    .  D======eeE----R  .    .    .    .    .    .    .    .    .    .    .   .   trn2	v19.4s, v0.4s, v0.4s
[0,34]    .    .  D======eeE----R  .    .    .    .    .    .    .    .    .    .    .   .   trn1	v0.4s, v0.4s, v0.4s
[0,35]    .    .   D=======eeeE-R  .    .    .    .    .    .    .    .    .    .    .   .   fmul	v19.4s, v19.4s, v22.4s
[0,36]    .    .   D========eeeeER .    .    .    .    .    .    .    .    .    .    .   .   fmla	v19.4s, v20.4s, v0.4s
[0,37]    .    .   D-------------R .    .    .    .    .    .    .    .    .    .    .   .   movi	v0.2d, #0000000000000000
[0,38]    .    .   D========eeE--R .    .    .    .    .    .    .    .    .    .    .   .   fadd	v2.4s, v2.4s, v0.4s
[0,39]    .    .   D==========eeER .    .    .    .    .    .    .    .    .    .    .   .   fadd	v2.4s, v2.4s, v5.4s
[0,40]    .    .   DeeE----------R .    .    .    .    .    .    .    .    .    .    .   .   trn2	v5.4s, v1.4s, v1.4s
[0,41]    .    .    DeeE---------R .    .    .    .    .    .    .    .    .    .    .   .   trn1	v1.4s, v1.4s, v1.4s
[0,42]    .    .    D===========eeER    .    .    .    .    .    .    .    .    .    .   .   fadd	v2.4s, v2.4s, v16.4s
[0,43]    .    .    DeeE-----------R    .    .    .    .    .    .    .    .    .    .   .   fneg	v16.4s, v4.4s
[0,44]    .    .    D==eeE---------R    .    .    .    .    .    .    .    .    .    .   .   trn1	v16.4s, v4.4s, v16.4s
[0,45]    .    .    D=============eeER  .    .    .    .    .    .    .    .    .    .   .   fadd	v2.4s, v2.4s, v19.4s
[0,46]    .    .    D=====eeE--------R  .    .    .    .    .    .    .    .    .    .   .   trn2	v16.4s, v4.4s, v16.4s
[0,47]    .    .    .D======eeeE-----R  .    .    .    .    .    .    .    .    .    .   .   fmul	v5.4s, v5.4s, v16.4s
[0,48]    .    .    .D=======eeeeE---R  .    .    .    .    .    .    .    .    .    .   .   fmla	v5.4s, v4.4s, v1.4s
[0,49]    .    .    .D=eeE-----------R  .    .    .    .    .    .    .    .    .    .   .   fneg	v4.4s, v7.4s
[0,50]    .    .    .D====eeE--------R  .    .    .    .    .    .    .    .    .    .   .   trn2	v1.4s, v3.4s, v3.4s
[0,51]    .    .    .D====eeE--------R  .    .    .    .    .    .    .    .    .    .   .   trn1	v3.4s, v3.4s, v3.4s
[0,52]    .    .    .D=====eeE-------R  .    .    .    .    .    .    .    .    .    .   .   trn1	v4.4s, v7.4s, v4.4s
[0,53]    .    .    . D======eeE-----R  .    .    .    .    .    .    .    .    .    .   .   trn2	v4.4s, v7.4s, v4.4s
[0,54]    .    .    . D==========eeE-R  .    .    .    .    .    .    .    .    .    .   .   fadd	v0.4s, v5.4s, v0.4s
[0,55]    .    .    . D========eeeE--R  .    .    .    .    .    .    .    .    .    .   .   fmul	v1.4s, v1.4s, v4.4s
[0,56]    .    .    . D=========eeeeER  .    .    .    .    .    .    .    .    .    .   .   fmla	v1.4s, v7.4s, v3.4s
[0,57]    .    .    . D====eeE-------R  .    .    .    .    .    .    .    .    .    .   .   fneg	v3.4s, v18.4s
[0,58]    .    .    . D======eeE-----R  .    .    .    .    .    .    .    .    .    .   .   trn1	v3.4s, v18.4s, v3.4s
[0,59]    .    .    .  D============eeER.    .    .    .    .    .    .    .    .    .   .   fadd	v0.4s, v0.4s, v1.4s
[0,60]    .    .    .  D====eeE--------R.    .    .    .    .    .    .    .    .    .   .   trn2	v1.4s, v6.4s, v6.4s
[0,61]    .    .    .  D=======eeE-----R.    .    .    .    .    .    .    .    .    .   .   trn2	v3.4s, v18.4s, v3.4s
[0,62]    .    .    .  D=========eeeE--R.    .    .    .    .    .    .    .    .    .   .   fmul	v1.4s, v1.4s, v3.4s
[0,63]    .    .    .  D=====eeE-------R.    .    .    .    .    .    .    .    .    .   .   trn1	v3.4s, v6.4s, v6.4s
[0,64]    .    .    .  D==========eeeeER.    .    .    .    .    .    .    .    .    .   .   fmla	v1.4s, v18.4s, v3.4s
[0,65]    .    .    .   D=====eeE------R.    .    .    .    .    .    .    .    .    .   .   fneg	v3.4s, v21.4s
[0,66]    .    .    .   D=======eeE----R.    .    .    .    .    .    .    .    .    .   .   trn1	v3.4s, v21.4s, v3.4s
[0,67]    .    .    .   D=============eeER   .    .    .    .    .    .    .    .    .   .   fadd	v0.4s, v0.4s, v1.4s
[0,68]    .    .    .   D=====eeE--------R   .    .    .    .    .    .    .    .    .   .   trn2	v1.4s, v17.4s, v17.4s
[0,69]    .    .    .   D=========eeE----R   .    .    .    .    .    .    .    .    .   .   trn2	v3.4s, v21.4s, v3.4s
[0,70]    .    .    .   D===========eeeE-R   .    .    .    .    .    .    .    .    .   .   fmul	v1.4s, v1.4s, v3.4s
[0,71]    .    .    .    D====eeE--------R   .    .    .    .    .    .    .    .    .   .   trn1	v3.4s, v17.4s, v17.4s
[0,72]    .    .    .    D===========eeeeER  .    .    .    .    .    .    .    .    .   .   fmla	v1.4s, v21.4s, v3.4s
[0,73]    .    .    .    D===============eeER.    .    .    .    .    .    .    .    .   .   fadd	v0.4s, v0.4s, v1.4s
[0,74]    .    .    .    D=================eeER   .    .    .    .    .    .    .    .   .   stp	q2, q0, [x8]
[1,0]     .    .    .    .DeeeeeeE------------R   .    .    .    .    .    .    .    .   .   ldp	q3, q4, [x0]
[1,1]     .    .    .    .DeeeeE--------------R   .    .    .    .    .    .    .    .   .   ldr	x8, [sp]
[1,2]     .    .    .    .D======eeE----------R   .    .    .    .    .    .    .    .   .   fneg	v5.4s, v3.4s
[1,3]     .    .    .    . DeeeeeeE-----------R   .    .    .    .    .    .    .    .   .   ldp	q0, q1, [x4]
[1,4]     .    .    .    . DeeeeeeE-----------R   .    .    .    .    .    .    .    .   .   ldp	q6, q7, [x1]
[1,5]     .    .    .    .  D=====eeE---------R   .    .    .    .    .    .    .    .   .   trn2	v2.4s, v0.4s, v0.4s
[1,6]     .    .    .    .  D======eeE--------R   .    .    .    .    .    .    .    .   .   trn1	v0.4s, v0.4s, v0.4s
[1,7]     .    .    .    .  D======eeE--------R   .    .    .    .    .    .    .    .   .   fneg	v16.4s, v6.4s
[1,8]     .    .    .    .  DeeeeeeE----------R   .    .    .    .    .    .    .    .   .   ldp	q17, q18, [x2]
[1,9]     .    .    .    .   D=====eeE--------R   .    .    .    .    .    .    .    .   .   fneg	v19.4s, v17.4s
[1,10]    .    .    .    .   DeeeeeeE---------R   .    .    .    .    .    .    .    .   .   ldp	q20, q21, [x3]
[1,11]    .    .    .    .   D======eeE-------R   .    .    .    .    .    .    .    .   .   fneg	v22.4s, v20.4s
[1,12]    .    .    .    .   D=====eeE--------R   .    .    .    .    .    .    .    .   .   trn1	v5.4s, v3.4s, v5.4s
[1,13]    .    .    .    .    D======eeE------R   .    .    .    .    .    .    .    .   .   trn1	v16.4s, v6.4s, v16.4s
[1,14]    .    .    .    .    D======eeE------R   .    .    .    .    .    .    .    .   .   trn1	v19.4s, v17.4s, v19.4s
[1,15]    .    .    .    .    D=======eeE-----R   .    .    .    .    .    .    .    .   .   trn1	v22.4s, v20.4s, v22.4s
[1,16]    .    .    .    .    D======eeE------R   .    .    .    .    .    .    .    .   .   trn2	v5.4s, v3.4s, v5.4s
[1,17]    .    .    .    .    D========eeE----R   .    .    .    .    .    .    .    .   .   trn2	v16.4s, v6.4s, v16.4s
[1,18]    .    .    .    .    D========eeE----R   .    .    .    .    .    .    .    .   .   trn2	v19.4s, v17.4s, v19.4s
[1,19]    .    .    .    .    .D========eeE---R   .    .    .    .    .    .    .    .   .   trn2	v22.4s, v20.4s, v22.4s
[1,20]    .    .    .    .    .D=======eeeE---R   .    .    .    .    .    .    .    .   .   fmul	v2.4s, v2.4s, v5.4s
[1,21]    .    .    .    .    .D========eeeeE-R   .    .    .    .    .    .    .    .   .   fmla	v2.4s, v3.4s, v0.4s
[1,22]    .    .    .    .    .DeeeeeeE-------R   .    .    .    .    .    .    .    .   .   ldp	q0, q3, [x5]
[1,23]    .    .    .    .    . D=====eeE-----R   .    .    .    .    .    .    .    .   .   trn2	v5.4s, v0.4s, v0.4s
[1,24]    .    .    .    .    . D=====eeE-----R   .    .    .    .    .    .    .    .   .   trn1	v0.4s, v0.4s, v0.4s
[1,25]    .    .    .    .    . D========eeeE-R   .    .    .    .    .    .    .    .   .   fmul	v5.4s, v5.4s, v16.4s
[1,26]    .    .    .    .    . D=========eeeeER  .    .    .    .    .    .    .    .   .   fmla	v5.4s, v6.4s, v0.4s
[1,27]    .    .    .    .    .  DeeeeeeE------R  .    .    .    .    .    .    .    .   .   ldp	q0, q6, [x6]
[1,28]    .    .    .    .    .  D======eeE----R  .    .    .    .    .    .    .    .   .   trn2	v16.4s, v0.4s, v0.4s
[1,29]    .    .    .    .    .  D======eeE----R  .    .    .    .    .    .    .    .   .   trn1	v0.4s, v0.4s, v0.4s
[1,30]    .    .    .    .    .  D========eeeE-R  .    .    .    .    .    .    .    .   .   fmul	v16.4s, v16.4s, v19.4s
[1,31]    .    .    .    .    .   D========eeeeER .    .    .    .    .    .    .    .   .   fmla	v16.4s, v17.4s, v0.4s
[1,32]    .    .    .    .    .   DeeeeeeE------R .    .    .    .    .    .    .    .   .   ldp	q0, q17, [x7]
[1,33]    .    .    .    .    .   D======eeE----R .    .    .    .    .    .    .    .   .   trn2	v19.4s, v0.4s, v0.4s
[1,34]    .    .    .    .    .   D======eeE----R .    .    .    .    .    .    .    .   .   trn1	v0.4s, v0.4s, v0.4s
[1,35]    .    .    .    .    .    D=======eeeE-R .    .    .    .    .    .    .    .   .   fmul	v19.4s, v19.4s, v22.4s
[1,36]    .    .    .    .    .    D========eeeeER.    .    .    .    .    .    .    .   .   fmla	v19.4s, v20.4s, v0.4s
[1,37]    .    .    .    .    .    D-------------R.    .    .    .    .    .    .    .   .   movi	v0.2d, #0000000000000000
[1,38]    .    .    .    .    .    D========eeE--R.    .    .    .    .    .    .    .   .   fadd	v2.4s, v2.4s, v0.4s
[1,39]    .    .    .    .    .    D==========eeER.    .    .    .    .    .    .    .   .   fadd	v2.4s, v2.4s, v5.4s
[1,40]    .    .    .    .    .    DeeE----------R.    .    .    .    .    .    .    .   .   trn2	v5.4s, v1.4s, v1.4s
[1,41]    .    .    .    .    .    .D==eeE-------R.    .    .    .    .    .    .    .   .   trn1	v1.4s, v1.4s, v1.4s
[1,42]    .    .    .    .    .    .D===========eeER   .    .    .    .    .    .    .   .   fadd	v2.4s, v2.4s, v16.4s
[1,43]    .    .    .    .    .    .D=====eeE------R   .    .    .    .    .    .    .   .   fneg	v16.4s, v4.4s
[1,44]    .    .    .    .    .    .D=======eeE----R   .    .    .    .    .    .    .   .   trn1	v16.4s, v4.4s, v16.4s
[1,45]    .    .    .    .    .    .D=============eeER .    .    .    .    .    .    .   .   fadd	v2.4s, v2.4s, v19.4s
[1,46]    .    .    .    .    .    .D=========eeE----R .    .    .    .    .    .    .   .   trn2	v16.4s, v4.4s, v16.4s
[1,47]    .    .    .    .    .    . D==========eeeE-R .    .    .    .    .    .    .   .   fmul	v5.4s, v5.4s, v16.4s
[1,48]    .    .    .    .    .    . D===========eeeeER.    .    .    .    .    .    .   .   fmla	v5.4s, v4.4s, v1.4s
[1,49]    .    .    .    .    .    . D====eeE---------R.    .    .    .    .    .    .   .   fneg	v4.4s, v7.4s
[1,50]    .    .    .    .    .    . D=====eeE--------R.    .    .    .    .    .    .   .   trn2	v1.4s, v3.4s, v3.4s
[1,51]    .    .    .    .    .    . D=======eeE------R.    .    .    .    .    .    .   .   trn1	v3.4s, v3.4s, v3.4s
[1,52]    .    .    .    .    .    . D=======eeE------R.    .    .    .    .    .    .   .   trn1	v4.4s, v7.4s, v4.4s
[1,53]    .    .    .    .    .    .  D========eeE----R.    .    .    .    .    .    .   .   trn2	v4.4s, v7.4s, v4.4s
[1,54]    .    .    .    .    .    .  D==============eeER   .    .    .    .    .    .   .   fadd	v0.4s, v5.4s, v0.4s
[1,55]    .    .    .    .    .    .  D==========eeeE---R   .    .    .    .    .    .   .   fmul	v1.4s, v1.4s, v4.4s
[1,56]    .    .    .    .    .    .  D===========eeeeE-R   .    .    .    .    .    .   .   fmla	v1.4s, v7.4s, v3.4s
[1,57]    .    .    .    .    .    .  D======eeE--------R   .    .    .    .    .    .   .   fneg	v3.4s, v18.4s
[1,58]    .    .    .    .    .    .  D========eeE------R   .    .    .    .    .    .   .   trn1	v3.4s, v18.4s, v3.4s
[1,59]    .    .    .    .    .    .   D===============eeER .    .    .    .    .    .   .   fadd	v0.4s, v0.4s, v1.4s
[1,60]    .    .    .    .    .    .   D=====eeE----------R .    .    .    .    .    .   .   trn2	v1.4s, v6.4s, v6.4s
[1,61]    .    .    .    .    .    .   D=========eeE------R .    .    .    .    .    .   .   trn2	v3.4s, v18.4s, v3.4s
[1,62]    .    .    .    .    .    .   D===========eeeE---R .    .    .    .    .    .   .   fmul	v1.4s, v1.4s, v3.4s
[1,63]    .    .    .    .    .    .   D======eeE---------R .    .    .    .    .    .   .   trn1	v3.4s, v6.4s, v6.4s
[1,64]    .    .    .    .    .    .   D============eeeeE-R .    .    .    .    .    .   .   fmla	v1.4s, v18.4s, v3.4s
[1,65]    .    .    .    .    .    .    D=====eeE---------R .    .    .    .    .    .   .   fneg	v3.4s, v21.4s
[1,66]    .    .    .    .    .    .    D=======eeE-------R .    .    .    .    .    .   .   trn1	v3.4s, v21.4s, v3.4s
[1,67]    .    .    .    .    .    .    D================eeER    .    .    .    .    .   .   fadd	v0.4s, v0.4s, v1.4s
[1,68]    .    .    .    .    .    .    D======eeE----------R    .    .    .    .    .   .   trn2	v1.4s, v17.4s, v17.4s
[1,69]    .    .    .    .    .    .    D=========eeE-------R    .    .    .    .    .   .   trn2	v3.4s, v21.4s, v3.4s
[1,70]    .    .    .    .    .    .    D===========eeeE----R    .    .    .    .    .   .   fmul	v1.4s, v1.4s, v3.4s
[1,71]    .    .    .    .    .    .    .D=====eeE----------R    .    .    .    .    .   .   trn1	v3.4s, v17.4s, v17.4s
[1,72]    .    .    .    .    .    .    .D===========eeeeE--R    .    .    .    .    .   .   fmla	v1.4s, v21.4s, v3.4s
[1,73]    .    .    .    .    .    .    .D=================eeER  .    .    .    .    .   .   fadd	v0.4s, v0.4s, v1.4s
[1,74]    .    .    .    .    .    .    .D====================eeER    .    .    .    .   .   stp	q2, q0, [x8]
[2,0]     .    .    .    .    .    .    . DeeeeeeE---------------R    .    .    .    .   .   ldp	q3, q4, [x0]
[2,1]     .    .    .    .    .    .    . DeeeeE-----------------R    .    .    .    .   .   ldr	x8, [sp]
[2,2]     .    .    .    .    .    .    . D======eeE-------------R    .    .    .    .   .   fneg	v5.4s, v3.4s
[2,3]     .    .    .    .    .    .    .  DeeeeeeE--------------R    .    .    .    .   .   ldp	q0, q1, [x4]
[2,4]     .    .    .    .    .    .    .  DeeeeeeE--------------R    .    .    .    .   .   ldp	q6, q7, [x1]
[2,5]     .    .    .    .    .    .    .   D=====eeE------------R    .    .    .    .   .   trn2	v2.4s, v0.4s, v0.4s
[2,6]     .    .    .    .    .    .    .   D======eeE-----------R    .    .    .    .   .   trn1	v0.4s, v0.4s, v0.4s
[2,7]     .    .    .    .    .    .    .   D======eeE-----------R    .    .    .    .   .   fneg	v16.4s, v6.4s
[2,8]     .    .    .    .    .    .    .   DeeeeeeE-------------R    .    .    .    .   .   ldp	q17, q18, [x2]
[2,9]     .    .    .    .    .    .    .    D=====eeE-----------R    .    .    .    .   .   fneg	v19.4s, v17.4s
[2,10]    .    .    .    .    .    .    .    DeeeeeeE------------R    .    .    .    .   .   ldp	q20, q21, [x3]
[2,11]    .    .    .    .    .    .    .    D======eeE----------R    .    .    .    .   .   fneg	v22.4s, v20.4s
[2,12]    .    .    .    .    .    .    .    D======eeE----------R    .    .    .    .   .   trn1	v5.4s, v3.4s, v5.4s
[2,13]    .    .    .    .    .    .    .    .D======eeE---------R    .    .    .    .   .   trn1	v16.4s, v6.4s, v16.4s
[2,14]    .    .    .    .    .    .    .    .D======eeE---------R    .    .    .    .   .   trn1	v19.4s, v17.4s, v19.4s
[2,15]    .    .    .    .    .    .    .    .D=======eeE--------R    .    .    .    .   .   trn1	v22.4s, v20.4s, v22.4s
[2,16]    .    .    .    .    .    .    .    .D=======eeE--------R    .    .    .    .   .   trn2	v5.4s, v3.4s, v5.4s
[2,17]    .    .    .    .    .    .    .    .D========eeE-------R    .    .    .    .   .   trn2	v16.4s, v6.4s, v16.4s
[2,18]    .    .    .    .    .    .    .    .D========eeE-------R    .    .    .    .   .   trn2	v19.4s, v17.4s, v19.4s
[2,19]    .    .    .    .    .    .    .    . D========eeE------R    .    .    .    .   .   trn2	v22.4s, v20.4s, v22.4s
[2,20]    .    .    .    .    .    .    .    . D========eeeE-----R    .    .    .    .   .   fmul	v2.4s, v2.4s, v5.4s
[2,21]    .    .    .    .    .    .    .    . D=========eeeeE---R    .    .    .    .   .   fmla	v2.4s, v3.4s, v0.4s
[2,22]    .    .    .    .    .    .    .    . DeeeeeeE----------R    .    .    .    .   .   ldp	q0, q3, [x5]
[2,23]    .    .    .    .    .    .    .    .  D=====eeE--------R    .    .    .    .   .   trn2	v5.4s, v0.4s, v0.4s
[2,24]    .    .    .    .    .    .    .    .  D=====eeE--------R    .    .    .    .   .   trn1	v0.4s, v0.4s, v0.4s
[2,25]    .    .    .    .    .    .    .    .  D========eeeE----R    .    .    .    .   .   fmul	v5.4s, v5.4s, v16.4s
[2,26]    .    .    .    .    .    .    .    .  D=========eeeeE--R    .    .    .    .   .   fmla	v5.4s, v6.4s, v0.4s
[2,27]    .    .    .    .    .    .    .    .   DeeeeeeE--------R    .    .    .    .   .   ldp	q0, q6, [x6]
[2,28]    .    .    .    .    .    .    .    .   D======eeE------R    .    .    .    .   .   trn2	v16.4s, v0.4s, v0.4s
[2,29]    .    .    .    .    .    .    .    .   D======eeE------R    .    .    .    .   .   trn1	v0.4s, v0.4s, v0.4s
[2,30]    .    .    .    .    .    .    .    .   D========eeeE---R    .    .    .    .   .   fmul	v16.4s, v16.4s, v19.4s
[2,31]    .    .    .    .    .    .    .    .    D========eeeeE-R    .    .    .    .   .   fmla	v16.4s, v17.4s, v0.4s
[2,32]    .    .    .    .    .    .    .    .    DeeeeeeE-------R    .    .    .    .   .   ldp	q0, q17, [x7]
[2,33]    .    .    .    .    .    .    .    .    D======eeE-----R    .    .    .    .   .   trn2	v19.4s, v0.4s, v0.4s
[2,34]    .    .    .    .    .    .    .    .    D=======eeE----R    .    .    .    .   .   trn1	v0.4s, v0.4s, v0.4s
[2,35]    .    .    .    .    .    .    .    .    .D=======eeeE--R    .    .    .    .   .   fmul	v19.4s, v19.4s, v22.4s
[2,36]    .    .    .    .    .    .    .    .    .D========eeeeER    .    .    .    .   .   fmla	v19.4s, v20.4s, v0.4s
[2,37]    .    .    .    .    .    .    .    .    .D-------------R    .    .    .    .   .   movi	v0.2d, #0000000000000000
[2,38]    .    .    .    .    .    .    .    .    .D=========eeE-R    .    .    .    .   .   fadd	v2.4s, v2.4s, v0.4s
[2,39]    .    .    .    .    .    .    .    .    .D===========eeER   .    .    .    .   .   fadd	v2.4s, v2.4s, v5.4s
[2,40]    .    .    .    .    .    .    .    .    .D===eeE--------R   .    .    .    .   .   trn2	v5.4s, v1.4s, v1.4s
[2,41]    .    .    .    .    .    .    .    .    . D=====eeE-----R   .    .    .    .   .   trn1	v1.4s, v1.4s, v1.4s
[2,42]    .    .    .    .    .    .    .    .    . D============eeER .    .    .    .   .   fadd	v2.4s, v2.4s, v16.4s
[2,43]    .    .    .    .    .    .    .    .    . D======eeE------R .    .    .    .   .   fneg	v16.4s, v4.4s
[2,44]    .    .    .    .    .    .    .    .    . D========eeE----R .    .    .    .   .   trn1	v16.4s, v4.4s, v16.4s
[2,45]    .    .    .    .    .    .    .    .    . D==============eeER    .    .    .   .   fadd	v2.4s, v2.4s, v19.4s
[2,46]    .    .    .    .    .    .    .    .    . D==========eeE----R    .    .    .   .   trn2	v16.4s, v4.4s, v16.4s
[2,47]    .    .    .    .    .    .    .    .    .  D===========eeeE-R    .    .    .   .   fmul	v5.4s, v5.4s, v16.4s
[2,48]    .    .    .    .    .    .    .    .    .  D============eeeeER   .    .    .   .   fmla	v5.4s, v4.4s, v1.4s
[2,49]    .    .    .    .    .    .    .    .    .  D======eeE--------R   .    .    .   .   fneg	v4.4s, v7.4s
[2,50]    .    .    .    .    .    .    .    .    .  D======eeE--------R   .    .    .   .   trn2	v1.4s, v3.4s, v3.4s
[2,51]    .    .    .    .    .    .    .    .    .  D======eeE--------R   .    .    .   .   trn1	v3.4s, v3.4s, v3.4s
[2,52]    .    .    .    .    .    .    .    .    .  D========eeE------R   .    .    .   .   trn1	v4.4s, v7.4s, v4.4s
[2,53]    .    .    .    .    .    .    .    .    .   D=========eeE----R   .    .    .   .   trn2	v4.4s, v7.4s, v4.4s
[2,54]    .    .    .    .    .    .    .    .    .   D===============eeER .    .    .   .   fadd	v0.4s, v5.4s, v0.4s
[2,55]    .    .    .    .    .    .    .    .    .   D===========eeeE---R .    .    .   .   fmul	v1.4s, v1.4s, v4.4s
[2,56]    .    .    .    .    .    .    .    .    .   D============eeeeE-R .    .    .   .   fmla	v1.4s, v7.4s, v3.4s
[2,57]    .    .    .    .    .    .    .    .    .   D======eeE---------R .    .    .   .   fneg	v3.4s, v18.4s
[2,58]    .    .    .    .    .    .    .    .    .   D========eeE-------R .    .    .   .   trn1	v3.4s, v18.4s, v3.4s
[2,59]    .    .    .    .    .    .    .    .    .    D================eeER    .    .   .   fadd	v0.4s, v0.4s, v1.4s
[2,60]    .    .    .    .    .    .    .    .    .    D=====eeE-----------R    .    .   .   trn2	v1.4s, v6.4s, v6.4s
[2,61]    .    .    .    .    .    .    .    .    .    D=========eeE-------R    .    .   .   trn2	v3.4s, v18.4s, v3.4s
[2,62]    .    .    .    .    .    .    .    .    .    D===========eeeE----R    .    .   .   fmul	v1.4s, v1.4s, v3.4s
[2,63]    .    .    .    .    .    .    .    .    .    D======eeE----------R    .    .   .   trn1	v3.4s, v6.4s, v6.4s
[2,64]    .    .    .    .    .    .    .    .    .    D============eeeeE--R    .    .   .   fmla	v1.4s, v18.4s, v3.4s
[2,65]    .    .    .    .    .    .    .    .    .    .D=====eeE----------R    .    .   .   fneg	v3.4s, v21.4s
[2,66]    .    .    .    .    .    .    .    .    .    .D=======eeE--------R    .    .   .   trn1	v3.4s, v21.4s, v3.4s
[2,67]    .    .    .    .    .    .    .    .    .    .D=================eeER  .    .   .   fadd	v0.4s, v0.4s, v1.4s
[2,68]    .    .    .    .    .    .    .    .    .    .D=======eeE----------R  .    .   .   trn2	v1.4s, v17.4s, v17.4s
[2,69]    .    .    .    .    .    .    .    .    .    .D=========eeE--------R  .    .   .   trn2	v3.4s, v21.4s, v3.4s
[2,70]    .    .    .    .    .    .    .    .    .    .D===========eeeE-----R  .    .   .   fmul	v1.4s, v1.4s, v3.4s
[2,71]    .    .    .    .    .    .    .    .    .    . D======eeE----------R  .    .   .   trn1	v3.4s, v17.4s, v17.4s
[2,72]    .    .    .    .    .    .    .    .    .    . D===========eeeeE---R  .    .   .   fmla	v1.4s, v21.4s, v3.4s
[2,73]    .    .    .    .    .    .    .    .    .    . D==================eeER.    .   .   fadd	v0.4s, v0.4s, v1.4s
[2,74]    .    .    .    .    .    .    .    .    .    . D====================eeER   .   .   stp	q2, q0, [x8]
[3,0]     .    .    .    .    .    .    .    .    .    .  DeeeeeeE---------------R   .   .   ldp	q3, q4, [x0]
[3,1]     .    .    .    .    .    .    .    .    .    .  DeeeeE-----------------R   .   .   ldr	x8, [sp]
[3,2]     .    .    .    .    .    .    .    .    .    .  D======eeE-------------R   .   .   fneg	v5.4s, v3.4s
[3,3]     .    .    .    .    .    .    .    .    .    .   DeeeeeeE--------------R   .   .   ldp	q0, q1, [x4]
[3,4]     .    .    .    .    .    .    .    .    .    .   DeeeeeeE--------------R   .   .   ldp	q6, q7, [x1]
[3,5]     .    .    .    .    .    .    .    .    .    .    D=====eeE------------R   .   .   trn2	v2.4s, v0.4s, v0.4s
[3,6]     .    .    .    .    .    .    .    .    .    .    D======eeE-----------R   .   .   trn1	v0.4s, v0.4s, v0.4s
[3,7]     .    .    .    .    .    .    .    .    .    .    D=======eeE----------R   .   .   fneg	v16.4s, v6.4s
[3,8]     .    .    .    .    .    .    .    .    .    .    DeeeeeeE-------------R   .   .   ldp	q17, q18, [x2]
[3,9]     .    .    .    .    .    .    .    .    .    .    .D======eeE----------R   .   .   fneg	v19.4s, v17.4s
[3,10]    .    .    .    .    .    .    .    .    .    .    .DeeeeeeE------------R   .   .   ldp	q20, q21, [x3]
[3,11]    .    .    .    .    .    .    .    .    .    .    .D=======eeE---------R   .   .   fneg	v22.4s, v20.4s
[3,12]    .    .    .    .    .    .    .    .    .    .    .D=======eeE---------R   .   .   trn1	v5.4s, v3.4s, v5.4s
[3,13]    .    .    .    .    .    .    .    .    .    .    . D=======eeE--------R   .   .   trn1	v16.4s, v6.4s, v16.4s
[3,14]    .    .    .    .    .    .    .    .    .    .    . D=======eeE--------R   .   .   trn1	v19.4s, v17.4s, v19.4s
[3,15]    .    .    .    .    .    .    .    .    .    .    . D========eeE-------R   .   .   trn1	v22.4s, v20.4s, v22.4s
[3,16]    .    .    .    .    .    .    .    .    .    .    . D========eeE-------R   .   .   trn2	v5.4s, v3.4s, v5.4s
[3,17]    .    .    .    .    .    .    .    .    .    .    . D=========eeE------R   .   .   trn2	v16.4s, v6.4s, v16.4s
[3,18]    .    .    .    .    .    .    .    .    .    .    . D=========eeE------R   .   .   trn2	v19.4s, v17.4s, v19.4s
[3,19]    .    .    .    .    .    .    .    .    .    .    .  D=========eeE-----R   .   .   trn2	v22.4s, v20.4s, v22.4s
[3,20]    .    .    .    .    .    .    .    .    .    .    .  D=========eeeE----R   .   .   fmul	v2.4s, v2.4s, v5.4s
[3,21]    .    .    .    .    .    .    .    .    .    .    .  D==========eeeeE--R   .   .   fmla	v2.4s, v3.4s, v0.4s
[3,22]    .    .    .    .    .    .    .    .    .    .    .  DeeeeeeE----------R   .   .   ldp	q0, q3, [x5]
[3,23]    .    .    .    .    .    .    .    .    .    .    .   D=====eeE--------R   .   .   trn2	v5.4s, v0.4s, v0.4s
[3,24]    .    .    .    .    .    .    .    .    .    .    .   D======eeE-------R   .   .   trn1	v0.4s, v0.4s, v0.4s
[3,25]    .    .    .    .    .    .    .    .    .    .    .   D=========eeeE---R   .   .   fmul	v5.4s, v5.4s, v16.4s
[3,26]    .    .    .    .    .    .    .    .    .    .    .   D==========eeeeE-R   .   .   fmla	v5.4s, v6.4s, v0.4s
[3,27]    .    .    .    .    .    .    .    .    .    .    .    DeeeeeeE--------R   .   .   ldp	q0, q6, [x6]
[3,28]    .    .    .    .    .    .    .    .    .    .    .    D======eeE------R   .   .   trn2	v16.4s, v0.4s, v0.4s
[3,29]    .    .    .    .    .    .    .    .    .    .    .    D=======eeE-----R   .   .   trn1	v0.4s, v0.4s, v0.4s
[3,30]    .    .    .    .    .    .    .    .    .    .    .    D========eeeE---R   .   .   fmul	v16.4s, v16.4s, v19.4s
[3,31]    .    .    .    .    .    .    .    .    .    .    .    .D========eeeeE-R   .   .   fmla	v16.4s, v17.4s, v0.4s
[3,32]    .    .    .    .    .    .    .    .    .    .    .    .DeeeeeeE-------R   .   .   ldp	q0, q17, [x7]
[3,33]    .    .    .    .    .    .    .    .    .    .    .    .D======eeE-----R   .   .   trn2	v19.4s, v0.4s, v0.4s
[3,34]    .    .    .    .    .    .    .    .    .    .    .    .D========eeE---R   .   .   trn1	v0.4s, v0.4s, v0.4s
[3,35]    .    .    .    .    .    .    .    .    .    .    .    . D=======eeeE--R   .   .   fmul	v19.4s, v19.4s, v22.4s
[3,36]    .    .    .    .    .    .    .    .    .    .    .    . D=========eeeeER  .   .   fmla	v19.4s, v20.4s, v0.4s
[3,37]    .    .    .    .    .    .    .    .    .    .    .    . D--------------R  .   .   movi	v0.2d, #0000000000000000
[3,38]    .    .    .    .    .    .    .    .    .    .    .    . D==========eeE-R  .   .   fadd	v2.4s, v2.4s, v0.4s
[3,39]    .    .    .    .    .    .    .    .    .    .    .    . D============eeER .   .   fadd	v2.4s, v2.4s, v5.4s
[3,40]    .    .    .    .    .    .    .    .    .    .    .    . D=eeE-----------R .   .   trn2	v5.4s, v1.4s, v1.4s
[3,41]    .    .    .    .    .    .    .    .    .    .    .    .  D==eeE---------R .   .   trn1	v1.4s, v1.4s, v1.4s
[3,42]    .    .    .    .    .    .    .    .    .    .    .    .  D=============eeER   .   fadd	v2.4s, v2.4s, v16.4s
[3,43]    .    .    .    .    .    .    .    .    .    .    .    .  D=======eeE------R   .   fneg	v16.4s, v4.4s
[3,44]    .    .    .    .    .    .    .    .    .    .    .    .  D=========eeE----R   .   trn1	v16.4s, v4.4s, v16.4s
[3,45]    .    .    .    .    .    .    .    .    .    .    .    .  D===============eeER .   fadd	v2.4s, v2.4s, v19.4s
[3,46]    .    .    .    .    .    .    .    .    .    .    .    .  D===========eeE----R .   trn2	v16.4s, v4.4s, v16.4s
[3,47]    .    .    .    .    .    .    .    .    .    .    .    .   D============eeeE-R .   fmul	v5.4s, v5.4s, v16.4s
[3,48]    .    .    .    .    .    .    .    .    .    .    .    .   D=============eeeeER.   fmla	v5.4s, v4.4s, v1.4s
[3,49]    .    .    .    .    .    .    .    .    .    .    .    .   D======eeE---------R.   fneg	v4.4s, v7.4s
[3,50]    .    .    .    .    .    .    .    .    .    .    .    .   D======eeE---------R.   trn2	v1.4s, v3.4s, v3.4s
[3,51]    .    .    .    .    .    .    .    .    .    .    .    .   D=======eeE--------R.   trn1	v3.4s, v3.4s, v3.4s
[3,52]    .    .    .    .    .    .    .    .    .    .    .    .   D========eeE-------R.   trn1	v4.4s, v7.4s, v4.4s
[3,53]    .    .    .    .    .    .    .    .    .    .    .    .    D=========eeE-----R.   trn2	v4.4s, v7.4s, v4.4s
Truncated display due to cycle limit


Average Wait times (based on the timeline view):
[0]: Executions
[1]: Average time spent waiting in a scheduler's queue
[2]: Average time spent waiting in a scheduler's queue while ready
[3]: Average time elapsed from WB until retire stage

      [0]    [1]    [2]    [3]
0.     10    1.0    1.0    14.4      ldp	q3, q4, [x0]
1.     10    1.0    1.0    16.4      ldr	x8, [sp]
2.     10    7.9    0.9    11.7      fneg	v5.4s, v3.4s
3.     10    1.0    1.0    13.6      ldp	q0, q1, [x4]
4.     10    1.0    1.0    13.6      ldp	q6, q7, [x1]
5.     10    7.0    1.0    10.7      trn2	v2.4s, v0.4s, v0.4s
6.     10    8.1    2.1    9.6       trn1	v0.4s, v0.4s, v0.4s
7.     10    8.4    2.4    9.3       fneg	v16.4s, v6.4s
8.     10    1.0    1.0    12.7      ldp	q17, q18, [x2]
9.     10    7.9    1.9    8.9       fneg	v19.4s, v17.4s
10.    10    1.0    1.0    11.8      ldp	q20, q21, [x3]
11.    10    8.5    1.5    8.4       fneg	v22.4s, v20.4s
12.    10    8.4    1.5    8.5       trn1	v5.4s, v3.4s, v5.4s
13.    10    8.4    0.0    7.5       trn1	v16.4s, v6.4s, v16.4s
14.    10    8.9    0.0    7.1       trn1	v19.4s, v17.4s, v19.4s
15.    10    9.5    0.0    6.6       trn1	v22.4s, v20.4s, v22.4s
16.    10    9.4    0.0    6.7       trn2	v5.4s, v3.4s, v5.4s
17.    10    10.4   0.0    5.7       trn2	v16.4s, v6.4s, v16.4s
18.    10    10.9   0.0    5.3       trn2	v19.4s, v17.4s, v19.4s
19.    10    10.5   0.0    4.8       trn2	v22.4s, v20.4s, v22.4s
20.    10    10.4   0.0    3.9       fmul	v2.4s, v2.4s, v5.4s
21.    10    11.4   0.0    2.1       fmla	v2.4s, v3.4s, v0.4s
22.    10    1.0    1.0    10.5      ldp	q0, q3, [x5]
23.    10    6.7    0.7    7.8       trn2	v5.4s, v0.4s, v0.4s
24.    10    7.1    1.1    7.4       trn1	v0.4s, v0.4s, v0.4s
25.    10    10.4   0.0    3.1       fmul	v5.4s, v5.4s, v16.4s
26.    10    11.4   0.0    1.3       fmla	v5.4s, v6.4s, v0.4s
27.    10    1.0    1.0    8.7       ldp	q0, q6, [x6]
28.    10    7.6    0.6    6.1       trn2	v16.4s, v0.4s, v0.4s
29.    10    7.9    0.9    5.8       trn1	v0.4s, v0.4s, v0.4s
30.    10    10.2   0.0    2.5       fmul	v16.4s, v16.4s, v19.4s
31.    10    10.2   0.0    0.8       fmla	v16.4s, v17.4s, v0.4s
32.    10    1.0    1.0    8.0       ldp	q0, q17, [x7]
33.    10    7.6    0.6    5.4       trn2	v19.4s, v0.4s, v0.4s
34.    10    8.5    1.5    4.5       trn1	v0.4s, v0.4s, v0.4s
35.    10    9.0    0.0    2.0       fmul	v19.4s, v19.4s, v22.4s
36.    10    10.1   0.0    0.2       fmla	v19.4s, v20.4s, v0.4s
37.    10    0.0    0.0    14.3      movi	v0.2d, #0000000000000000
38.    10    11.4   0.0    0.9       fadd	v2.4s, v2.4s, v0.4s
39.    10    13.4   0.0    0.0       fadd	v2.4s, v2.4s, v5.4s
40.    10    5.6    5.6    7.8       trn2	v5.4s, v1.4s, v1.4s
41.    10    6.6    6.6    5.8       trn1	v1.4s, v1.4s, v1.4s
42.    10    14.4   0.0    0.0       fadd	v2.4s, v2.4s, v16.4s
43.    10    7.9    7.9    6.5       fneg	v16.4s, v4.4s
44.    10    9.9    0.0    4.5       trn1	v16.4s, v4.4s, v16.4s
45.    10    16.4   0.0    0.0       fadd	v2.4s, v2.4s, v19.4s
46.    10    12.0   0.1    4.4       trn2	v16.4s, v4.4s, v16.4s
47.    10    13.0   0.0    1.4       fmul	v5.4s, v5.4s, v16.4s
48.    10    14.0   0.0    0.3       fmla	v5.4s, v4.4s, v1.4s
49.    10    7.4    7.4    8.9       fneg	v4.4s, v7.4s
50.    10    8.2    8.2    8.1       trn2	v1.4s, v3.4s, v3.4s
51.    10    8.5    8.5    7.8       trn1	v3.4s, v3.4s, v3.4s
52.    10    9.7    0.3    6.6       trn1	v4.4s, v7.4s, v4.4s
53.    10    10.7   0.0    4.6       trn2	v4.4s, v7.4s, v4.4s
54.    10    17.0   0.0    0.1       fadd	v0.4s, v5.4s, v0.4s
55.    10    12.7   0.0    3.4       fmul	v1.4s, v1.4s, v4.4s
56.    10    13.7   0.0    1.4       fmla	v1.4s, v7.4s, v3.4s
57.    10    8.0    8.0    9.1       fneg	v3.4s, v18.4s
58.    10    10.1   0.1    7.0       trn1	v3.4s, v18.4s, v3.4s
59.    10    18.1   0.0    0.0       fadd	v0.4s, v0.4s, v1.4s
60.    10    7.2    7.2    10.9      trn2	v1.4s, v6.4s, v6.4s
61.    10    11.1   0.0    7.0       trn2	v3.4s, v18.4s, v3.4s
62.    10    13.1   0.0    4.0       fmul	v1.4s, v1.4s, v3.4s
63.    10    8.5    8.5    9.6       trn1	v3.4s, v6.4s, v6.4s
64.    10    14.1   0.0    2.0       fmla	v1.4s, v18.4s, v3.4s
65.    10    7.6    7.6    9.5       fneg	v3.4s, v21.4s
66.    10    9.6    0.0    7.5       trn1	v3.4s, v21.4s, v3.4s
67.    10    19.1   0.0    0.0       fadd	v0.4s, v0.4s, v1.4s
68.    10    8.9    8.9    10.2      trn2	v1.4s, v17.4s, v17.4s
69.    10    11.6   0.0    7.5       trn2	v3.4s, v21.4s, v3.4s
70.    10    13.6   0.0    4.5       fmul	v1.4s, v1.4s, v3.4s
71.    10    8.3    8.3    9.8       trn1	v3.4s, v17.4s, v17.4s
72.    10    13.6   0.0    2.6       fmla	v1.4s, v21.4s, v3.4s
73.    10    20.2   0.0    0.0       fadd	v0.4s, v0.4s, v1.4s
74.    10    22.3   0.1    0.0       stp	q2, q0, [x8]
       750   9.3    1.6    6.2       <total>