armv8-a clang 23.1.0
-O3 -std=c++17 -mcpu=neoverse-v2


[0] Code Region - mrc4_neon

Iterations:        100
Instructions:      2600
Total Cycles:      1025
Total uOps:        5500

Dispatch Width:    6
uOps Per Cycle:    5.37
IPC:               2.54
Block RThroughput: 9.2


Instruction Info:
[1]: #uOps
[2]: Latency
[3]: RThroughput
[4]: MayLoad
[5]: MayStore
[6]: HasSideEffects (U)

[1]    [2]    [3]    [4]    [5]    [6]    Instructions:
 4      8     0.67    *                   ld2	{ v0.4s, v1.4s }, [x0]
 1      4     0.33    *                   ldr	x8, [sp]
 4      8     0.67    *                   ld2	{ v16.4s, v17.4s }, [x4]
 1      3     0.25                        fmul	v24.4s, v0.4s, v16.4s
 1      4     0.25                        fmla	v24.4s, v1.4s, v17.4s
 4      8     0.67    *                   ld2	{ v2.4s, v3.4s }, [x1]
 1      3     0.25                        fmul	v25.4s, v1.4s, v16.4s
 1      4     0.25                        fmls	v25.4s, v0.4s, v17.4s
 4      8     0.67    *                   ld2	{ v18.4s, v19.4s }, [x5]
 1      4     0.25                        fmla	v24.4s, v2.4s, v18.4s
 1      4     0.25                        fmla	v24.4s, v3.4s, v19.4s
 4      8     0.67    *                   ld2	{ v4.4s, v5.4s }, [x2]
 1      4     0.25                        fmla	v25.4s, v3.4s, v18.4s
 1      4     0.25                        fmls	v25.4s, v2.4s, v19.4s
 4      8     0.67    *                   ld2	{ v20.4s, v21.4s }, [x6]
 1      4     0.25                        fmla	v24.4s, v4.4s, v20.4s
 1      4     0.25                        fmla	v24.4s, v5.4s, v21.4s
 4      8     0.67    *                   ld2	{ v6.4s, v7.4s }, [x3]
 1      4     0.25                        fmla	v25.4s, v5.4s, v20.4s
 1      4     0.25                        fmls	v25.4s, v4.4s, v21.4s
 4      8     0.67    *                   ld2	{ v22.4s, v23.4s }, [x7]
 1      4     0.25                        fmla	v24.4s, v6.4s, v22.4s
 1      4     0.25                        fmla	v24.4s, v7.4s, v23.4s
 1      4     0.25                        fmla	v25.4s, v7.4s, v22.4s
 1      4     0.25                        fmls	v25.4s, v6.4s, v23.4s
 6      4     2.00           *            st2	{ v24.4s, v25.4s }, [x8]


Resources:
[0.0] - V2UnitB
[0.1] - V2UnitB
[1.0] - V2UnitD
[1.1] - V2UnitD
[2.0] - V2UnitFlg
[2.1] - V2UnitFlg
[2.2] - V2UnitFlg
[3]   - V2UnitL2
[4.0] - V2UnitL01
[4.1] - V2UnitL01
[5]   - V2UnitM0
[6]   - V2UnitM1
[7]   - V2UnitS0
[8]   - V2UnitS1
[9]   - V2UnitS2
[10]  - V2UnitS3
[11]  - V2UnitV0
[12]  - V2UnitV1
[13]  - V2UnitV2
[14]  - V2UnitV3


Resource pressure per iteration:
[0.0]  [0.1]  [1.0]  [1.1]  [2.0]  [2.1]  [2.2]  [3]    [4.0]  [4.1]  [5]    [6]    [7]    [8]    [9]    [10]   [11]   [12]   [13]   [14]   
 -      -      -      -      -      -      -     5.52   6.51   6.97    -      -      -      -      -      -     8.94   9.55   8.54   8.97   

Resource pressure by instruction:
[0.0]  [0.1]  [1.0]  [1.1]  [2.0]  [2.1]  [2.2]  [3]    [4.0]  [4.1]  [5]    [6]    [7]    [8]    [9]    [10]   [11]   [12]   [13]   [14]   Instructions:
 -      -      -      -      -      -      -     0.98   0.06   0.96    -      -      -      -      -      -     0.08   0.02   0.92   0.98   ld2	{ v0.4s, v1.4s }, [x0]
 -      -      -      -      -      -      -     0.46   0.49   0.05    -      -      -      -      -      -      -      -      -      -     ldr	x8, [sp]
 -      -      -      -      -      -      -     0.06   0.96   0.98    -      -      -      -      -      -     1.80   0.04   0.08   0.08   ld2	{ v16.4s, v17.4s }, [x4]
 -      -      -      -      -      -      -      -      -      -      -      -      -      -      -      -     0.02   0.02   0.47   0.49   fmul	v24.4s, v0.4s, v16.4s
 -      -      -      -      -      -      -      -      -      -      -      -      -      -      -      -     0.47   0.45   0.04   0.04   fmla	v24.4s, v1.4s, v17.4s
 -      -      -      -      -      -      -     0.04   0.96   1.00    -      -      -      -      -      -     0.06   0.06   0.06   1.82   ld2	{ v2.4s, v3.4s }, [x1]
 -      -      -      -      -      -      -      -      -      -      -      -      -      -      -      -     0.05   0.01   0.47   0.47   fmul	v25.4s, v1.4s, v16.4s
 -      -      -      -      -      -      -      -      -      -      -      -      -      -      -      -     0.46   0.02   0.48   0.04   fmls	v25.4s, v0.4s, v17.4s
 -      -      -      -      -      -      -     0.98   1.00   0.02    -      -      -      -      -      -     0.06   0.08   1.80   0.06   ld2	{ v18.4s, v19.4s }, [x5]
 -      -      -      -      -      -      -      -      -      -      -      -      -      -      -      -     0.02   0.49   0.04   0.45   fmla	v24.4s, v2.4s, v18.4s
 -      -      -      -      -      -      -      -      -      -      -      -      -      -      -      -     0.47   0.05   0.46   0.02   fmla	v24.4s, v3.4s, v19.4s
 -      -      -      -      -      -      -     0.96   0.06   0.98    -      -      -      -      -      -     0.94   0.92   0.08   0.06   ld2	{ v4.4s, v5.4s }, [x2]
 -      -      -      -      -      -      -      -      -      -      -      -      -      -      -      -     0.06   0.02   0.45   0.47   fmla	v25.4s, v3.4s, v18.4s
 -      -      -      -      -      -      -      -      -      -      -      -      -      -      -      -     0.03   0.46   0.45   0.06   fmls	v25.4s, v2.4s, v19.4s
 -      -      -      -      -      -      -     0.04   0.96   1.00    -      -      -      -      -      -     0.90   0.92   0.12   0.06   ld2	{ v20.4s, v21.4s }, [x6]
 -      -      -      -      -      -      -      -      -      -      -      -      -      -      -      -     0.48   0.45   0.05   0.02   fmla	v24.4s, v4.4s, v20.4s
 -      -      -      -      -      -      -      -      -      -      -      -      -      -      -      -     0.46   0.45   0.05   0.04   fmla	v24.4s, v5.4s, v21.4s
 -      -      -      -      -      -      -     0.08   0.96   0.96    -      -      -      -      -      -     0.94   0.06   0.06   0.94   ld2	{ v6.4s, v7.4s }, [x3]
 -      -      -      -      -      -      -      -      -      -      -      -      -      -      -      -     0.47   0.02   0.04   0.47   fmla	v25.4s, v5.4s, v20.4s
 -      -      -      -      -      -      -      -      -      -      -      -      -      -      -      -     0.06    -     0.47   0.47   fmls	v25.4s, v4.4s, v21.4s
 -      -      -      -      -      -      -     1.92   0.06   0.02    -      -      -      -      -      -     0.10   0.04   0.94   0.92   ld2	{ v22.4s, v23.4s }, [x7]
 -      -      -      -      -      -      -      -      -      -      -      -      -      -      -      -     0.45   0.03   0.49   0.03   fmla	v24.4s, v6.4s, v22.4s
 -      -      -      -      -      -      -      -      -      -      -      -      -      -      -      -     0.48   0.03   0.01   0.48   fmla	v24.4s, v7.4s, v23.4s
 -      -      -      -      -      -      -      -      -      -      -      -      -      -      -      -     0.06   0.46   0.46   0.02   fmla	v25.4s, v7.4s, v22.4s
 -      -      -      -      -      -      -      -      -      -      -      -      -      -      -      -     0.02   0.45   0.05   0.48   fmls	v25.4s, v6.4s, v23.4s
 -      -      -      -      -      -      -      -     1.00   1.00    -      -      -      -      -      -      -     4.00    -      -     st2	{ v24.4s, v25.4s }, [x8]


Timeline view:
                    0123456789          0123456789          0123456789          0123456789
Index     0123456789          0123456789          0123456789          0123456789          

[0,0]     DeeeeeeeeER    .    .    .    .    .    .    .    .    .    .    .    .    .   .   ld2	{ v0.4s, v1.4s }, [x0]
[0,1]     DeeeeE----R    .    .    .    .    .    .    .    .    .    .    .    .    .   .   ldr	x8, [sp]
[0,2]     .DeeeeeeeeER   .    .    .    .    .    .    .    .    .    .    .    .    .   .   ld2	{ v16.4s, v17.4s }, [x4]
[0,3]     .D========eeeER.    .    .    .    .    .    .    .    .    .    .    .    .   .   fmul	v24.4s, v0.4s, v16.4s
[0,4]     .D=========eeeeER   .    .    .    .    .    .    .    .    .    .    .    .   .   fmla	v24.4s, v1.4s, v17.4s
[0,5]     . DeeeeeeeeE----R   .    .    .    .    .    .    .    .    .    .    .    .   .   ld2	{ v2.4s, v3.4s }, [x1]
[0,6]     . D=======eeeE--R   .    .    .    .    .    .    .    .    .    .    .    .   .   fmul	v25.4s, v1.4s, v16.4s
[0,7]     . D========eeeeER   .    .    .    .    .    .    .    .    .    .    .    .   .   fmls	v25.4s, v0.4s, v17.4s
[0,8]     .  DeeeeeeeeE---R   .    .    .    .    .    .    .    .    .    .    .    .   .   ld2	{ v18.4s, v19.4s }, [x5]
[0,9]     .  D=========eeeeER .    .    .    .    .    .    .    .    .    .    .    .   .   fmla	v24.4s, v2.4s, v18.4s
[0,10]    .  D===========eeeeER    .    .    .    .    .    .    .    .    .    .    .   .   fmla	v24.4s, v3.4s, v19.4s
[0,11]    .   DeeeeeeeeE------R    .    .    .    .    .    .    .    .    .    .    .   .   ld2	{ v4.4s, v5.4s }, [x2]
[0,12]    .   D========eeeeE--R    .    .    .    .    .    .    .    .    .    .    .   .   fmla	v25.4s, v3.4s, v18.4s
[0,13]    .   D==========eeeeER    .    .    .    .    .    .    .    .    .    .    .   .   fmls	v25.4s, v2.4s, v19.4s
[0,14]    .    DeeeeeeeeE-----R    .    .    .    .    .    .    .    .    .    .    .   .   ld2	{ v20.4s, v21.4s }, [x6]
[0,15]    .    D===========eeeeER  .    .    .    .    .    .    .    .    .    .    .   .   fmla	v24.4s, v4.4s, v20.4s
[0,16]    .    D=============eeeeER.    .    .    .    .    .    .    .    .    .    .   .   fmla	v24.4s, v5.4s, v21.4s
[0,17]    .    .DeeeeeeeeE--------R.    .    .    .    .    .    .    .    .    .    .   .   ld2	{ v6.4s, v7.4s }, [x3]
[0,18]    .    .D==========eeeeE--R.    .    .    .    .    .    .    .    .    .    .   .   fmla	v25.4s, v5.4s, v20.4s
[0,19]    .    .D============eeeeER.    .    .    .    .    .    .    .    .    .    .   .   fmls	v25.4s, v4.4s, v21.4s
[0,20]    .    . DeeeeeeeeE-------R.    .    .    .    .    .    .    .    .    .    .   .   ld2	{ v22.4s, v23.4s }, [x7]
[0,21]    .    . D=============eeeeER   .    .    .    .    .    .    .    .    .    .   .   fmla	v24.4s, v6.4s, v22.4s
[0,22]    .    . D===============eeeeER .    .    .    .    .    .    .    .    .    .   .   fmla	v24.4s, v7.4s, v23.4s
[0,23]    .    .  D============eeeeE--R .    .    .    .    .    .    .    .    .    .   .   fmla	v25.4s, v7.4s, v22.4s
[0,24]    .    .  D==============eeeeER .    .    .    .    .    .    .    .    .    .   .   fmls	v25.4s, v6.4s, v23.4s
[0,25]    .    .   D=================eeeeER  .    .    .    .    .    .    .    .    .   .   st2	{ v24.4s, v25.4s }, [x8]
[1,0]     .    .    DeeeeeeeeE------------R  .    .    .    .    .    .    .    .    .   .   ld2	{ v0.4s, v1.4s }, [x0]
[1,1]     .    .    DeeeeE----------------R  .    .    .    .    .    .    .    .    .   .   ldr	x8, [sp]
[1,2]     .    .    .DeeeeeeeeE-----------R  .    .    .    .    .    .    .    .    .   .   ld2	{ v16.4s, v17.4s }, [x4]
[1,3]     .    .    .D========eeeE--------R  .    .    .    .    .    .    .    .    .   .   fmul	v24.4s, v0.4s, v16.4s
[1,4]     .    .    .D=========eeeeE------R  .    .    .    .    .    .    .    .    .   .   fmla	v24.4s, v1.4s, v17.4s
[1,5]     .    .    . DeeeeeeeeE----------R  .    .    .    .    .    .    .    .    .   .   ld2	{ v2.4s, v3.4s }, [x1]
[1,6]     .    .    . D=======eeeE--------R  .    .    .    .    .    .    .    .    .   .   fmul	v25.4s, v1.4s, v16.4s
[1,7]     .    .    . D========eeeeE------R  .    .    .    .    .    .    .    .    .   .   fmls	v25.4s, v0.4s, v17.4s
[1,8]     .    .    .  DeeeeeeeeE---------R  .    .    .    .    .    .    .    .    .   .   ld2	{ v18.4s, v19.4s }, [x5]
[1,9]     .    .    .  D==========eeeeE---R  .    .    .    .    .    .    .    .    .   .   fmla	v24.4s, v2.4s, v18.4s
[1,10]    .    .    .  D============eeeeE-R  .    .    .    .    .    .    .    .    .   .   fmla	v24.4s, v3.4s, v19.4s
[1,11]    .    .    .   DeeeeeeeeE--------R  .    .    .    .    .    .    .    .    .   .   ld2	{ v4.4s, v5.4s }, [x2]
[1,12]    .    .    .   D=========eeeeE---R  .    .    .    .    .    .    .    .    .   .   fmla	v25.4s, v3.4s, v18.4s
[1,13]    .    .    .   D===========eeeeE-R  .    .    .    .    .    .    .    .    .   .   fmls	v25.4s, v2.4s, v19.4s
[1,14]    .    .    .    DeeeeeeeeE-------R  .    .    .    .    .    .    .    .    .   .   ld2	{ v20.4s, v21.4s }, [x6]
[1,15]    .    .    .    D============eeeeER .    .    .    .    .    .    .    .    .   .   fmla	v24.4s, v4.4s, v20.4s
[1,16]    .    .    .    D==============eeeeER    .    .    .    .    .    .    .    .   .   fmla	v24.4s, v5.4s, v21.4s
[1,17]    .    .    .    .DeeeeeeeeE---------R    .    .    .    .    .    .    .    .   .   ld2	{ v6.4s, v7.4s }, [x3]
[1,18]    .    .    .    .D===========eeeeE--R    .    .    .    .    .    .    .    .   .   fmla	v25.4s, v5.4s, v20.4s
[1,19]    .    .    .    .D=============eeeeER    .    .    .    .    .    .    .    .   .   fmls	v25.4s, v4.4s, v21.4s
[1,20]    .    .    .    . DeeeeeeeeE--------R    .    .    .    .    .    .    .    .   .   ld2	{ v22.4s, v23.4s }, [x7]
[1,21]    .    .    .    . D==============eeeeER  .    .    .    .    .    .    .    .   .   fmla	v24.4s, v6.4s, v22.4s
[1,22]    .    .    .    . D================eeeeER.    .    .    .    .    .    .    .   .   fmla	v24.4s, v7.4s, v23.4s
[1,23]    .    .    .    .  D=============eeeeE--R.    .    .    .    .    .    .    .   .   fmla	v25.4s, v7.4s, v22.4s
[1,24]    .    .    .    .  D===============eeeeER.    .    .    .    .    .    .    .   .   fmls	v25.4s, v6.4s, v23.4s
[1,25]    .    .    .    .   D==================eeeeER .    .    .    .    .    .    .   .   st2	{ v24.4s, v25.4s }, [x8]
[2,0]     .    .    .    .    D=eeeeeeeeE------------R .    .    .    .    .    .    .   .   ld2	{ v0.4s, v1.4s }, [x0]
[2,1]     .    .    .    .    DeeeeE-----------------R .    .    .    .    .    .    .   .   ldr	x8, [sp]
[2,2]     .    .    .    .    .DeeeeeeeeE------------R .    .    .    .    .    .    .   .   ld2	{ v16.4s, v17.4s }, [x4]
[2,3]     .    .    .    .    .D=========eeeE--------R .    .    .    .    .    .    .   .   fmul	v24.4s, v0.4s, v16.4s
[2,4]     .    .    .    .    .D==========eeeeE------R .    .    .    .    .    .    .   .   fmla	v24.4s, v1.4s, v17.4s
[2,5]     .    .    .    .    . D=eeeeeeeeE----------R .    .    .    .    .    .    .   .   ld2	{ v2.4s, v3.4s }, [x1]
[2,6]     .    .    .    .    . D========eeeE--------R .    .    .    .    .    .    .   .   fmul	v25.4s, v1.4s, v16.4s
[2,7]     .    .    .    .    . D==========eeeeE-----R .    .    .    .    .    .    .   .   fmls	v25.4s, v0.4s, v17.4s
[2,8]     .    .    .    .    .  DeeeeeeeeE----------R .    .    .    .    .    .    .   .   ld2	{ v18.4s, v19.4s }, [x5]
[2,9]     .    .    .    .    .  D===========eeeeE---R .    .    .    .    .    .    .   .   fmla	v24.4s, v2.4s, v18.4s
[2,10]    .    .    .    .    .  D=============eeeeE-R .    .    .    .    .    .    .   .   fmla	v24.4s, v3.4s, v19.4s
[2,11]    .    .    .    .    .   DeeeeeeeeE---------R .    .    .    .    .    .    .   .   ld2	{ v4.4s, v5.4s }, [x2]
[2,12]    .    .    .    .    .   D==========eeeeE---R .    .    .    .    .    .    .   .   fmla	v25.4s, v3.4s, v18.4s
[2,13]    .    .    .    .    .   D============eeeeE-R .    .    .    .    .    .    .   .   fmls	v25.4s, v2.4s, v19.4s
[2,14]    .    .    .    .    .    DeeeeeeeeE--------R .    .    .    .    .    .    .   .   ld2	{ v20.4s, v21.4s }, [x6]
[2,15]    .    .    .    .    .    D=============eeeeER.    .    .    .    .    .    .   .   fmla	v24.4s, v4.4s, v20.4s
[2,16]    .    .    .    .    .    D===============eeeeER   .    .    .    .    .    .   .   fmla	v24.4s, v5.4s, v21.4s
[2,17]    .    .    .    .    .    .DeeeeeeeeE----------R   .    .    .    .    .    .   .   ld2	{ v6.4s, v7.4s }, [x3]
[2,18]    .    .    .    .    .    .D============eeeeE--R   .    .    .    .    .    .   .   fmla	v25.4s, v5.4s, v20.4s
[2,19]    .    .    .    .    .    .D==============eeeeER   .    .    .    .    .    .   .   fmls	v25.4s, v4.4s, v21.4s
[2,20]    .    .    .    .    .    . D=eeeeeeeeE--------R   .    .    .    .    .    .   .   ld2	{ v22.4s, v23.4s }, [x7]
[2,21]    .    .    .    .    .    . D===============eeeeER .    .    .    .    .    .   .   fmla	v24.4s, v6.4s, v22.4s
[2,22]    .    .    .    .    .    . D=================eeeeER    .    .    .    .    .   .   fmla	v24.4s, v7.4s, v23.4s
[2,23]    .    .    .    .    .    .  D==============eeeeE--R    .    .    .    .    .   .   fmla	v25.4s, v7.4s, v22.4s
[2,24]    .    .    .    .    .    .  D================eeeeER    .    .    .    .    .   .   fmls	v25.4s, v6.4s, v23.4s
[2,25]    .    .    .    .    .    .   D===================eeeeER.    .    .    .    .   .   st2	{ v24.4s, v25.4s }, [x8]
[3,0]     .    .    .    .    .    .    DeeeeeeeeE--------------R.    .    .    .    .   .   ld2	{ v0.4s, v1.4s }, [x0]
[3,1]     .    .    .    .    .    .    DeeeeE------------------R.    .    .    .    .   .   ldr	x8, [sp]
[3,2]     .    .    .    .    .    .    .D=eeeeeeeeE------------R.    .    .    .    .   .   ld2	{ v16.4s, v17.4s }, [x4]
[3,3]     .    .    .    .    .    .    .D=========eeeE---------R.    .    .    .    .   .   fmul	v24.4s, v0.4s, v16.4s
[3,4]     .    .    .    .    .    .    .D==========eeeeE-------R.    .    .    .    .   .   fmla	v24.4s, v1.4s, v17.4s
[3,5]     .    .    .    .    .    .    . DeeeeeeeeE------------R.    .    .    .    .   .   ld2	{ v2.4s, v3.4s }, [x1]
[3,6]     .    .    .    .    .    .    . D=========eeeE--------R.    .    .    .    .   .   fmul	v25.4s, v1.4s, v16.4s
[3,7]     .    .    .    .    .    .    . D===========eeeeE-----R.    .    .    .    .   .   fmls	v25.4s, v0.4s, v17.4s
[3,8]     .    .    .    .    .    .    .  D=eeeeeeeeE----------R.    .    .    .    .   .   ld2	{ v18.4s, v19.4s }, [x5]
[3,9]     .    .    .    .    .    .    .  D==========eeeeE-----R.    .    .    .    .   .   fmla	v24.4s, v2.4s, v18.4s
[3,10]    .    .    .    .    .    .    .  D============eeeeE---R.    .    .    .    .   .   fmla	v24.4s, v3.4s, v19.4s
[3,11]    .    .    .    .    .    .    .   DeeeeeeeeE----------R.    .    .    .    .   .   ld2	{ v4.4s, v5.4s }, [x2]
[3,12]    .    .    .    .    .    .    .   D===========eeeeE---R.    .    .    .    .   .   fmla	v25.4s, v3.4s, v18.4s
[3,13]    .    .    .    .    .    .    .   D=============eeeeE-R.    .    .    .    .   .   fmls	v25.4s, v2.4s, v19.4s
[3,14]    .    .    .    .    .    .    .    DeeeeeeeeE---------R.    .    .    .    .   .   ld2	{ v20.4s, v21.4s }, [x6]
[3,15]    .    .    .    .    .    .    .    D============eeeeE-R.    .    .    .    .   .   fmla	v24.4s, v4.4s, v20.4s
[3,16]    .    .    .    .    .    .    .    D==============eeeeER    .    .    .    .   .   fmla	v24.4s, v5.4s, v21.4s
[3,17]    .    .    .    .    .    .    .    .DeeeeeeeeE---------R    .    .    .    .   .   ld2	{ v6.4s, v7.4s }, [x3]
[3,18]    .    .    .    .    .    .    .    .D=============eeeeER    .    .    .    .   .   fmla	v25.4s, v5.4s, v20.4s
[3,19]    .    .    .    .    .    .    .    .D===============eeeeER  .    .    .    .   .   fmls	v25.4s, v4.4s, v21.4s
[3,20]    .    .    .    .    .    .    .    . DeeeeeeeeE----------R  .    .    .    .   .   ld2	{ v22.4s, v23.4s }, [x7]
[3,21]    .    .    .    .    .    .    .    . D==============eeeeER  .    .    .    .   .   fmla	v24.4s, v6.4s, v22.4s
[3,22]    .    .    .    .    .    .    .    . D================eeeeER.    .    .    .   .   fmla	v24.4s, v7.4s, v23.4s
[3,23]    .    .    .    .    .    .    .    .  D===============eeeeER.    .    .    .   .   fmla	v25.4s, v7.4s, v22.4s
[3,24]    .    .    .    .    .    .    .    .  D=================eeeeER   .    .    .   .   fmls	v25.4s, v6.4s, v23.4s
[3,25]    .    .    .    .    .    .    .    .   D====================eeeeER    .    .   .   st2	{ v24.4s, v25.4s }, [x8]
[4,0]     .    .    .    .    .    .    .    .    D=eeeeeeeeE--------------R    .    .   .   ld2	{ v0.4s, v1.4s }, [x0]
[4,1]     .    .    .    .    .    .    .    .    DeeeeE-------------------R    .    .   .   ldr	x8, [sp]
[4,2]     .    .    .    .    .    .    .    .    .DeeeeeeeeE--------------R    .    .   .   ld2	{ v16.4s, v17.4s }, [x4]
[4,3]     .    .    .    .    .    .    .    .    .D========eeeE-----------R    .    .   .   fmul	v24.4s, v0.4s, v16.4s
[4,4]     .    .    .    .    .    .    .    .    .D=========eeeeE---------R    .    .   .   fmla	v24.4s, v1.4s, v17.4s
[4,5]     .    .    .    .    .    .    .    .    . D=eeeeeeeeE------------R    .    .   .   ld2	{ v2.4s, v3.4s }, [x1]
[4,6]     .    .    .    .    .    .    .    .    . D========eeeE----------R    .    .   .   fmul	v25.4s, v1.4s, v16.4s
[4,7]     .    .    .    .    .    .    .    .    . D==========eeeeE-------R    .    .   .   fmls	v25.4s, v0.4s, v17.4s
[4,8]     .    .    .    .    .    .    .    .    .  DeeeeeeeeE------------R    .    .   .   ld2	{ v18.4s, v19.4s }, [x5]
[4,9]     .    .    .    .    .    .    .    .    .  D=========eeeeE-------R    .    .   .   fmla	v24.4s, v2.4s, v18.4s
[4,10]    .    .    .    .    .    .    .    .    .  D===========eeeeE-----R    .    .   .   fmla	v24.4s, v3.4s, v19.4s
[4,11]    .    .    .    .    .    .    .    .    .   D=eeeeeeeeE----------R    .    .   .   ld2	{ v4.4s, v5.4s }, [x2]
[4,12]    .    .    .    .    .    .    .    .    .   D==========eeeeE-----R    .    .   .   fmla	v25.4s, v3.4s, v18.4s
[4,13]    .    .    .    .    .    .    .    .    .   D============eeeeE---R    .    .   .   fmls	v25.4s, v2.4s, v19.4s
[4,14]    .    .    .    .    .    .    .    .    .    DeeeeeeeeE----------R    .    .   .   ld2	{ v20.4s, v21.4s }, [x6]
[4,15]    .    .    .    .    .    .    .    .    .    D===========eeeeE---R    .    .   .   fmla	v24.4s, v4.4s, v20.4s
[4,16]    .    .    .    .    .    .    .    .    .    D=============eeeeE-R    .    .   .   fmla	v24.4s, v5.4s, v21.4s
[4,17]    .    .    .    .    .    .    .    .    .    .DeeeeeeeeE---------R    .    .   .   ld2	{ v6.4s, v7.4s }, [x3]
[4,18]    .    .    .    .    .    .    .    .    .    .D============eeeeE-R    .    .   .   fmla	v25.4s, v5.4s, v20.4s
[4,19]    .    .    .    .    .    .    .    .    .    .D==============eeeeER   .    .   .   fmls	v25.4s, v4.4s, v21.4s
[4,20]    .    .    .    .    .    .    .    .    .    . DeeeeeeeeE---------R   .    .   .   ld2	{ v22.4s, v23.4s }, [x7]
[4,21]    .    .    .    .    .    .    .    .    .    . D=============eeeeER   .    .   .   fmla	v24.4s, v6.4s, v22.4s
[4,22]    .    .    .    .    .    .    .    .    .    . D===============eeeeER .    .   .   fmla	v24.4s, v7.4s, v23.4s
[4,23]    .    .    .    .    .    .    .    .    .    .  D==============eeeeER .    .   .   fmla	v25.4s, v7.4s, v22.4s
[4,24]    .    .    .    .    .    .    .    .    .    .  D================eeeeER    .   .   fmls	v25.4s, v6.4s, v23.4s
[4,25]    .    .    .    .    .    .    .    .    .    .   D===================eeeeER.   .   st2	{ v24.4s, v25.4s }, [x8]
[5,0]     .    .    .    .    .    .    .    .    .    .    DeeeeeeeeE--------------R.   .   ld2	{ v0.4s, v1.4s }, [x0]
[5,1]     .    .    .    .    .    .    .    .    .    .    DeeeeE------------------R.   .   ldr	x8, [sp]
[5,2]     .    .    .    .    .    .    .    .    .    .    .D=eeeeeeeeE------------R.   .   ld2	{ v16.4s, v17.4s }, [x4]
[5,3]     .    .    .    .    .    .    .    .    .    .    .D=========eeeE---------R.   .   fmul	v24.4s, v0.4s, v16.4s
[5,4]     .    .    .    .    .    .    .    .    .    .    .D==========eeeeE-------R.   .   fmla	v24.4s, v1.4s, v17.4s
[5,5]     .    .    .    .    .    .    .    .    .    .    . DeeeeeeeeE------------R.   .   ld2	{ v2.4s, v3.4s }, [x1]
[5,6]     .    .    .    .    .    .    .    .    .    .    . D=========eeeE--------R.   .   fmul	v25.4s, v1.4s, v16.4s
[5,7]     .    .    .    .    .    .    .    .    .    .    . D===========eeeeE-----R.   .   fmls	v25.4s, v0.4s, v17.4s
[5,8]     .    .    .    .    .    .    .    .    .    .    .  D=eeeeeeeeE----------R.   .   ld2	{ v18.4s, v19.4s }, [x5]
[5,9]     .    .    .    .    .    .    .    .    .    .    .  D==========eeeeE-----R.   .   fmla	v24.4s, v2.4s, v18.4s
[5,10]    .    .    .    .    .    .    .    .    .    .    .  D============eeeeE---R.   .   fmla	v24.4s, v3.4s, v19.4s
[5,11]    .    .    .    .    .    .    .    .    .    .    .   DeeeeeeeeE----------R.   .   ld2	{ v4.4s, v5.4s }, [x2]
[5,12]    .    .    .    .    .    .    .    .    .    .    .   D===========eeeeE---R.   .   fmla	v25.4s, v3.4s, v18.4s
[5,13]    .    .    .    .    .    .    .    .    .    .    .   D=============eeeeE-R.   .   fmls	v25.4s, v2.4s, v19.4s
[5,14]    .    .    .    .    .    .    .    .    .    .    .    DeeeeeeeeE---------R.   .   ld2	{ v20.4s, v21.4s }, [x6]
[5,15]    .    .    .    .    .    .    .    .    .    .    .    D============eeeeE-R.   .   fmla	v24.4s, v4.4s, v20.4s
[5,16]    .    .    .    .    .    .    .    .    .    .    .    D==============eeeeER   .   fmla	v24.4s, v5.4s, v21.4s
[5,17]    .    .    .    .    .    .    .    .    .    .    .    .DeeeeeeeeE---------R   .   ld2	{ v6.4s, v7.4s }, [x3]
[5,18]    .    .    .    .    .    .    .    .    .    .    .    .D=============eeeeER   .   fmla	v25.4s, v5.4s, v20.4s
[5,19]    .    .    .    .    .    .    .    .    .    .    .    .D===============eeeeER .   fmls	v25.4s, v4.4s, v21.4s
[5,20]    .    .    .    .    .    .    .    .    .    .    .    . DeeeeeeeeE----------R .   ld2	{ v22.4s, v23.4s }, [x7]
[5,21]    .    .    .    .    .    .    .    .    .    .    .    . D==============eeeeER .   fmla	v24.4s, v6.4s, v22.4s
[5,22]    .    .    .    .    .    .    .    .    .    .    .    . D================eeeeER   fmla	v24.4s, v7.4s, v23.4s
[5,23]    .    .    .    .    .    .    .    .    .    .    .    .  D===============eeeeER   fmla	v25.4s, v7.4s, v22.4s
Truncated display due to cycle limit


Average Wait times (based on the timeline view):
[0]: Executions
[1]: Average time spent waiting in a scheduler's queue
[2]: Average time spent waiting in a scheduler's queue while ready
[3]: Average time elapsed from WB until retire stage

      [0]    [1]    [2]    [3]
0.     10    1.4    1.4    12.6      ld2	{ v0.4s, v1.4s }, [x0]
1.     10    1.0    1.0    17.0      ldr	x8, [sp]
2.     10    1.8    1.8    11.3      ld2	{ v16.4s, v17.4s }, [x4]
3.     10    10.1   0.3    8.3       fmul	v24.4s, v0.4s, v16.4s
4.     10    11.3   0.2    6.3       fmla	v24.4s, v1.4s, v17.4s
5.     10    1.6    1.6    11.0      ld2	{ v2.4s, v3.4s }, [x1]
6.     10    9.6    0.8    8.0       fmul	v25.4s, v1.4s, v16.4s
7.     10    11.4   0.8    5.2       fmls	v25.4s, v0.4s, v17.4s
8.     10    1.7    1.7    9.9       ld2	{ v18.4s, v19.4s }, [x5]
9.     10    11.5   0.2    4.3       fmla	v24.4s, v2.4s, v18.4s
10.    10    13.5   0.0    2.5       fmla	v24.4s, v3.4s, v19.4s
11.    10    1.4    1.4    9.6       ld2	{ v4.4s, v5.4s }, [x2]
12.    10    11.5   0.1    3.5       fmla	v25.4s, v3.4s, v18.4s
13.    10    13.5   0.0    1.5       fmls	v25.4s, v2.4s, v19.4s
14.    10    1.4    1.4    8.6       ld2	{ v20.4s, v21.4s }, [x6]
15.    10    13.5   0.0    1.1       fmla	v24.4s, v4.4s, v20.4s
16.    10    15.5   0.0    0.3       fmla	v24.4s, v5.4s, v21.4s
17.    10    1.2    1.2    9.6       ld2	{ v6.4s, v7.4s }, [x3]
18.    10    13.5   0.0    1.3       fmla	v25.4s, v5.4s, v20.4s
19.    10    15.5   0.0    0.0       fmls	v25.4s, v4.4s, v21.4s
20.    10    1.3    1.3    9.2       ld2	{ v22.4s, v23.4s }, [x7]
21.    10    15.5   0.0    0.0       fmla	v24.4s, v6.4s, v22.4s
22.    10    17.5   0.0    0.0       fmla	v24.4s, v7.4s, v23.4s
23.    10    15.5   0.0    1.0       fmla	v25.4s, v7.4s, v22.4s
24.    10    17.5   0.0    0.0       fmls	v25.4s, v6.4s, v23.4s
25.    10    20.5   0.0    0.0       st2	{ v24.4s, v25.4s }, [x8]
       260   9.6    0.6    5.5       <total>