armv8-a clang 23.1.0
-O3 -std=c++17 -mcpu=neoverse-v2

[0] Code Region - mrc4_sve

Iterations:        100
Instructions:      4500
Total Cycles:      2224
Total uOps:        12300

Dispatch Width:    6
uOps Per Cycle:    5.53
IPC:               2.02
Block RThroughput: 20.5


Instruction Info:
[1]: #uOps
[2]: Latency
[3]: RThroughput
[4]: MayLoad
[5]: MayStore
[6]: HasSideEffects (U)

[1]    [2]    [3]    [4]    [5]    [6]    Instructions:
 1      0     0.17                        movi	v1.2d, #0000000000000000
 1      0     0.17                        movi	v16.2d, #0000000000000000
 5      9     1.00    *                   ld1w	{ z2.s }, p0/z, [x0, z0.s, uxtw]
 5      9     1.00    *                   ld1w	{ z3.s }, p0/z, [x8, z0.s, uxtw]
 1      1     0.17                        add	x8, x4, #4
 5      9     1.00    *                   ld1w	{ z4.s }, p0/z, [x4, z0.s, uxtw]
 1      4     0.25                        fmla	z16.s, p0/m, z4.s, z2.s
 5      9     1.00    *                   ld1w	{ z5.s }, p0/z, [x8, z0.s, uxtw]
 1      1     0.17                        add	x8, x1, #4
 5      9     1.00    *                   ld1w	{ z6.s }, p0/z, [x1, z0.s, uxtw]
 1      4     0.25                        fmla	z1.s, p0/m, z4.s, z3.s
 5      9     1.00    *                   ld1w	{ z7.s }, p0/z, [x8, z0.s, uxtw]
 1      1     0.17                        add	x8, x5, #4
 5      9     1.00    *                   ld1w	{ z17.s }, p0/z, [x5, z0.s, uxtw]
 1      4     0.25                        fmla	z16.s, p0/m, z5.s, z3.s
 5      9     1.00    *                   ld1w	{ z18.s }, p0/z, [x8, z0.s, uxtw]
 1      1     0.17                        add	x8, x2, #4
 1      4     0.25                        fmls	z1.s, p0/m, z5.s, z2.s
 5      9     1.00    *                   ld1w	{ z2.s }, p0/z, [x2, z0.s, uxtw]
 5      9     1.00    *                   ld1w	{ z3.s }, p0/z, [x8, z0.s, uxtw]
 1      1     0.17                        add	x8, x6, #4
 5      9     1.00    *                   ld1w	{ z4.s }, p0/z, [x6, z0.s, uxtw]
 1      4     0.25                        fmla	z16.s, p0/m, z17.s, z6.s
 1      4     0.25                        fmla	z1.s, p0/m, z17.s, z7.s
 5      9     1.00    *                   ld1w	{ z5.s }, p0/z, [x8, z0.s, uxtw]
 1      1     0.17                        add	x8, x3, #4
 1      4     0.25                        fmla	z16.s, p0/m, z18.s, z7.s
 1      4     0.25                        fmls	z1.s, p0/m, z18.s, z6.s
 1      4     0.25                        fmla	z16.s, p0/m, z4.s, z2.s
 1      4     0.25                        fmla	z1.s, p0/m, z4.s, z3.s
 1      4     0.25                        fmla	z16.s, p0/m, z5.s, z3.s
 5      9     1.00    *                   ld1w	{ z6.s }, p0/z, [x3, z0.s, uxtw]
 1      4     0.25                        fmls	z1.s, p0/m, z5.s, z2.s
 5      9     1.00    *                   ld1w	{ z7.s }, p0/z, [x8, z0.s, uxtw]
 1      1     0.17                        add	x8, x7, #4
 5      9     1.00    *                   ld1w	{ z4.s }, p0/z, [x7, z0.s, uxtw]
 1      4     0.25                        fmla	z16.s, p0/m, z4.s, z6.s
 5      9     1.00    *                   ld1w	{ z17.s }, p0/z, [x8, z0.s, uxtw]
 1      4     0.25                        fmla	z1.s, p0/m, z4.s, z7.s
 1      4     0.33    *                   ldr	x8, [sp]
 1      4     0.25                        fmla	z16.s, p0/m, z17.s, z7.s
 1      4     0.25                        fmls	z1.s, p0/m, z17.s, z6.s
 8      4     2.00           *            st1w	{ z16.s }, p0, [x8, z0.s, uxtw]
 1      1     0.17                        add	x8, x8, #4
 8      4     2.00           *            st1w	{ z1.s }, p0, [x8, z0.s, uxtw]


Resources:
[0.0] - V2UnitB
[0.1] - V2UnitB
[1.0] - V2UnitD
[1.1] - V2UnitD
[2.0] - V2UnitFlg
[2.1] - V2UnitFlg
[2.2] - V2UnitFlg
[3]   - V2UnitL2
[4.0] - V2UnitL01
[4.1] - V2UnitL01
[5]   - V2UnitM0
[6]   - V2UnitM1
[7]   - V2UnitS0
[8]   - V2UnitS1
[9]   - V2UnitS2
[10]  - V2UnitS3
[11]  - V2UnitV0
[12]  - V2UnitV1
[13]  - V2UnitV2
[14]  - V2UnitV3


Resource pressure per iteration:
[0.0]  [0.1]  [1.0]  [1.1]  [2.0]  [2.1]  [2.2]  [3]    [4.0]  [4.1]  [5]    [6]    [7]    [8]    [9]    [10]   [11]   [12]   [13]   [14]   
 -      -      -      -      -      -      -     5.01   10.00  9.99   1.33   1.33   1.33   1.33   1.34   1.34   22.00  22.07  21.94  21.99  

Resource pressure by instruction:
[0.0]  [0.1]  [1.0]  [1.1]  [2.0]  [2.1]  [2.2]  [3]    [4.0]  [4.1]  [5]    [6]    [7]    [8]    [9]    [10]   [11]   [12]   [13]   [14]   Instructions:
 -      -      -      -      -      -      -      -      -      -      -      -      -      -      -      -      -      -      -      -     movi	v1.2d, #0000000000000000
 -      -      -      -      -      -      -      -      -      -      -      -      -      -      -      -      -      -      -      -     movi	v16.2d, #0000000000000000
 -      -      -      -      -      -      -     0.05   0.91   0.04    -      -      -      -      -      -     3.60   0.12   0.16   0.12   ld1w	{ z2.s }, p0/z, [x0, z0.s, uxtw]
 -      -      -      -      -      -      -     0.87   0.09   0.04    -      -      -      -      -      -     0.12   0.28   3.48   0.12   ld1w	{ z3.s }, p0/z, [x8, z0.s, uxtw]
 -      -      -      -      -      -      -      -      -      -      -     0.33    -     0.33    -     0.34    -      -      -      -     add	x8, x4, #4
 -      -      -      -      -      -      -     0.03   0.01   0.96    -      -      -      -      -      -     0.24   3.60   0.12   0.04   ld1w	{ z4.s }, p0/z, [x4, z0.s, uxtw]
 -      -      -      -      -      -      -      -      -      -      -      -      -      -      -      -     0.03   0.88   0.03   0.06   fmla	z16.s, p0/m, z4.s, z2.s
 -      -      -      -      -      -      -     0.04   0.96    -      -      -      -      -      -      -     3.52    -     0.08   0.40   ld1w	{ z5.s }, p0/z, [x8, z0.s, uxtw]
 -      -      -      -      -      -      -      -      -      -     0.33    -     0.33    -     0.34    -      -      -      -      -     add	x8, x1, #4
 -      -      -      -      -      -      -     0.90   0.03   0.07    -      -      -      -      -      -     0.04   0.12   0.28   3.56   ld1w	{ z6.s }, p0/z, [x1, z0.s, uxtw]
 -      -      -      -      -      -      -      -      -      -      -      -      -      -      -      -     0.87   0.04   0.03   0.06   fmla	z1.s, p0/m, z4.s, z3.s
 -      -      -      -      -      -      -     0.02   0.05   0.93    -      -      -      -      -      -     0.12   0.28   3.56   0.04   ld1w	{ z7.s }, p0/z, [x8, z0.s, uxtw]
 -      -      -      -      -      -      -      -      -      -      -     0.33    -     0.34    -     0.33    -      -      -      -     add	x8, x5, #4
 -      -      -      -      -      -      -     0.03   0.93   0.04    -      -      -      -      -      -     0.16   0.04   0.20   3.60   ld1w	{ z17.s }, p0/z, [x5, z0.s, uxtw]
 -      -      -      -      -      -      -      -      -      -      -      -      -      -      -      -      -      -     0.90   0.10   fmla	z16.s, p0/m, z5.s, z3.s
 -      -      -      -      -      -      -     0.03   0.05   0.92    -      -      -      -      -      -     0.12   3.68   0.08   0.12   ld1w	{ z18.s }, p0/z, [x8, z0.s, uxtw]
 -      -      -      -      -      -      -      -      -      -     0.33    -     0.34    -     0.33    -      -      -      -      -     add	x8, x2, #4
 -      -      -      -      -      -      -      -      -      -      -      -      -      -      -      -     0.01   0.01   0.08   0.90   fmls	z1.s, p0/m, z5.s, z2.s
 -      -      -      -      -      -      -     0.01   0.93   0.06    -      -      -      -      -      -     3.64   0.08   0.12   0.16   ld1w	{ z2.s }, p0/z, [x2, z0.s, uxtw]
 -      -      -      -      -      -      -     0.93   0.06   0.01    -      -      -      -      -      -     0.04   0.16   3.60   0.20   ld1w	{ z3.s }, p0/z, [x8, z0.s, uxtw]
 -      -      -      -      -      -      -      -      -      -      -     0.34    -     0.33    -     0.33    -      -      -      -     add	x8, x6, #4
 -      -      -      -      -      -      -     0.07    -     0.93    -      -      -      -      -      -     0.20   0.12   0.16   3.52   ld1w	{ z4.s }, p0/z, [x6, z0.s, uxtw]
 -      -      -      -      -      -      -      -      -      -      -      -      -      -      -      -     0.02   0.01   0.09   0.88   fmla	z16.s, p0/m, z17.s, z6.s
 -      -      -      -      -      -      -      -      -      -      -      -      -      -      -      -     0.03   0.03   0.05   0.89   fmla	z1.s, p0/m, z17.s, z7.s
 -      -      -      -      -      -      -     0.04   0.93   0.03    -      -      -      -      -      -     0.12   3.52   0.12   0.24   ld1w	{ z5.s }, p0/z, [x8, z0.s, uxtw]
 -      -      -      -      -      -      -      -      -      -     0.34    -     0.33    -     0.33    -      -      -      -      -     add	x8, x3, #4
 -      -      -      -      -      -      -      -      -      -      -      -      -      -      -      -     0.03   0.03   0.04   0.90   fmla	z16.s, p0/m, z18.s, z7.s
 -      -      -      -      -      -      -      -      -      -      -      -      -      -      -      -     0.03   0.04   0.88   0.05   fmls	z1.s, p0/m, z18.s, z6.s
 -      -      -      -      -      -      -      -      -      -      -      -      -      -      -      -     0.02   0.05   0.91   0.02   fmla	z16.s, p0/m, z4.s, z2.s
 -      -      -      -      -      -      -      -      -      -      -      -      -      -      -      -     0.03   0.07   0.89   0.01   fmla	z1.s, p0/m, z4.s, z3.s
 -      -      -      -      -      -      -      -      -      -      -      -      -      -      -      -     0.03   0.04   0.91   0.02   fmla	z16.s, p0/m, z5.s, z3.s
 -      -      -      -      -      -      -     0.03   0.03   0.94    -      -      -      -      -      -     3.60   0.08   0.24   0.08   ld1w	{ z6.s }, p0/z, [x3, z0.s, uxtw]
 -      -      -      -      -      -      -      -      -      -      -      -      -      -      -      -     0.05   0.02   0.04   0.89   fmls	z1.s, p0/m, z5.s, z2.s
 -      -      -      -      -      -      -     0.07   0.92   0.01    -      -      -      -      -      -     0.08   0.20   3.52   0.20   ld1w	{ z7.s }, p0/z, [x8, z0.s, uxtw]
 -      -      -      -      -      -      -      -      -      -      -     0.33    -     0.33    -     0.34    -      -      -      -     add	x8, x7, #4
 -      -      -      -      -      -      -     0.90   0.06   0.04    -      -      -      -      -      -     0.12   0.08   0.24   3.56   ld1w	{ z4.s }, p0/z, [x7, z0.s, uxtw]
 -      -      -      -      -      -      -      -      -      -      -      -      -      -      -      -     0.07   0.87   0.02   0.04   fmla	z16.s, p0/m, z4.s, z6.s
 -      -      -      -      -      -      -     0.02   0.03   0.95    -      -      -      -      -      -     0.08   3.56   0.12   0.24   ld1w	{ z17.s }, p0/z, [x8, z0.s, uxtw]
 -      -      -      -      -      -      -      -      -      -      -      -      -      -      -      -     0.91   0.01   0.04   0.04   fmla	z1.s, p0/m, z4.s, z7.s
 -      -      -      -      -      -      -     0.97   0.01   0.02    -      -      -      -      -      -      -      -      -      -     ldr	x8, [sp]
 -      -      -      -      -      -      -      -      -      -      -      -      -      -      -      -     0.04   0.02   0.91   0.03   fmla	z16.s, p0/m, z17.s, z7.s
 -      -      -      -      -      -      -      -      -      -      -      -      -      -      -      -     0.03   0.03   0.04   0.90   fmls	z1.s, p0/m, z17.s, z6.s
 -      -      -      -      -      -      -      -     0.36   3.64    -      -      -      -      -      -     3.60   0.40    -      -     st1w	{ z16.s }, p0, [x8, z0.s, uxtw]
 -      -      -      -      -      -      -      -      -      -     0.33    -     0.33    -     0.34    -      -      -      -      -     add	x8, x8, #4
 -      -      -      -      -      -      -      -     3.64   0.36    -      -      -      -      -      -     0.40   3.60    -      -     st1w	{ z1.s }, p0, [x8, z0.s, uxtw]


Timeline view:
                    0123456789          0123456789          0123456789          0123456789
Index     0123456789          0123456789          0123456789          0123456789          

[0,0]     DR   .    .    .    .    .    .    .    .    .    .    .    .    .    .    .   .   movi	v1.2d, #0000000000000000
[0,1]     DR   .    .    .    .    .    .    .    .    .    .    .    .    .    .    .   .   movi	v16.2d, #0000000000000000
[0,2]     .DeeeeeeeeeER  .    .    .    .    .    .    .    .    .    .    .    .    .   .   ld1w	{ z2.s }, p0/z, [x0, z0.s, uxtw]
[0,3]     . DeeeeeeeeeER .    .    .    .    .    .    .    .    .    .    .    .    .   .   ld1w	{ z3.s }, p0/z, [x8, z0.s, uxtw]
[0,4]     . DeE--------R .    .    .    .    .    .    .    .    .    .    .    .    .   .   add	x8, x4, #4
[0,5]     .  DeeeeeeeeeER.    .    .    .    .    .    .    .    .    .    .    .    .   .   ld1w	{ z4.s }, p0/z, [x4, z0.s, uxtw]
[0,6]     .  D=========eeeeER .    .    .    .    .    .    .    .    .    .    .    .   .   fmla	z16.s, p0/m, z4.s, z2.s
[0,7]     .   DeeeeeeeeeE---R .    .    .    .    .    .    .    .    .    .    .    .   .   ld1w	{ z5.s }, p0/z, [x8, z0.s, uxtw]
[0,8]     .   DeE-----------R .    .    .    .    .    .    .    .    .    .    .    .   .   add	x8, x1, #4
[0,9]     .    DeeeeeeeeeE--R .    .    .    .    .    .    .    .    .    .    .    .   .   ld1w	{ z6.s }, p0/z, [x1, z0.s, uxtw]
[0,10]    .    D========eeeeER.    .    .    .    .    .    .    .    .    .    .    .   .   fmla	z1.s, p0/m, z4.s, z3.s
[0,11]    .    .DeeeeeeeeeE--R.    .    .    .    .    .    .    .    .    .    .    .   .   ld1w	{ z7.s }, p0/z, [x8, z0.s, uxtw]
[0,12]    .    .DeE----------R.    .    .    .    .    .    .    .    .    .    .    .   .   add	x8, x5, #4
[0,13]    .    . DeeeeeeeeeE-R.    .    .    .    .    .    .    .    .    .    .    .   .   ld1w	{ z17.s }, p0/z, [x5, z0.s, uxtw]
[0,14]    .    . D=======eeeeER    .    .    .    .    .    .    .    .    .    .    .   .   fmla	z16.s, p0/m, z5.s, z3.s
[0,15]    .    .  DeeeeeeeeeE-R    .    .    .    .    .    .    .    .    .    .    .   .   ld1w	{ z18.s }, p0/z, [x8, z0.s, uxtw]
[0,16]    .    .  DeE---------R    .    .    .    .    .    .    .    .    .    .    .   .   add	x8, x2, #4
[0,17]    .    .   D======eeeeER   .    .    .    .    .    .    .    .    .    .    .   .   fmls	z1.s, p0/m, z5.s, z2.s
[0,18]    .    .   DeeeeeeeeeE-R   .    .    .    .    .    .    .    .    .    .    .   .   ld1w	{ z2.s }, p0/z, [x2, z0.s, uxtw]
[0,19]    .    .    DeeeeeeeeeER   .    .    .    .    .    .    .    .    .    .    .   .   ld1w	{ z3.s }, p0/z, [x8, z0.s, uxtw]
[0,20]    .    .    DeE--------R   .    .    .    .    .    .    .    .    .    .    .   .   add	x8, x6, #4
[0,21]    .    .    .DeeeeeeeeeER  .    .    .    .    .    .    .    .    .    .    .   .   ld1w	{ z4.s }, p0/z, [x6, z0.s, uxtw]
[0,22]    .    .    .D=====eeeeER  .    .    .    .    .    .    .    .    .    .    .   .   fmla	z16.s, p0/m, z17.s, z6.s
[0,23]    .    .    . D=====eeeeER .    .    .    .    .    .    .    .    .    .    .   .   fmla	z1.s, p0/m, z17.s, z7.s
[0,24]    .    .    . D=eeeeeeeeeER.    .    .    .    .    .    .    .    .    .    .   .   ld1w	{ z5.s }, p0/z, [x8, z0.s, uxtw]
[0,25]    .    .    .  DeE--------R.    .    .    .    .    .    .    .    .    .    .   .   add	x8, x3, #4
[0,26]    .    .    .  D=====eeeeER.    .    .    .    .    .    .    .    .    .    .   .   fmla	z16.s, p0/m, z18.s, z7.s
[0,27]    .    .    .  D======eeeeER    .    .    .    .    .    .    .    .    .    .   .   fmls	z1.s, p0/m, z18.s, z6.s
[0,28]    .    .    .  D=======eeeeER   .    .    .    .    .    .    .    .    .    .   .   fmla	z16.s, p0/m, z4.s, z2.s
[0,29]    .    .    .  D========eeeeER  .    .    .    .    .    .    .    .    .    .   .   fmla	z1.s, p0/m, z4.s, z3.s
[0,30]    .    .    .  D=========eeeeER .    .    .    .    .    .    .    .    .    .   .   fmla	z16.s, p0/m, z5.s, z3.s
[0,31]    .    .    .   DeeeeeeeeeE---R .    .    .    .    .    .    .    .    .    .   .   ld1w	{ z6.s }, p0/z, [x3, z0.s, uxtw]
[0,32]    .    .    .   D=========eeeeER.    .    .    .    .    .    .    .    .    .   .   fmls	z1.s, p0/m, z5.s, z2.s
[0,33]    .    .    .    DeeeeeeeeeE---R.    .    .    .    .    .    .    .    .    .   .   ld1w	{ z7.s }, p0/z, [x8, z0.s, uxtw]
[0,34]    .    .    .    DeE-----------R.    .    .    .    .    .    .    .    .    .   .   add	x8, x7, #4
[0,35]    .    .    .    .D=eeeeeeeeeE-R.    .    .    .    .    .    .    .    .    .   .   ld1w	{ z4.s }, p0/z, [x7, z0.s, uxtw]
[0,36]    .    .    .    .D==========eeeeER  .    .    .    .    .    .    .    .    .   .   fmla	z16.s, p0/m, z4.s, z6.s
[0,37]    .    .    .    . D=eeeeeeeeeE---R  .    .    .    .    .    .    .    .    .   .   ld1w	{ z17.s }, p0/z, [x8, z0.s, uxtw]
[0,38]    .    .    .    . D==========eeeeER .    .    .    .    .    .    .    .    .   .   fmla	z1.s, p0/m, z4.s, z7.s
[0,39]    .    .    .    .  DeeeeE---------R .    .    .    .    .    .    .    .    .   .   ldr	x8, [sp]
[0,40]    .    .    .    .  D==========eeeeER.    .    .    .    .    .    .    .    .   .   fmla	z16.s, p0/m, z17.s, z7.s
[0,41]    .    .    .    .  D===========eeeeER    .    .    .    .    .    .    .    .   .   fmls	z1.s, p0/m, z17.s, z6.s
[0,42]    .    .    .    .   D=============eeeeER .    .    .    .    .    .    .    .   .   st1w	{ z16.s }, p0, [x8, z0.s, uxtw]
[0,43]    .    .    .    .    D==eE-------------R .    .    .    .    .    .    .    .   .   add	x8, x8, #4
[0,44]    .    .    .    .    .D=============eeeeER    .    .    .    .    .    .    .   .   st1w	{ z1.s }, p0, [x8, z0.s, uxtw]
[1,0]     .    .    .    .    . D-----------------R    .    .    .    .    .    .    .   .   movi	v1.2d, #0000000000000000
[1,1]     .    .    .    .    . D-----------------R    .    .    .    .    .    .    .   .   movi	v16.2d, #0000000000000000
[1,2]     .    .    .    .    .  DeeeeeeeeeE------R    .    .    .    .    .    .    .   .   ld1w	{ z2.s }, p0/z, [x0, z0.s, uxtw]
[1,3]     .    .    .    .    .   DeeeeeeeeeE-----R    .    .    .    .    .    .    .   .   ld1w	{ z3.s }, p0/z, [x8, z0.s, uxtw]
[1,4]     .    .    .    .    .   DeE-------------R    .    .    .    .    .    .    .   .   add	x8, x4, #4
[1,5]     .    .    .    .    .    DeeeeeeeeeE----R    .    .    .    .    .    .    .   .   ld1w	{ z4.s }, p0/z, [x4, z0.s, uxtw]
[1,6]     .    .    .    .    .    D==========eeeeER   .    .    .    .    .    .    .   .   fmla	z16.s, p0/m, z4.s, z2.s
[1,7]     .    .    .    .    .    .D=eeeeeeeeeE---R   .    .    .    .    .    .    .   .   ld1w	{ z5.s }, p0/z, [x8, z0.s, uxtw]
[1,8]     .    .    .    .    .    .DeE------------R   .    .    .    .    .    .    .   .   add	x8, x1, #4
[1,9]     .    .    .    .    .    . D=eeeeeeeeeE--R   .    .    .    .    .    .    .   .   ld1w	{ z6.s }, p0/z, [x1, z0.s, uxtw]
[1,10]    .    .    .    .    .    . D=========eeeeER  .    .    .    .    .    .    .   .   fmla	z1.s, p0/m, z4.s, z3.s
[1,11]    .    .    .    .    .    .  D=eeeeeeeeeE--R  .    .    .    .    .    .    .   .   ld1w	{ z7.s }, p0/z, [x8, z0.s, uxtw]
[1,12]    .    .    .    .    .    .  DeE-----------R  .    .    .    .    .    .    .   .   add	x8, x5, #4
[1,13]    .    .    .    .    .    .   D=eeeeeeeeeE-R  .    .    .    .    .    .    .   .   ld1w	{ z17.s }, p0/z, [x5, z0.s, uxtw]
[1,14]    .    .    .    .    .    .   D========eeeeER .    .    .    .    .    .    .   .   fmla	z16.s, p0/m, z5.s, z3.s
[1,15]    .    .    .    .    .    .    D=eeeeeeeeeE-R .    .    .    .    .    .    .   .   ld1w	{ z18.s }, p0/z, [x8, z0.s, uxtw]
[1,16]    .    .    .    .    .    .    DeE----------R .    .    .    .    .    .    .   .   add	x8, x2, #4
[1,17]    .    .    .    .    .    .    .D=======eeeeER.    .    .    .    .    .    .   .   fmls	z1.s, p0/m, z5.s, z2.s
[1,18]    .    .    .    .    .    .    .D==eeeeeeeeeER.    .    .    .    .    .    .   .   ld1w	{ z2.s }, p0/z, [x2, z0.s, uxtw]
[1,19]    .    .    .    .    .    .    . D====eeeeeeeeeER  .    .    .    .    .    .   .   ld1w	{ z3.s }, p0/z, [x8, z0.s, uxtw]
[1,20]    .    .    .    .    .    .    . DeE------------R  .    .    .    .    .    .   .   add	x8, x6, #4
[1,21]    .    .    .    .    .    .    .  D====eeeeeeeeeER .    .    .    .    .    .   .   ld1w	{ z4.s }, p0/z, [x6, z0.s, uxtw]
[1,22]    .    .    .    .    .    .    .  D======eeeeE---R .    .    .    .    .    .   .   fmla	z16.s, p0/m, z17.s, z6.s
[1,23]    .    .    .    .    .    .    .   D======eeeeE--R .    .    .    .    .    .   .   fmla	z1.s, p0/m, z17.s, z7.s
[1,24]    .    .    .    .    .    .    .   D====eeeeeeeeeER.    .    .    .    .    .   .   ld1w	{ z5.s }, p0/z, [x8, z0.s, uxtw]
[1,25]    .    .    .    .    .    .    .    DeE-----------R.    .    .    .    .    .   .   add	x8, x3, #4
[1,26]    .    .    .    .    .    .    .    D======eeeeE--R.    .    .    .    .    .   .   fmla	z16.s, p0/m, z18.s, z7.s
[1,27]    .    .    .    .    .    .    .    D=======eeeeE-R.    .    .    .    .    .   .   fmls	z1.s, p0/m, z18.s, z6.s
[1,28]    .    .    .    .    .    .    .    D===========eeeeER  .    .    .    .    .   .   fmla	z16.s, p0/m, z4.s, z2.s
[1,29]    .    .    .    .    .    .    .    D===========eeeeER  .    .    .    .    .   .   fmla	z1.s, p0/m, z4.s, z3.s
[1,30]    .    .    .    .    .    .    .    D=============eeeeER.    .    .    .    .   .   fmla	z16.s, p0/m, z5.s, z3.s
[1,31]    .    .    .    .    .    .    .    .D====eeeeeeeeeE---R.    .    .    .    .   .   ld1w	{ z6.s }, p0/z, [x3, z0.s, uxtw]
[1,32]    .    .    .    .    .    .    .    .D=============eeeeER    .    .    .    .   .   fmls	z1.s, p0/m, z5.s, z2.s
[1,33]    .    .    .    .    .    .    .    . D====eeeeeeeeeE---R    .    .    .    .   .   ld1w	{ z7.s }, p0/z, [x8, z0.s, uxtw]
[1,34]    .    .    .    .    .    .    .    . DeE---------------R    .    .    .    .   .   add	x8, x7, #4
[1,35]    .    .    .    .    .    .    .    .  D====eeeeeeeeeE--R    .    .    .    .   .   ld1w	{ z4.s }, p0/z, [x7, z0.s, uxtw]
[1,36]    .    .    .    .    .    .    .    .  D=============eeeeER  .    .    .    .   .   fmla	z16.s, p0/m, z4.s, z6.s
[1,37]    .    .    .    .    .    .    .    .   D====eeeeeeeeeE---R  .    .    .    .   .   ld1w	{ z17.s }, p0/z, [x8, z0.s, uxtw]
[1,38]    .    .    .    .    .    .    .    .   D============eeeeER  .    .    .    .   .   fmla	z1.s, p0/m, z4.s, z7.s
[1,39]    .    .    .    .    .    .    .    .    DeeeeE-----------R  .    .    .    .   .   ldr	x8, [sp]
[1,40]    .    .    .    .    .    .    .    .    D=============eeeeER.    .    .    .   .   fmla	z16.s, p0/m, z17.s, z7.s
[1,41]    .    .    .    .    .    .    .    .    D==============eeeeER    .    .    .   .   fmls	z1.s, p0/m, z17.s, z6.s
[1,42]    .    .    .    .    .    .    .    .    .D================eeeeER .    .    .   .   st1w	{ z16.s }, p0, [x8, z0.s, uxtw]
[1,43]    .    .    .    .    .    .    .    .    . D==eE----------------R .    .    .   .   add	x8, x8, #4
[1,44]    .    .    .    .    .    .    .    .    .  D================eeeeER    .    .   .   st1w	{ z1.s }, p0, [x8, z0.s, uxtw]
[2,0]     .    .    .    .    .    .    .    .    .   D--------------------R    .    .   .   movi	v1.2d, #0000000000000000
[2,1]     .    .    .    .    .    .    .    .    .   D--------------------R    .    .   .   movi	v16.2d, #0000000000000000
[2,2]     .    .    .    .    .    .    .    .    .    DeeeeeeeeeE---------R    .    .   .   ld1w	{ z2.s }, p0/z, [x0, z0.s, uxtw]
[2,3]     .    .    .    .    .    .    .    .    .    .D=eeeeeeeeeE-------R    .    .   .   ld1w	{ z3.s }, p0/z, [x8, z0.s, uxtw]
[2,4]     .    .    .    .    .    .    .    .    .    .DeE----------------R    .    .   .   add	x8, x4, #4
[2,5]     .    .    .    .    .    .    .    .    .    . DeeeeeeeeeE-------R    .    .   .   ld1w	{ z4.s }, p0/z, [x4, z0.s, uxtw]
[2,6]     .    .    .    .    .    .    .    .    .    . D=========eeeeE---R    .    .   .   fmla	z16.s, p0/m, z4.s, z2.s
[2,7]     .    .    .    .    .    .    .    .    .    .  D=eeeeeeeeeE-----R    .    .   .   ld1w	{ z5.s }, p0/z, [x8, z0.s, uxtw]
[2,8]     .    .    .    .    .    .    .    .    .    .  DeE--------------R    .    .   .   add	x8, x1, #4
[2,9]     .    .    .    .    .    .    .    .    .    .   D=eeeeeeeeeE----R    .    .   .   ld1w	{ z6.s }, p0/z, [x1, z0.s, uxtw]
[2,10]    .    .    .    .    .    .    .    .    .    .   D=======eeeeE---R    .    .   .   fmla	z1.s, p0/m, z4.s, z3.s
[2,11]    .    .    .    .    .    .    .    .    .    .    D==eeeeeeeeeE--R    .    .   .   ld1w	{ z7.s }, p0/z, [x8, z0.s, uxtw]
[2,12]    .    .    .    .    .    .    .    .    .    .    DeE------------R    .    .   .   add	x8, x5, #4
[2,13]    .    .    .    .    .    .    .    .    .    .    .D=eeeeeeeeeE--R    .    .   .   ld1w	{ z17.s }, p0/z, [x5, z0.s, uxtw]
[2,14]    .    .    .    .    .    .    .    .    .    .    .D=======eeeeE-R    .    .   .   fmla	z16.s, p0/m, z5.s, z3.s
[2,15]    .    .    .    .    .    .    .    .    .    .    . D==eeeeeeeeeER    .    .   .   ld1w	{ z18.s }, p0/z, [x8, z0.s, uxtw]
[2,16]    .    .    .    .    .    .    .    .    .    .    . DeE----------R    .    .   .   add	x8, x2, #4
[2,17]    .    .    .    .    .    .    .    .    .    .    .  D======eeeeER    .    .   .   fmls	z1.s, p0/m, z5.s, z2.s
[2,18]    .    .    .    .    .    .    .    .    .    .    .  D==eeeeeeeeeER   .    .   .   ld1w	{ z2.s }, p0/z, [x2, z0.s, uxtw]
[2,19]    .    .    .    .    .    .    .    .    .    .    .   D===eeeeeeeeeER .    .   .   ld1w	{ z3.s }, p0/z, [x8, z0.s, uxtw]
[2,20]    .    .    .    .    .    .    .    .    .    .    .   DeE-----------R .    .   .   add	x8, x6, #4
[2,21]    .    .    .    .    .    .    .    .    .    .    .    D=====eeeeeeeeeER   .   .   ld1w	{ z4.s }, p0/z, [x6, z0.s, uxtw]
[2,22]    .    .    .    .    .    .    .    .    .    .    .    D======eeeeE----R   .   .   fmla	z16.s, p0/m, z17.s, z6.s
[2,23]    .    .    .    .    .    .    .    .    .    .    .    .D=====eeeeE----R   .   .   fmla	z1.s, p0/m, z17.s, z7.s
[2,24]    .    .    .    .    .    .    .    .    .    .    .    .D======eeeeeeeeeER .   .   ld1w	{ z5.s }, p0/z, [x8, z0.s, uxtw]
[2,25]    .    .    .    .    .    .    .    .    .    .    .    . DeE-------------R .   .   add	x8, x3, #4
[2,26]    .    .    .    .    .    .    .    .    .    .    .    . D======eeeeE----R .   .   fmla	z16.s, p0/m, z18.s, z7.s
[2,27]    .    .    .    .    .    .    .    .    .    .    .    . D=======eeeeE---R .   .   fmls	z1.s, p0/m, z18.s, z6.s
[2,28]    .    .    .    .    .    .    .    .    .    .    .    . D============eeeeER   .   fmla	z16.s, p0/m, z4.s, z2.s
[2,29]    .    .    .    .    .    .    .    .    .    .    .    . D=============eeeeER  .   fmla	z1.s, p0/m, z4.s, z3.s
[2,30]    .    .    .    .    .    .    .    .    .    .    .    . D==============eeeeER .   fmla	z16.s, p0/m, z5.s, z3.s
[2,31]    .    .    .    .    .    .    .    .    .    .    .    .  D====eeeeeeeeeE----R .   ld1w	{ z6.s }, p0/z, [x3, z0.s, uxtw]
[2,32]    .    .    .    .    .    .    .    .    .    .    .    .  D==============eeeeER.   fmls	z1.s, p0/m, z5.s, z2.s
[2,33]    .    .    .    .    .    .    .    .    .    .    .    .   D=====eeeeeeeeeE---R.   ld1w	{ z7.s }, p0/z, [x8, z0.s, uxtw]
[2,34]    .    .    .    .    .    .    .    .    .    .    .    .   DeE----------------R.   add	x8, x7, #4
[2,35]    .    .    .    .    .    .    .    .    .    .    .    .    D=====eeeeeeeeeE--R.   ld1w	{ z4.s }, p0/z, [x7, z0.s, uxtw]
Truncated display due to cycle limit


Average Wait times (based on the timeline view):
[0]: Executions
[1]: Average time spent waiting in a scheduler's queue
[2]: Average time spent waiting in a scheduler's queue while ready
[3]: Average time elapsed from WB until retire stage

      [0]    [1]    [2]    [3]
0.     10    0.0    0.0    19.3      movi	v1.2d, #0000000000000000
1.     10    0.0    0.0    19.3      movi	v16.2d, #0000000000000000
2.     10    1.8    1.8    8.6       ld1w	{ z2.s }, p0/z, [x0, z0.s, uxtw]
3.     10    1.7    1.5    7.8       ld1w	{ z3.s }, p0/z, [x8, z0.s, uxtw]
4.     10    1.0    1.0    16.5      add	x8, x4, #4
5.     10    1.8    1.8    6.8       ld1w	{ z4.s }, p0/z, [x4, z0.s, uxtw]
6.     10    11.2   0.4    2.9       fmla	z16.s, p0/m, z4.s, z2.s
7.     10    2.6    2.6    5.5       ld1w	{ z5.s }, p0/z, [x8, z0.s, uxtw]
8.     10    1.0    1.0    15.1      add	x8, x1, #4
9.     10    2.1    2.1    5.0       ld1w	{ z6.s }, p0/z, [x1, z0.s, uxtw]
10.    10    9.8    1.0    2.5       fmla	z1.s, p0/m, z4.s, z3.s
11.    10    2.4    2.4    3.9       ld1w	{ z7.s }, p0/z, [x8, z0.s, uxtw]
12.    10    1.0    1.0    13.3      add	x8, x5, #4
13.    10    2.9    2.9    2.5       ld1w	{ z17.s }, p0/z, [x5, z0.s, uxtw]
14.    10    10.6   1.0    0.5       fmla	z16.s, p0/m, z5.s, z3.s
15.    10    3.1    3.1    2.0       ld1w	{ z18.s }, p0/z, [x8, z0.s, uxtw]
16.    10    1.0    1.0    12.1      add	x8, x2, #4
17.    10    9.3    1.2    0.1       fmls	z1.s, p0/m, z5.s, z2.s
18.    10    3.2    3.2    1.4       ld1w	{ z2.s }, p0/z, [x2, z0.s, uxtw]
19.    10    3.7    3.7    0.5       ld1w	{ z3.s }, p0/z, [x8, z0.s, uxtw]
20.    10    1.0    1.0    11.2      add	x8, x6, #4
21.    10    4.1    4.1    0.2       ld1w	{ z4.s }, p0/z, [x6, z0.s, uxtw]
22.    10    8.8    0.0    0.8       fmla	z16.s, p0/m, z17.s, z6.s
23.    10    8.6    0.3    0.6       fmla	z1.s, p0/m, z17.s, z7.s
24.    10    5.5    5.5    0.4       ld1w	{ z5.s }, p0/z, [x8, z0.s, uxtw]
25.    10    1.0    1.0    11.9      add	x8, x3, #4
26.    10    8.9    0.1    1.3       fmla	z16.s, p0/m, z18.s, z7.s
27.    10    9.8    0.2    0.8       fmls	z1.s, p0/m, z18.s, z6.s
28.    10    11.7   0.0    0.0       fmla	z16.s, p0/m, z4.s, z2.s
29.    10    12.5   0.2    0.0       fmla	z1.s, p0/m, z4.s, z3.s
30.    10    14.7   0.4    0.0       fmla	z16.s, p0/m, z5.s, z3.s
31.    10    5.0    5.0    3.7       ld1w	{ z6.s }, p0/z, [x3, z0.s, uxtw]
32.    10    14.6   0.8    0.0       fmls	z1.s, p0/m, z5.s, z2.s
33.    10    5.5    5.5    3.1       ld1w	{ z7.s }, p0/z, [x8, z0.s, uxtw]
34.    10    1.0    1.0    15.6      add	x8, x7, #4
35.    10    6.0    6.0    1.8       ld1w	{ z4.s }, p0/z, [x7, z0.s, uxtw]
36.    10    15.2   0.2    0.0       fmla	z16.s, p0/m, z4.s, z6.s
37.    10    6.1    6.1    3.1       ld1w	{ z17.s }, p0/z, [x8, z0.s, uxtw]
38.    10    14.8   0.4    0.0       fmla	z1.s, p0/m, z4.s, z7.s
39.    10    1.2    1.2    12.6      ldr	x8, [sp]
40.    10    15.5   0.1    0.0       fmla	z16.s, p0/m, z17.s, z7.s
41.    10    16.3   0.5    0.0       fmls	z1.s, p0/m, z17.s, z6.s
42.    10    19.2   0.7    0.0       st1w	{ z16.s }, p0, [x8, z0.s, uxtw]
43.    10    3.2    0.0    18.0      add	x8, x8, #4
44.    10    18.8   1.2    0.0       st1w	{ z1.s }, p0, [x8, z0.s, uxtw]
       450   6.6    1.6    5.1       <total>